{\rtf1\ansi\ansicpg1252\cocoartf2867
\cocoatextscaling0\cocoaplatform0{\fonttbl\f0\fswiss\fcharset0 Helvetica;}
{\colortbl;\red255\green255\blue255;}
{\*\expandedcolortbl;;}
\paperw11900\paperh16840\margl1440\margr1440\vieww11520\viewh8400\viewkind0
\pard\tx720\tx1440\tx2160\tx2880\tx3600\tx4320\tx5040\tx5760\tx6480\tx7200\tx7920\tx8640\pardirnatural\partightenfactor0

\f0\fs24 \cf0 2026-01-30 18:26:52.858  3561-6777  WindowManager           system_server                        D  NFW_setClientVisible:ActivityRecord\{11978677 u0 com.ashhas.gamewatch/.MainActivity clientVisible:true\
2026-01-30 18:26:52.858  3561-6777  OplusCompa...gerService system_server                        D  getRequestedConfigurationOrientation  res:0,req:-1,config.old:0,config.new:0,ActivityRecord\{11978677 u0 com.ashhas.gamewatch/.MainActivity t-1\}\
2026-01-30 18:26:52.858  3561-6777  OplusCompa...gerService system_server                        D   onPreActivityRecordConfigurationChanged \{0.0 ?mcc??mnc ?localeList ?layoutDir ?swdp ?wdp ?hdp ?density ?lsize ?long ?ldr ?wideColorGamut ?orien ?uimode ?night ?touch ?keyb/?/? ?nav/? winConfig=\{ mBounds=Rect(0, 0 - 0, 0) mAppBounds=null mMaxBounds=Rect(0, 0 - 0, 0) mDisplayRotation=undefined mWindowingMode=undefined mActivityType=undefined mAlwaysOnTop=undefined mRotation=undefined\} ?fontWeightAdjustmentmThemeChanged= 0, mThemeChangedFlags= 0, mFlipFont= 0, mScenario= -1, mAccessibleChanged= 0, mUxIconConfig= 0, mMaterialColor= ffffffffffffffff, mUserId= -1, mFontUserId= -1, mFontVariationSettings= ffffffff, mFoldingAngle = -1.0, mIconPackName= , mDarkModeBackgroundMaxL= -1.0, mDarkModeDialogBgMaxL= -1.0, mDarkModeForegroundMinL= -1.0, mOplusConfigType= 0, mOplusChangedConfigs= 0, OpSans= -1, mBurmeseFontFlag= -1, mFlag= 0, mExtraFlag= 0, mFlexibleActivitySuitable= -1, mPuttDisplayFlag= -1\}\
                                                                                                     disable:true,valid:false,computeReq:0,isGameRatio:false\
                                                                                                     getOverrideMinAspectRatioForCompatMode: 0.0 getRawOverrideMinAspectRatioForCompatMode: 0.0\
                                                                                                     ar : ActivityRecord\{11978677 u0 com.ashhas.gamewatch/.MainActivity t-1\} displayId:-1 inCompatMode: false\
2026-01-30 18:26:52.858  3561-6777  FlexibleTaskController  system_server                        D  isSupportFlexibleWindow target = com.ashhas.gamewatch/.MainActivity callPkg = FlexibleTaskController support = true ,caller = 3561\
2026-01-30 18:26:52.859  3561-6777  FlexibleTaskController  system_server                        D  isSupportFlexibleWindow target = com.ashhas.gamewatch/.MainActivity callPkg = FlexibleTaskController support = true ,caller = 3561\
2026-01-30 18:26:52.859  3561-6777  FlexibleWi...gerService system_server                        D  no reused task found for ActivityRecord\{11978677 u0 com.ashhas.gamewatch/.MainActivity t-1\}\
2026-01-30 18:26:52.860  3561-6127  OPM                     system_server                        I  handleActivityStart : ActivityRecord\{11978677 u0 com.ashhas.gamewatch/.MainActivity t-1\}\
2026-01-30 18:26:52.861  3561-6777  OplusCompa...gerService system_server                        D  getRequestedConfigurationOrientation  res:0,req:-1,config.old:0,config.new:1,ActivityRecord\{11978677 u0 com.ashhas.gamewatch/.MainActivity t2243\}\
2026-01-30 18:26:52.861  3561-6777  OplusCompa...gerService system_server                        D   onPreActivityRecordConfigurationChanged \{1.0 ??mcc??mnc [en_US,nl_NL] ldltr sw363dp w363dp h800dp 560dpi nrml long hdr widecg port night finger -keyb/v/h -nav/h winConfig=\{ mBounds=Rect(0, 0 - 1272, 2800) mAppBounds=Rect(0, 0 - 1272, 2800) mMaxBounds=Rect(0, 0 - 1272, 2800) mDisplayRotation=ROTATION_0 mWindowingMode=fullscreen mActivityType=standard mAlwaysOnTop=undefined mRotation=ROTATION_0\} s.106444 fontWeightAdjustment=0mThemeChanged= 0, mThemeChangedFlags= 0, mFlipFont= 0, mScenario= 0, mAccessibleChanged= -1, mUxIconConfig= 1e177015e00120, mMaterialColor= 0, mUserId= 0, mFontUserId= 0, mFontVariationSettings= 1226, mFoldingAngle = -1.0, mIconPackName= , mDarkModeBackgroundMaxL= 0.0, mDarkModeDialogBgMaxL= 27.0, mDarkModeForegroundMinL= 100.0, mOplusConfigType= 1, mOplusChangedConfigs= 0, OpSans= -1, mBurmeseFontFlag= 2, mFlag= 0, mExtraFlag= 0, mFlexibleActivitySuitable= -1, mPuttDisplayFlag= -1\}\
                                                                                                     disable:true,valid:false,computeReq:0,isGameRatio:false\
                                                                                                     getOverrideMinAspectRatioForCompatMode: 0.0 getRawOverrideMinAspectRatioForCompatMode: 0.0\
                                                                                                     ar : ActivityRecord\{11978677 u0 com.ashhas.gamewatch/.MainActivity t2243\} displayId:0 inCompatMode: false\
2026-01-30 18:26:52.862  3561-6777  ActivityTaskManager     system_server                        D  validateStartingWindowTheme:  Pkg=com.ashhas.gamewatch, Translucent=false, Floating=false, ShowWallpaper=false, Disable=false, LaunchSource=4, Prev=null, LaunchedFromPackage=com.android.vending\
2026-01-30 18:26:52.862  3561-6777  OplusAlwaysAliveManager system_server                        D  save launch theme 0x7f0f00a2 for Task\{64946d8 #2243 type=standard A=10449:com.ashhas.gamewatch\}, act=com.android.server.wm.OplusAlwaysAliveManager@cae22ba\
2026-01-30 18:26:52.862  3561-6777  ActivityTaskManager     system_server                        D  addStartingWindow for ActivityRecord\{11978677 u0 com.ashhas.gamewatch/.MainActivity t2243\}, mainWin=null, state=INITIALIZING, isKeyguardLocked=false, isKeyguardGoingAway=false\
2026-01-30 18:26:52.862  3561-6777  TaskOrganizerController system_server                        D  TaskOrganizerController.addStartingWindow: call wmshell to addStartingWindow:ActivityRecord\{11978677 u0 com.ashhas.gamewatch/.MainActivity t2243\}\
2026-01-30 18:26:52.863  3561-6777  TaskFragmentExtImpl     system_server                        D  shouldSetReadyFalse and resumedActivity: ActivityRecord\{11978677 u0 com.ashhas.gamewatch/.MainActivity t2243\} prev: ActivityRecord\{27361170 u0 com.android.vending/.AssetBrowserActivity t2211\} resumedLaunchFromLauncher: false prevLaunchFromApp: false transitionType: 1\
2026-01-30 18:26:52.864  3561-5303  [UAH_CLIENT]            system_server                        I  UahEventAcquire, cmdid:1, pkg:com.ashhas.gamewatch, identity:com.android.server.wm\
2026-01-30 18:26:52.864  5900-6013  WindowManager           com.android.systemui                 D  Add to mViews: android.widget.FrameLayout\{d379199 V.E...... ......I. 0,0-0,0 alpha=1.0 viewInfo = \},pkg= com.ashhas.gamewatch\
2026-01-30 18:26:52.864  3561-6777  ActivityTaskManager     system_server                        D  notifyTaskAdded, task: Task\{64946d8 #2243 type=standard A=10449:com.ashhas.gamewatch\} trace:com.android.server.wm.RecentTasks.add:1392 com.android.server.wm.ActivityStarter.startActivityInner:3011 com.android.server.wm.ActivityStarter.startActivityUnchecked:2156 com.android.server.wm.ActivityStarter.executeRequest:1906 com.android.server.wm.ActivityStarter.execute:1004 \
2026-01-30 18:26:52.865  3561-6777  osense.compress         system_server                        D  notifyActivityLaunched pkgName = com.ashhas.gamewatch, userId = 0\
2026-01-30 18:26:52.865  5900-5976  WindowManagerShell      com.android.systemui                 V  Transition requested (#7793): android.os.BinderProxy@5ef750c TransitionRequestInfo \{ type = OPEN, triggerTask = TaskInfo\{userId=0 taskId=2243 effectiveUid=10449 displayId=0 isRunning=true baseIntent=Intent \{ act=android.intent.action.MAIN cat=[android.intent.category.LAUNCHER] flg=0x10000000 pkg=com.ashhas.gamewatch cmp=com.ashhas.gamewatch/.MainActivity mCallingUid=10097 \} baseActivity=ComponentInfo\{com.ashhas.gamewatch/com.ashhas.gamewatch.MainActivity\} topActivity=ComponentInfo\{com.ashhas.gamewatch/com.ashhas.gamewatch.MainActivity\} origActivity=null realActivity=ComponentInfo\{com.ashhas.gamewatch/com.ashhas.gamewatch.MainActivity\}\
                                                                                                     numActivities=1 lastActiveTime=948913063 supportsSplitScreenMultiWindow=true supportsMultiWindow=true supportsPocketStudioMultiWindow=true isInFlexibleEmbedded = false uid = 10449 pid = 0 resizeMode=1 isResizeable=true minWidth=-1 minHeight=-1 defaultMinSize=220 token=WCT\{android.window.IWindowContainerToken$Stub$Proxy@fe6ae55\} topActivityType=1 pictureInPictureParams=null shouldDockBigOverlays=false launchIntoPipHostTaskId=-1 lastParentTaskIdBeforePip=-1 displayCutoutSafeInsets=Rect(0, 141 - 0, 0)\
                                                                                                     topActivityInfo=ActivityInfo\{914506a com.ashhas.gamewatch.MainActivity\} launchCookies=[] positionInParent=Point(0, 0) parentTaskId=-1 isFocused=false isVisible=false isVisibleRequested=false isTopActivityNoDisplay=false isSleeping=false locusId=null displayAreaFeatureId=1 isTopActivityTransparent=false isActivityStackTransparent=false lastNonFullscreenBounds=Rect(314, 757 - 959, 2029) capturedLink=null capturedLinkTimestamp=0 requestedVisibleTypes=-9 topActivityRequestOpenInBrowserEducationTimestamp=0\
                                                                                                     appCompatTaskInfo=AppCompatTaskInfo \{ topActivityInSizeCompat=false topActivityInOplusCompatMode=false eligibleForLetterboxEducation= false isLetterboxEducationEnabled= false isLetterboxDoubleTapEnabled= false eligibleForUserAspectRatioButton= false topActivityBoundsLetterboxed= false isFromLetterboxDoubleTap= false topActivityLetterboxVerticalPosition= -1 topActivityLetterboxHorizontalPosition= -1 topActivityLetterboxWidth=-1 topActivityLetterboxHeight=-1 topActivityAppBounds=Rect(0, 0 - 1272, 2800) isUserFullscreenOverrideEnabled=false isSystemFullscreenOverrideEnabled=false hasMinAspectRatioOverride=false topActivityLetterboxBounds=null cameraCompatTaskInfo=CameraCompatTaskInfo \{ freeformCameraCompatMode=inactive\}\} topActivityMainWindowFrame=null topActivityLetterboxInsets=Rect(0, 0 - 0, 0)\
                                                                                                     mOplusExtraBundle = Bundle[mParcelledData.dataSize=1472]\}, pipChange = null, remoteTransition = null, displayChange = null, flags = 0, debugId = 7793 \}\
2026-01-30 18:26:52.865  3561-6777  ActivityTaskManager     system_server                        I  START u0 \{act=android.intent.action.MAIN cat=[android.intent.category.LAUNCHER] flg=0x10000000 xflg=0x4 pkg=com.ashhas.gamewatch cmp=com.ashhas.gamewatch/.MainActivity mCallingUid=10097\} with LAUNCH_SINGLE_TOP from uid 10097 (sr=27361170) (BAL_ALLOW_VISIBLE_WINDOW (callingUid has visible window)) result code=0\
2026-01-30 18:26:52.866  6178-8182  iopgp                   iopgp                                I  Iopgp: TRANSACTION_IOPGP_PRELOAD Sequence_id = 377 pkg_name = com.ashhas.gamewatch uid = 10449 size = 1 isProfile = 1\
2026-01-30 18:26:52.867  3561-6428  OPM                     system_server                        D  notifyPreloadResult com.ashhas.gamewatch, type: 2, success: true, res: 0\
2026-01-30 18:26:52.868  3561-6386  AppSnapshotController   system_server                        I  attachStartingWindow, win = Window\{dea0825 u0 Splash Screen com.ashhas.gamewatch\}, shouldAppSnapshot = false\
2026-01-30 18:26:52.868  3561-6386  ActivityTaskManager     system_server                        D  attachStartingWindow: mStartingData=SplashScreenStartingData\{329afab removeAfterTransaction= 0\}, mAssociatedTask=null, mStartingWindow=Window\{dea0825 u0 Splash Screen com.ashhas.gamewatch\}\
2026-01-30 18:26:52.868  3561-6386  WindowManager           system_server                        I  addWindow: New client android.os.BinderProxy@803d41c : window=Window\{dea0825 u0 Splash Screen com.ashhas.gamewatch\}\
2026-01-30 18:26:52.872  3561-6811  AppsFilter              system_server                        I  interaction: PackageSetting\{f5c7693 com.android.microdroid.empty_payload/10310\} -> PackageSetting\{5881608 com.ashhas.gamewatch/10449\} BLOCKED\
2026-01-30 18:26:52.872  3561-6811  AppsFilter              system_server                        I  interaction: PackageSetting\{f2326c9 tk.glucodata/10322\} -> PackageSetting\{5881608 com.ashhas.gamewatch/10449\} BLOCKED\
2026-01-30 18:26:52.872  3561-6811  AppsFilter              system_server                        I  interaction: PackageSetting\{3ef1ce com.oplus.locationproxy/10187\} -> PackageSetting\{5881608 com.ashhas.gamewatch/10449\} BLOCKED\
2026-01-30 18:26:52.872  3561-6811  AppsFilter              system_server                        I  interaction: PackageSetting\{bcde8ef com.android.certinstaller/10247\} -> PackageSetting\{5881608 com.ashhas.gamewatch/10449\} BLOCKED\
2026-01-30 18:26:52.872  3561-6811  AppsFilter              system_server                        I  interaction: PackageSetting\{b7f2ffc com.oplus.location/10269\} -> PackageSetting\{5881608 com.ashhas.gamewatch/10449\} BLOCKED\
2026-01-30 18:26:52.872  3561-6811  OplusHansManager        system_server                        I  front pkg: com.ashhas.gamewatch, uid: 10449, prev pkg: com.android.vending, prev uid: 10097\
2026-01-30 18:26:52.872  3561-6811  RefreshRate             system_server                        D  Trigger app switch boost, ar=ActivityRecord\{11978677 u0 com.ashhas.gamewatch/.MainActivity t2243\},currDisplayRate=120.00001,boostId=3\
2026-01-30 18:26:52.872  5900-6013  ViewRootImplExtImpl     com.android.systemui                 D  wrapConfigInfoIntoFlags rotation=0, smallestScreenWidthDp=0, residentWS=false, scenario=0, bounds=Rect(0, 0 - 1272, 2800), relayoutAsync=false, flags=0, newFlags=1468006400, title=Splash Screen com.ashhas.gamewatch\
2026-01-30 18:26:52.872  3561-6811  RefreshRate             system_server                        D  startAppSwitchBoost targetMode=\{id=1, width=1272, height=2800, fps=120.00001, vsync=120.00001, synthetic=false, alternativeRefreshRates=[60.000004, 90.0, 144.00002, 165.0], supportedHdrTypes=[1, 2, 3, 4]\} record=ActivityRecord\{11978677 u0 com.ashhas.gamewatch/.MainActivity t2243\}: votes=PRIORITY_START_ANIMATION_BOOST -> Vote\{mRefreshRate=120.0, mMinRefreshRate=120.0, mRequestSource=null\};PRIORITY_WINDOW_REQUEST -> Vote\{mRefreshRate=120.0, mMinRefreshRate=120.0, mRequestSource=null\};\
2026-01-30 18:26:52.873  3561-5303  [UAH_CLIENT]            system_server                        I  UahEventAcquire, cmdid:1, pkg:com.ashhas.gamewatch, identity:com.android.server.wm\
2026-01-30 18:26:52.873  3561-6114  NativeFreezeManager     system_server                        D  freezeForAppSwitchScene mAppLaunchFzDxEnable enter, mFgAppPkgname com.ashhas.gamewatch\
2026-01-30 18:26:52.873  3561-5777  Osense-Bas...isionMaker system_server                        I  notifySceneToAthenaPolicy: SCENE_APP_SWITCH, bundle: Bundle[\{prevPkgName=com.android.vending, curUid=10449, isGame=false, curPkgName=com.ashhas.gamewatch, prevUid=10097\}]\
2026-01-30 18:26:52.873  3561-6811  ActivityTaskManager     system_server                        D  setAppVisibility(Token\{3d92a31 ActivityRecord\{11978677 u0 com.ashhas.gamewatch/.MainActivity t2243\}\}, visible=true):  visible=false mVisibleRequested=false\
2026-01-30 18:26:52.873  3561-6811  ActivityTaskManager     system_server                        D  setVisibility(Token\{3d92a31 ActivityRecord\{11978677 u0 com.ashhas.gamewatch/.MainActivity t2243\}\}, visible=true) defer commitVisibility for transition collecting\
2026-01-30 18:26:52.873  3561-5303  [UAH_CLIENT]            system_server                        I  UahEventAcquire, cmdid:1, pkg:com.ashhas.gamewatch, identity:com.android.server.wm\
2026-01-30 18:26:52.874  3561-6127  OPM-Process             system_server                        I  resume pkg: com.ashhas.gamewatch, uid:10449, prev pkg: com.android.vending, prev uid: 10097\
2026-01-30 18:26:52.875  3561-6386  WindowManager           system_server                        V  Relayout Window\{dea0825 u0 Splash Screen com.ashhas.gamewatch\}: viewVisibility=0, oldvis=0, req=1272x2800 , apr = 0, vsysui=, x=0, y=0\
2026-01-30 18:26:52.875  3561-6386  WindowManager           system_server                        I  Window\{dea0825 u0 Splash Screen com.ashhas.gamewatch\} state from NO_SURFACE to DRAW_PENDING; reason: resetDrawState\
2026-01-30 18:26:52.881  5900-6013  SurfaceControl          com.android.systemui                 I   setExtendedRangeBrightness sc=Surface(name=Splash Screen com.ashhas.gamewatch)/@0xc40af4b,currentBufferRatio=1.0,desiredRatio=1.0\
2026-01-30 18:26:52.884  3561-6454  OplusHansManager        system_server                        I  onUidActive() update stay time, uid=10449, pkgName=com.ashhas.gamewatch, U stay=32\
2026-01-30 18:26:52.884  3561-3809  ActivityManager         system_server                        I  Start proc 22781:com.ashhas.gamewatch/u0a449 for next-top-activity \{com.ashhas.gamewatch/com.ashhas.gamewatch.MainActivity\}\
2026-01-30 18:26:52.885  3561-6386  WindowManager           system_server                        D  onSyncFinishedDrawing: Window\{dea0825 u0 Splash Screen com.ashhas.gamewatch\}\
2026-01-30 18:26:52.885  3561-6386  WindowManager           system_server                        I  finishDrawing skipLayout:false,syncSeqId=0,mPrepareSyncSeqId=0 Window\{dea0825 u0 Splash Screen com.ashhas.gamewatch\} com.android.server.wm.WindowManagerService.finishDrawingWindow:3192 com.android.server.wm.Session.finishDrawing:369 android.view.IWindowSession$Stub.onTransact:793 \
2026-01-30 18:26:52.885  3561-6386  WindowManager           system_server                        I  Window\{dea0825 u0 Splash Screen com.ashhas.gamewatch\} state from DRAW_PENDING to COMMIT_DRAW_PENDING; reason: finishDrawingLocked\
2026-01-30 18:26:52.886  3561-3779  WindowManager           system_server                        I  Window\{dea0825 u0 Splash Screen com.ashhas.gamewatch\} state from COMMIT_DRAW_PENDING to READY_TO_SHOW; reason: commitFinishDrawingLocked\
2026-01-30 18:26:52.886  3561-3779  ActivityTaskManager     system_server                        D  commitVisibility: ActivityRecord\{11978677 u0 com.ashhas.gamewatch/.MainActivity t2243\}: visible=true visibleRequested=true, isInTransition=true \
2026-01-30 18:26:52.886  3561-3779  WindowManager           system_server                        I  Window\{dea0825 u0 Splash Screen com.ashhas.gamewatch\} state from READY_TO_SHOW to HAS_DRAWN; reason: performShowLocked\
2026-01-30 18:26:52.886  3561-3779  WindowStateExtImpl      system_server                        I  onSurfaceShowChange show = true mPackageName = com.ashhas.gamewatch parentPkgName = com.ashhas.gamewatch\
2026-01-30 18:26:52.886  3561-3779  Transition              system_server                        D  collectOrderChanges onTopTasksEnd: [Task\{64946d8 #2243 type=standard A=10449:com.ashhas.gamewatch\}], reportedOnTop:null, mOnTopTasksStart: [Task\{64946d8 #2243 type=standard A=10449:com.ashhas.gamewatch\}], TDA child: [Task\{2a5b404 #2210 type=standard A=10352:com.openai.chatgpt\}, Task\{ab04543 #3 type=undefined\}, Task\{120cdfb #2204 type=standard A=10335:com.revolut.revolut nonResizable\}, Task\{17d46c3 #2207 type=standard A=10359:com.greenwheels\}, Task\{a0f6f32 #2219 type=standard A=10393:com.philips.lighting.hue2\}, Task\{718f761 #2224 type=standard A=10318:com.coloros.alarmclock nonResizable\}, Task\{1d55330 #2226 type=standard A=10341:google.android.task.calendar\}, Task\{b19754a #2220 type=standard A=10435:com.alibaba.aliexpresshd\}, Task\{798b3ae #2203 type=standard A=10394:com.ing.mobile\}, Task\{ea52955 #2209 type=standard A=10349:bbl.intl.bambulab.com\}, Task\{6485815 #2229 type=standard A=10434:com.stremio.one\}, Task\{1397e0 #2227 type=standard A=10385:com.ubercab.eats\}, Task\{58c89c9 #1894 type=standard A=10160:com.oplus.camera nonResizable\}, Task\{798cef4 #2218 type=standard A=10415:app.revanced.android.youtube\}, Task\{4bca6c2 #2216 type=standard A=10401:app.mihon\}, Task\{a360799 #2235 type=standard A=1000:com.android.settings.root\}, Task\{ab59b3b #2240 type=standard A=10321:com.brave.browser\}, Task\{cc73c04 #2234 type=standard A=10374:com.reddit.frontpage\}, Task\{94975a8 #1 type=home\}, Task\{9d402de #2211 type=standard A=10097:com.android.vending\}, Task\{64946d8 #2243 type=standard A=10449:com.ashhas.gamewatch\}]\
2026-01-30 18:26:52.886  3561-3779  OplusFlexi...ionManager system_server                        D  fixTransitType type result:1, targets: [ChangeInfo\{bb39511 container=Task\{64946d8 #2243 type=standard A=10449:com.ashhas.gamewatch\} flags=0x10\}, ChangeInfo\{f07d676 container=Task\{9d402de #2211 type=standard A=10097:com.android.vending\} flags=0x10\}]\
2026-01-30 18:26:52.887  3561-6127  OPM                     system_server                        I  handleProcessStart : ProcessRecord\{186ca2 22781:com.ashhas.gamewatch/u0a449\}\
2026-01-30 18:26:52.887  3561-3779  OplusTrans...Controller system_server                        D  onTransactionReady, transition: 7793, info: \{id=7793 t=OPEN f=0x0 trk=0 r=[0@Point(0, 0)] c=[\{WCT\{RemoteToken\{1aec9aa Task\{64946d8 #2243 type=standard A=10449:com.ashhas.gamewatch\}\}\} m=OPEN f=NONE leash=Surface(name=Task=2243)/@0x7c208e4 sb=Rect(0, 0 - 1272, 2800) eb=Rect(0, 0 - 1272, 2800) epz=Point(1272, 2800) d=0 taskParent=-1\},\{WCT\{RemoteToken\{156cac1 Task\{9d402de #2211 type=standard A=10097:com.android.vending\}\}\} m=TO_BACK f=NONE leash=Surface(name=Task=2211)/@0xd9bb5db sb=Rect(0, 0 - 1272, 2800) eb=Rect(0, 0 - 1272, 2800) epz=Point(1272, 2800) d=0 taskParent=-1\}] \
                                                                                                    extendInfo=[\
                                                                                                     OplusTransitionExtendedInfo\{mTmpFinishT=null, mInOplusCompatMode=false, mIsProcessRunning=false, mHasMismatchBoundsTarget=false, mRecentsController=null, mRemoteTransition=null, mIsTranslucentActivityToHome=false, mAvoidInterceptKeyEventToHome=false, mIsFromHome=false, mParentLeash=null, mBackAnimClosingLeash=null, mIsOplusAnimRes=false, mKeepBgForContinuous=false, mIsBalAllow=false, mTaskNotInRecent=false, mIsPredictiveBackAnim=false, mIsMergedWithPredictive=false, mIsLaunchFromSpruce=false, mIsLaunchFromDrive=false, mGlobalSearchPageSwitch=false, mNeedNoAlphaGlobalSearchScene=false, mAssistScreenShowing=false, mSwipeUpBrowserScreenShowing=false, mUserIdTransition=0\
                                                                                                    , mInRemoteScene=false, mInPreReady=false, mPreStart=false, mToken=null, mAbortByRemoteFromHome=false, mShellApplyToken=null, mRequestTransitionTaskId=2243, mAbortTransitionOnShell=0, mStartFromShortcut=false, mRemovedTaskId=-1, mTransitionInterruptType=0, mMergeSecondTaskId=-1, mTaskIdStartFromRecents=0, mTransitionId=7793, mCanUseSpringSlideAnim=false, mTransitionLaunchFrom=0, mFoldChangeType=-1, mAnimStartingPosition=[0, 0, 0, 0], mIsOpeningStkDialogActivity=false, mSecondaryHomeToFrontWhenUnFolding=false, mIsNeedApplyStartTForEmbedded=false\
                                                                                                    , mNeedCanvasExitAnim=false, mMergeSecondTaskAnimation=false, mIsLaunchUnityStart=false, mIsLaunchFromAssistantByDefault=false, mSkipRemoteTransitionfalse, mIsStartFromKeyguard=false flags=0x0, mWCT=null, mIsOpenMergeToInValidPredictive=false\}]\}, targets : [ChangeInfo\{bb39511 container=Task\{64946d8 #2243 type=standard A=10449:com.ashhas.gamewatch\} flags=0x10\}, ChangeInfo\{f07d676 container=Task\{9d402de #2211 type=standard A=10097:com.android.vending\} flags=0x10\}], participants: \{ActivityRecord\{11978677 u0 com.ashhas.gamewatch/.MainActivity t2243\}, ActivityRecord\{27361170 u0 com.android.vending/.AssetBrowserActivity t2211\}, Task\{64946d8 #2243 type=standard A=10449:com.ashhas.gamewatch\}\}\
2026-01-30 18:26:52.887  3561-8299  OStatsMana...atsManager system_server                        I  updateStateTime: PkgName = com.ashhas.gamewatch, uid = 10449, state to bg, mForegroundCnt = 0, isFg = false\
2026-01-30 18:26:52.889  3561-4511  MemoryOperationUtils    system_server                        I  add 22781 to com.ashhas.gamewatch\
2026-01-30 18:26:52.894  3561-3770  WindowManager           system_server                        V  Sent Transition (#7793) createdAt=01-30 18:26:52.859 via request=TransitionRequestInfo \{ type = OPEN, triggerTask = TaskInfo\{userId=0 taskId=2243 effectiveUid=10449 displayId=0 isRunning=true baseIntent=Intent \{ act=android.intent.action.MAIN cat=[android.intent.category.LAUNCHER] flg=0x10000000 pkg=com.ashhas.gamewatch cmp=com.ashhas.gamewatch/.MainActivity mCallingUid=10097 \} baseActivity=ComponentInfo\{com.ashhas.gamewatch/com.ashhas.gamewatch.MainActivity\} topActivity=ComponentInfo\{com.ashhas.gamewatch/com.ashhas.gamewatch.MainActivity\} origActivity=null realActivity=ComponentInfo\{com.ashhas.gamewatch/com.ashhas.gamewatch.MainActivity\}\
                                                                                                     numActivities=1 lastActiveTime=948913063 supportsSplitScreenMultiWindow=true supportsMultiWindow=true supportsPocketStudioMultiWindow=true isInFlexibleEmbedded = false uid = 10449 pid = 0 resizeMode=1 isResizeable=true minWidth=-1 minHeight=-1 defaultMinSize=220 token=WCT\{RemoteToken\{1aec9aa Task\{64946d8 #2243 type=standard A=10449:com.ashhas.gamewatch\}\}\} topActivityType=1 pictureInPictureParams=null shouldDockBigOverlays=false launchIntoPipHostTaskId=-1 lastParentTaskIdBeforePip=-1 displayCutoutSafeInsets=Rect(0, 141 - 0, 0)\
                                                                                                     topActivityInfo=ActivityInfo\{c59d99b com.ashhas.gamewatch.MainActivity\} launchCookies=[] positionInParent=Point(0, 0) parentTaskId=-1 isFocused=false isVisible=false isVisibleRequested=false isTopActivityNoDisplay=false isSleeping=false locusId=null displayAreaFeatureId=1 isTopActivityTransparent=false isActivityStackTransparent=false lastNonFullscreenBounds=Rect(314, 757 - 959, 2029) capturedLink=null capturedLinkTimestamp=0 requestedVisibleTypes=-9 topActivityRequestOpenInBrowserEducationTimestamp=0\
                                                                                                     appCompatTaskInfo=AppCompatTaskInfo \{ topActivityInSizeCompat=false topActivityInOplusCompatMode=false eligibleForLetterboxEducation= false isLetterboxEducationEnabled= false isLetterboxDoubleTapEnabled= false eligibleForUserAspectRatioButton= false topActivityBoundsLetterboxed= false isFromLetterboxDoubleTap= false topActivityLetterboxVerticalPosition= -1 topActivityLetterboxHorizontalPosition= -1 topActivityLetterboxWidth=-1 topActivityLetterboxHeight=-1 topActivityAppBounds=Rect(0, 0 - 1272, 2800) isUserFullscreenOverrideEnabled=false isSystemFullscreenOverrideEnabled=false hasMinAspectRatioOverride=false topActivityLetterboxBounds=null cameraCompatTaskInfo=CameraCompatTaskInfo \{ freeformCameraCompatMode=inactive\}\} topActivityMainWindowFrame=null topActivityLetterboxInsets=Rect(0, 0 - 0, 0)\
                                                                                                     mOplusExtraBundle = Bundle[\{androidx.flexible.taskFrame=Rect(0, 0 - 0, 0), androidx.flexible.Alpha=1.0, androidx.activity.task.attach.blur=0, androidx.activity.LaunchInsensible=0, androidx.activity.LaunchCornerRadius=0, key_flexible_task_state=0, topActivitySupportAppInnerSplit=false, key_flexible_task_animating_type=-1, key_flexible_task_root_activity_processname=com.ashhas.gamewatch, androidx.activity.LaunchScenario=0, is_oplus_clone_task=false, flexible_super_mini_state=false, topRunningActivityHash=11978677, androidx.activity.LaunchScale=1.0, androidx.activity.LaunchShadowRadius=0, is_transient_hide_for_task_info=false, key_flexible_task_root_activity_pid=0, key_flexible_task_root_activity_uid=10449\}]\}, pipChange = null, remoteTransition = null, displayChange = null, flags = 0, debugId = 7793 \}\
2026-01-30 18:26:52.894  3561-3770  WindowManager           system_server                        V      info=\{id=7793 t=OPEN f=0x0 trk=0 r=[0@Point(0, 0)] c=[\
                                                                                                            \{WCT\{RemoteToken\{1aec9aa Task\{64946d8 #2243 type=standard A=10449:com.ashhas.gamewatch\}\}\} m=OPEN f=NONE leash=Surface(name=Task=2243)/@0x7c208e4 sb=Rect(0, 0 - 1272, 2800) eb=Rect(0, 0 - 1272, 2800) epz=Point(1272, 2800) d=0 taskParent=-1\},\
                                                                                                            \{WCT\{RemoteToken\{156cac1 Task\{9d402de #2211 type=standard A=10097:com.android.vending\}\}\} m=TO_BACK f=NONE leash=Surface(name=Task=2211)/@0xd9bb5db sb=Rect(0, 0 - 1272, 2800) eb=Rect(0, 0 - 1272, 2800) epz=Point(1272, 2800) d=0 taskParent=-1\}\
                                                                                                        ] \
                                                                                                    extendInfo=[\
                                                                                                     OplusTransitionExtendedInfo\{mTmpFinishT=null, mInOplusCompatMode=false, mIsProcessRunning=false, mHasMismatchBoundsTarget=false, mRecentsController=null, mRemoteTransition=null, mIsTranslucentActivityToHome=false, mAvoidInterceptKeyEventToHome=false, mIsFromHome=false, mParentLeash=null, mBackAnimClosingLeash=null, mIsOplusAnimRes=false, mKeepBgForContinuous=false, mIsBalAllow=false, mTaskNotInRecent=false, mIsPredictiveBackAnim=false, mIsMergedWithPredictive=false, mIsLaunchFromSpruce=false, mIsLaunchFromDrive=false, mGlobalSearchPageSwitch=false, mNeedNoAlphaGlobalSearchScene=false, mAssistScreenShowing=false, mSwipeUpBrowserScreenShowing=false, mUserIdTransition=0\
                                                                                                    , mInRemoteScene=false, mInPreReady=false, mPreStart=false, mToken=null, mAbortByRemoteFromHome=false, mShellApplyToken=null, mRequestTransitionTaskId=2243, mAbortTransitionOnShell=0, mStartFromShortcut=false, mRemovedTaskId=-1, mTransitionInterruptType=0, mMergeSecondTaskId=-1, mTaskIdStartFromRecents=0, mTransitionId=7793, mCanUseSpringSlideAnim=false, mTransitionLaunchFrom=0, mFoldChangeType=-1, mAnimStartingPosition=[0, 0, 0, 0], mIsOpeningStkDialogActivity=false, mSecondaryHomeToFrontWhenUnFolding=false, mIsNeedApplyStartTForEmbedded=false\
                                                                                                    , mNeedCanvasExitAnim=false, mMergeSecondTaskAnimation=false, mIsLaunchUnityStart=false, mIsLaunchFromAssistantByDefault=false, mSkipRemoteTransitionfalse, mIsStartFromKeyguard=false flags=0x0, mWCT=null, mIsOpenMergeToInValidPredictive=false\}]\}\
2026-01-30 18:26:52.895 21917-22075 SQLiteLog               com.qualcomm.qti.workloadclassifier  W  (28) double-quoted string literal: "com.ashhas.gamewatch"\
2026-01-30 18:26:52.897  3561-3779  FlexibleWi...gerService system_server                        D  should not dispatch appeared task Task\{64946d8 #2243 type=standard A=10449:com.ashhas.gamewatch\}\
2026-01-30 18:26:52.900  3561-7049  ActivityTaskManager     system_server                        D  after skip size:21,pre-Filtered:com.ashhas.gamewatch # com.android.vending # com.reddit.frontpage # com.brave.browser # com.android.settings # app.mihon # app.revanced.android.youtube # com.oplus.camera # com.ubercab.eats # com.stremio.one # bbl.intl.bambulab.com # com.ing.mobile # com.alibaba.aliexpresshd # com.google.android.calendar # com.coloros.alarmclock # nl.marktplaats.android # com.philips.lighting.hue2 # com.openai.chatgpt # com.whatsapp # com.greenwheels # com.revolut.revolut # \
2026-01-30 18:26:52.900 22781-22781 nativeloader            com.ashhas.gamewatch                 D  Load libframework-connectivity-tiramisu-jni.so using APEX ns com_android_tethering for caller /apex/com.android.tethering/javalib/framework-connectivity-t.jar: ok\
2026-01-30 18:26:52.903 22781-22781 libc                    com.ashhas.gamewatch                 W  Access denied finding property "persist.vendor.sys.activitylog"\
2026-01-30 18:26:52.903 22781-22781 OneTrace                com.ashhas.gamewatch                 I  Mark active for pid=22781? true\
2026-01-30 18:26:52.903 22781-22781 cutils-dev              com.ashhas.gamewatch                 D  otrace_set_tracing_enabled? true tag:0\
2026-01-30 18:26:52.903 22781-22781 cutils-dev              com.ashhas.gamewatch                 D  properties changed in otrace_seq_number_changed!\
2026-01-30 18:26:52.905  3561-3770  SensorServiceExtImpl    system_server                        D  notifyApplicationLaunchStage processName=com.ashhas.gamewatch, uid=10449, pid=22781, stage=1\
2026-01-30 18:26:52.906  3561-7049  SplitScreenAppReader    system_server                        D  SPLIT_TOUCH support check:com.ashhas.gamewatch = false\
2026-01-30 18:26:52.906  3561-7049  ResourcesManagerCache   system_server                        D  For package com.ashhas.gamewatch we got cacheList [null] appInfoExt is null ? false hasFeature ? false\
2026-01-30 18:26:52.907  3561-7049  OplusDexOptimizeManager system_server                        D  basepath == oldPackagePath! com.ashhas.gamewatch\
2026-01-30 18:26:52.907  8164-15404 MssPanelHelper          com.oplus.persist.multimedia         D  FOREGROUND_ACTIVITIES_CHANGED package: com.ashhas.gamewatch hasForegroundActivities: 1\
2026-01-30 18:26:52.907  3561-7049  ActivityTaskManager     system_server                        D  onWindowFocusChanged Task\{64946d8 #2243 type=standard A=10449:com.ashhas.gamewatch\} would transfer to compact\
2026-01-30 18:26:52.907  3561-3803  UserAwareMgr            system_server                        I  handleTopAppChanged: com.ashhas.gamewatch, pid: 22781, uid: 10449\
2026-01-30 18:26:52.907  3561-7049  ActivityTaskManager     system_server                        D  NFW_setLastResumedActivityUncheckLocked:true r:ActivityRecord\{11978677 u0 com.ashhas.gamewatch/.MainActivity t2243\} currentFocus:null\
2026-01-30 18:26:52.907  3561-7049  FlexibleTaskController  system_server                        D  onTaskFocusChanged prevTask:Task\{9d402de #2211 type=standard A=10097:com.android.vending\} ,currentTask:Task\{64946d8 #2243 type=standard A=10449:com.ashhas.gamewatch\}, reason: realStartActivityLocked - onActivityStateChanged\
2026-01-30 18:26:52.908  3561-7049  OplusFlexibleDCSManager system_server                        D  onNextPkgChanged pkg = com.ashhas.gamewatch\
2026-01-30 18:26:52.908  2804-2804  HoloAudio:...rvice_Aidl atlasservice                         D  getMssEnable --- com.ashhas.gamewatch[0]\
2026-01-30 18:26:52.908  3561-7049  OplusAppSw...gerService system_server                        I  appswitch hasProcess ActivityRecord\{11978677 u0 com.ashhas.gamewatch/.MainActivity t2243\}\
2026-01-30 18:26:52.908  3561-7049  GameManage...ServiceExt system_server                        I  on FG change: com.android.vending|com.ashhas.gamewatch\
2026-01-30 18:26:52.908  3561-5303  [UAH_CLIENT]            system_server                        I  UahEventAcquire, cmdid:0, pkg:com.ashhas.gamewatch, identity:com.android.server.wm\
2026-01-30 18:26:52.908  3561-7049  OplusAppSw...gerService system_server                        I  appswitch hasProcess ActivityRecord\{11978677 u0 com.ashhas.gamewatch/.MainActivity t2243\}\
2026-01-30 18:26:52.909  5434-5468  DCSEX-AppSwitchManager  com.oplus.exsystemservice            V  OnAppSwitchObserver: onAppExit, resuming = com.ashhas.gamewatch, target = com.android.vending, is ResumingFirstStart =  true, is ResumingMultiApp =  false, extensionInfo =  Bundle[mParcelledData.dataSize=624]\
2026-01-30 18:26:52.909 22781-22796 OplusActivityManager    com.ashhas.gamewatch                 D  get AMS extension: android.os.BinderProxy@56cb0f0\
2026-01-30 18:26:52.909  5434-21860 DCSEX-AppL...ntRecorder com.oplus.exsystemservice            D  onAppSwitch from = com.android.vending to = com.ashhas.gamewatch\
2026-01-30 18:26:52.909  2410-2410  AudioFlingerExtImpl     audioserver                          D  AudioFlingerExtImpl oplusSetParameters: keyvalue onForegroundActivitiesChanged=com.ashhas.gamewatch:foreground:1|10449:22781\
2026-01-30 18:26:52.909  2410-2410  AudioFlingerExtImpl     audioserver                          D  updateForegroundInfo, mapInf mForegroundMap(2)|[com.ashhas.gamewatch]=1|[com.android.vending]=1, uidPidMapInf mForegroundUidPidMap(2)|[10449]=22781|[10097]=26483\
2026-01-30 18:26:52.910  3561-3868  OplusAppSwitchListener  system_server                        D  Detect com.ashhas.gamewatch switch to foreground\
2026-01-30 18:26:52.910 22781-22796 SurfaceSyncGroup        com.ashhas.gamewatch                 D  preCreateSurfaceSyncGroupTimerThread\
2026-01-30 18:26:52.910  3561-6127  OPM                     system_server                        I  handlePackageLaunched pkg: com.ashhas.gamewatch, uid: 10449, pid: 22781\
2026-01-30 18:26:52.910 22781-22781 CompactWindowAppManager com.ashhas.gamewatch                 D  initCompactApplicationInfo CompactMode: , NormalMode: \
2026-01-30 18:26:52.911 12643-13339 Battery                 com.oplus.battery                    W  AppSwitchDetectorV2: OnAppSwitchObserver: onAppExit , info = OplusAppExitInfo = \{  targetName = com.android.vending hasResumingActivity = true resumingPackageName = com.ashhas.gamewatch resumingActivityName = com.ashhas.gamewatch.MainActivity resumingWindowMode = 1 isResumingMultiApp = false isResumingFirstStart = true extension = Bundle[mParcelledData.dataSize=624]\} lastReg=1769760422759\
2026-01-30 18:26:52.911 22781-22781 Configuration           com.ashhas.gamewatch                 V  Updating configuration, locales updated from [] to [en_US]\
2026-01-30 18:26:52.911 22781-22781 OplusScrollToTopManager com.ashhas.gamewatch                 D  setIsInWhiteList false\
2026-01-30 18:26:52.911  3561-6227  OplusLaten...zerManager system_server                        D  enter pkg: com.ashhas.gamewatch isPrevBlackAppTop: false mIsBlackAppTop: false\
2026-01-30 18:26:52.911  3561-6227  OplusEapManager         system_server                        D  mTargetEnterName :com.ashhas.gamewatch\
2026-01-30 18:26:52.911  3561-3875  VRR [OPlus...teService] system_server                        D  handleFrontAppChange pkgName: com.ashhas.gamewatch\
2026-01-30 18:26:52.911 22781-22781 OplusViewDebugManager   com.ashhas.gamewatch                 D  OplusViewDebugManager Constructor android.view.debug.OplusViewDebugManager@7c108ee [mHasViewDebugProperty true] [mHasMsgDebugProperty false] [DEBUG false] [EXTRAINFOENABLE false] [LIGHT_OS false]\
2026-01-30 18:26:52.912  3561-3820  OplusThermalStats       system_server                        E  Error getting package info: com.ashhas.gamewatch\
2026-01-30 18:26:52.912 12643-13339 Battery                 com.oplus.battery                    W  ThermalControlUtils: mForegroundPkg=com.ashhas.gamewatch mLastWindowMode=1\
2026-01-30 18:26:52.912 12643-13339 Battery                 com.oplus.battery                    W  StateManager: getAppType com.ashhas.gamewatch, last=1769793908861\
2026-01-30 18:26:52.912  6283-6325  Athena                  com.oplus.athena                     I  AthenaDynamicReceiver: pre_app:com.android.vending, next_app:com.ashhas.gamewatch(10449|22781)\
2026-01-30 18:26:52.912 12643-13339 Battery                 com.oplus.battery                    W  ThermalControllHandler: tempLevel=[1],userMode=2,gameUserMode=-1,appType=-1,envTempType=0,appStates=[],appSwitchSafetyMode=true,split=[],float=[],full=[com.ashhas.gamewatch], tempGear=[1],configItemName=common_config\
2026-01-30 18:26:52.912 12643-13339 Battery                 com.oplus.battery                    W  StateManager: getAppType com.ashhas.gamewatch, last=1769793908861\
2026-01-30 18:26:52.913  3561-6386  OplusBatte...iceFeature system_server                        D  setSmartCoolDown: coolDown = 0, normalCoolDown = 0, pkgName = com.ashhas.gamewatch\
2026-01-30 18:26:52.914  5434-5455  DCSEX-AppSwitchManager  com.oplus.exsystemservice            V  OnAppSwitchObserver: onAppEnter, launchedFrom =  com.android.vending, target =  com.ashhas.gamewatch, is firstStart =  true, is multiApp =  false, extensionInfo =  Bundle[mParcelledData.dataSize=996], launch_source_type =  , launch_source_traceid =  \
2026-01-30 18:26:52.914 22781-22781 libc                    com.ashhas.gamewatch                 W  Access denied finding property "ro.odm.prev.product.name"\
2026-01-30 18:26:52.915 22781-22781 ApplicationLoaders      com.ashhas.gamewatch                 D  Returning zygote-cached class loader: /system_ext/framework/androidx.window.extensions.jar\
2026-01-30 18:26:52.915 22781-22781 ApplicationLoaders      com.ashhas.gamewatch                 D  Returning zygote-cached class loader: /system_ext/framework/androidx.window.sidecar.jar\
2026-01-30 18:26:52.915 15074-15097 SceneSDK.1...tchAbility com.oplus.metis                      D  onAppSwitchEvent: AppSwitchEvent(timeStamp=1769794012915, eventType=2, targetName=com.android.vending, firstStart=false, multiApp=false, windowMode=0, resumingPackageName=com.ashhas.gamewatch, resumingActivityName=com.ashhas.gamewatch.MainActivity, isResumingMultiApp=false, isResumingFirstStart=true)\
2026-01-30 18:26:52.916 15074-15097 metis_v2_A...aCollector com.oplus.metis                      I  AppExitEvent =  com.android.vending, NextAppName = com.ashhas.gamewatch [base|com.oplus.metis|2.0.20-aa39d14]\
2026-01-30 18:26:52.916 15074-15103 SceneSDK.1...tchAbility com.oplus.metis                      D  onAppSwitchEvent: AppSwitchEvent(timeStamp=1769794012915, eventType=2, targetName=com.android.vending, firstStart=false, multiApp=false, windowMode=0, resumingPackageName=com.ashhas.gamewatch, resumingActivityName=com.ashhas.gamewatch.MainActivity, isResumingMultiApp=false, isResumingFirstStart=true)\
2026-01-30 18:26:52.916 15074-15103 AppRecomme...endAdapter com.oplus.metis                      I  receive app recommend from AppSwitchEvent(eventId=2, switchInfo=AppSwitchInfo(targetName=com.android.vending, firstStart=false, multiApp=false, windowMode=0, resumingPackageName=com.ashhas.gamewatch, resumingActivityName=com.ashhas.gamewatch.MainActivity, isResumingFirstStart=true, isResumingMultiApp=false))\
2026-01-30 18:26:52.916 15074-15103 SceneSDK.1...tchAbility com.oplus.metis                      D  onAppSwitchEvent: AppSwitchEvent(timeStamp=1769794012915, eventType=1, targetName=com.ashhas.gamewatch, firstStart=true, multiApp=false, windowMode=1, resumingPackageName=, resumingActivityName=, isResumingMultiApp=false, isResumingFirstStart=false)\
2026-01-30 18:26:52.916 15074-15103 AppRecomme...endAdapter com.oplus.metis                      I  receive app recommend from AppSwitchEvent(eventId=1, switchInfo=AppSwitchInfo(targetName=com.ashhas.gamewatch, firstStart=true, multiApp=false, windowMode=1, resumingPackageName=, resumingActivityName=, isResumingFirstStart=false, isResumingMultiApp=false))\
2026-01-30 18:26:52.916 15074-15103 AppRecomme...endAdapter com.oplus.metis                      D  notify app active com.ashhas.gamewatch and info [AppInfo[pkg=com.ashhas.gamewatch, appType=0,iconSource=system, recallType=app_active_event, deepLink=0,utrackClickUrl=0, utrackExposeUrl=0,icon=0, apiSource=null, typeCode=null, mode=0, advFinalScore=null,  routePage=0,title=null, subTitle=null, adSize=null,probability=0]]\
2026-01-30 18:26:52.917  2012-2032  statsd                  statsd                               I  An anomaly (119840000001) (100198)0x10000->com.ashhas.gamewatch[S] (100198)0x20000->10449[I]  has occurred! Informing subscribers.\
2026-01-30 18:26:52.918 22781-22781 shhas.gamewatch         com.ashhas.gamewatch                 W  Failed to find entry 'classes.dex': Entry not found\
2026-01-30 18:26:52.918 22781-22781 shhas.gamewatch         com.ashhas.gamewatch                 W  Failed to find entry 'classes.dex': Entry not found\
2026-01-30 18:26:52.918 22781-22781 shhas.gamewatch         com.ashhas.gamewatch                 W  Failed to find entry 'classes.dex': Entry not found\
2026-01-30 18:26:52.918  3561-8299  OStatsManager_Calc      system_server                        I  noteBeforePkgSwitch change = true, curTime = 948913105, com.ashhas.gamewatch, fg = false\
2026-01-30 18:26:52.918  3561-8299  OStatsMana...atsManager system_server                        I  updateStateTime: PkgName = com.ashhas.gamewatch, uid = 10449, state to fg, mForegroundCnt = 1, isFg = true\
2026-01-30 18:26:52.918  3561-8299  OStatsMana...atsManager system_server                        I  notePkgForeground [com.ashhas.gamewatch10449, com.android.vending10097], uid = 10449, pid = 22781, pkgName = com.ashhas.gamewatch\
2026-01-30 18:26:52.919 22781-22781 shhas.gamewatch         com.ashhas.gamewatch                 W  Failed to find entry 'classes.dex': Entry not found\
2026-01-30 18:26:52.919 22781-22781 nativeloader            com.ashhas.gamewatch                 D  Configuring clns-9 for other apk /data/app/~~gheH3Vz0-dvaBJSz0Y8acw==/com.ashhas.gamewatch-qvkGRycM3qII3pU-K02LXQ==/base.apk:/data/app/~~gheH3Vz0-dvaBJSz0Y8acw==/com.ashhas.gamewatch-qvkGRycM3qII3pU-K02LXQ==/split_config.arm64_v8a.apk:/data/app/~~gheH3Vz0-dvaBJSz0Y8acw==/com.ashhas.gamewatch-qvkGRycM3qII3pU-K02LXQ==/split_config.en.apk:/data/app/~~gheH3Vz0-dvaBJSz0Y8acw==/com.ashhas.gamewatch-qvkGRycM3qII3pU-K02LXQ==/split_config.nl.apk:/data/app/~~gheH3Vz0-dvaBJSz0Y8acw==/com.ashhas.gamewatch-qvkGRycM3qII3pU-K02LXQ==/split_config.xxxhdpi.apk. target_sdk_version=36, uses_libraries=, library_path=/data/app/~~gheH3Vz0-dvaBJSz0Y8acw==/com.ashhas.gamewatch-qvkGRycM3qII3pU-K02LXQ==/lib/arm64:/data/app/~~gheH3Vz0-dvaBJSz0Y8acw==/com.ashhas.gamewatch-qvkGRycM3qII3pU-K02LXQ==/base.apk!/lib/arm64-v8a:/data/app/~~gheH3Vz0-dvaBJSz0Y8acw==/com.ashhas.gamewatch-qvkGRycM3qII3pU-K02LXQ==/split_config.arm64_v8a.apk!/lib/arm64-v8a:/data/app/~~gheH3Vz0-dvaBJSz0Y8acw==/com.ashhas.gamewatch-qvkGRycM3qII3pU-K02LXQ==/split_config\
2026-01-30 18:26:52.921 22781-22781 shhas.gamewatch         com.ashhas.gamewatch                 I  AssetManager2(0xb400007e954a0728) locale list changing from [] to [en-US]\
2026-01-30 18:26:52.922  2012-2032  statsd                  statsd                               I  An anomaly (104240000001) (42)0x10000->10449[I] (42)0x20000->com.ashhas.gamewatch[S] (42)0x30000->.MainActivity[S]  has occurred! Informing subscribers.\
2026-01-30 18:26:52.922  8480-19040 midasd                  midasd                               I  app forground called:com.ashhas.gamewatch\
2026-01-30 18:26:52.923 22781-22781 GraphicsEnvironment     com.ashhas.gamewatch                 V  Currently set values for:\
2026-01-30 18:26:52.923 22781-22781 GraphicsEnvironment     com.ashhas.gamewatch                 V    angle_gl_driver_selection_pkgs=[]\
2026-01-30 18:26:52.923 22781-22781 GraphicsEnvironment     com.ashhas.gamewatch                 V    angle_gl_driver_selection_values=[]\
2026-01-30 18:26:52.923 22781-22781 GraphicsEnvironment     com.ashhas.gamewatch                 V  com.ashhas.gamewatch is not listed in per-application setting\
2026-01-30 18:26:52.923 22781-22781 GraphicsEnvironment     com.ashhas.gamewatch                 V  ANGLE allowlist from config: \
2026-01-30 18:26:52.923 22781-22781 GraphicsEnvironment     com.ashhas.gamewatch                 V  com.ashhas.gamewatch is not listed in ANGLE allowlist or settings, returning default\
2026-01-30 18:26:52.923 22781-22781 GraphicsEnvironment     com.ashhas.gamewatch                 V  Updatable production driver is not supported on the device.\
2026-01-30 18:26:52.923 22781-22781 ResourcesManagerExtImpl com.ashhas.gamewatch                 D  applyConfigurationToAppResourcesLocked app.getDisplayId() return callback.displayId:-1\
2026-01-30 18:26:52.925 15074-15097 SceneSDK.1...tchAbility com.oplus.metis                      D  onAppSwitchEvent: AppSwitchEvent(timeStamp=1769794012915, eventType=1, targetName=com.ashhas.gamewatch, firstStart=true, multiApp=false, windowMode=1, resumingPackageName=, resumingActivityName=, isResumingMultiApp=false, isResumingFirstStart=false)\
2026-01-30 18:26:52.925 15074-15097 metis_v2_A...aCollector com.oplus.metis                      I  AppEnterEvent =  com.ashhas.gamewatch, windowMode = 1,firstStart = true\
2026-01-30 18:26:52.925 22781-22781 SessionsDependencies    com.ashhas.gamewatch                 D  Dependency to CRASHLYTICS added.\
2026-01-30 18:26:52.925 15074-15097 metis_v2_A...aCollector com.oplus.metis                      W  fenceKey = com.oplus.metis:TOP_APPLICATION, getExits = [], getEnters = [] packageName = com.ashhas.gamewatch\
2026-01-30 18:26:52.925 22781-22781 FirebaseApp             com.ashhas.gamewatch                 I  Device unlocked: initializing all Firebase APIs for app [DEFAULT]\
2026-01-30 18:26:52.928 22781-22781 FirebaseSessions        com.ashhas.gamewatch                 D  Initializing Firebase Sessions SDK.\
2026-01-30 18:26:52.928 22781-22781 FirebaseCrashlytics     com.ashhas.gamewatch                 I  Initializing Firebase Crashlytics 19.4.4 for com.ashhas.gamewatch\
