2026-01-30 18:26:57.756 22781-22781 VRI[MainActivity]       com.ashhas.gamewatch                 W  performTraversals: cancelAndRedraw, mLastPerformTraversalsSkipDrawReasonpredraw_y2.e\
2026-01-30 18:26:57.764 22781-22781 VRI[MainActivity]       com.ashhas.gamewatch                 W  performTraversals: cancelAndRedraw, mLastPerformTraversalsSkipDrawReasonpredraw_y2.e\
2026-01-30 18:26:57.773 22781-22781 VRI[MainActivity]       com.ashhas.gamewatch                 W  performTraversals: cancelAndRedraw, mLastPerformTraversalsSkipDrawReasonpredraw_y2.e\
2026-01-30 18:26:57.781 22781-22781 VRI[MainActivity]       com.ashhas.gamewatch                 W  performTraversals: cancelAndRedraw, mLastPerformTraversalsSkipDrawReasonpredraw_y2.e\
2026-01-30 18:26:57.789 22781-22781 VRI[MainActivity]       com.ashhas.gamewatch                 W  performTraversals: cancelAndRedraw, mLastPerformTraversalsSkipDrawReasonpredraw_y2.e\
2026-01-30 18:26:57.797 22781-22781 VRI[MainActivity]       com.ashhas.gamewatch                 W  performTraversals: cancelAndRedraw, mLastPerformTraversalsSkipDrawReasonpredraw_y2.e\
2026-01-30 18:26:57.806 22781-22781 VRI[MainActivity]       com.ashhas.gamewatch                 W  performTraversals: cancelAndRedraw, mLastPerformTraversalsSkipDrawReasonpredraw_y2.e\
2026-01-30 18:26:57.814 22781-22781 VRI[MainActivity]       com.ashhas.gamewatch                 W  performTraversals: cancelAndRedraw, mLastPerformTraversalsSkipDrawReasonpredraw_y2.e\
2026-01-30 18:26:57.822 22781-22781 VRI[MainActivity]       com.ashhas.gamewatch                 W  performTraversals: cancelAndRedraw, mLastPerformTraversalsSkipDrawReasonpredraw_y2.e\
2026-01-30 18:26:57.831 22781-22781 VRI[MainActivity]       com.ashhas.gamewatch                 W  performTraversals: cancelAndRedraw, mLastPerformTraversalsSkipDrawReasonpredraw_y2.e\
2026-01-30 18:26:57.839 22781-22781 VRI[MainActivity]       com.ashhas.gamewatch                 W  performTraversals: cancelAndRedraw, mLastPerformTraversalsSkipDrawReasonpredraw_y2.e\
2026-01-30 18:26:57.847 22781-22781 VRI[MainActivity]       com.ashhas.gamewatch                 W  performTraversals: cancelAndRedraw, mLastPerformTraversalsSkipDrawReasonpredraw_y2.e\
2026-01-30 18:26:57.855 22781-22781 VRI[MainActivity]       com.ashhas.gamewatch                 W  performTraversals: cancelAndRedraw, mLastPerformTraversalsSkipDrawReasonpredraw_y2.e\
2026-01-30 18:26:57.864 22781-22781 VRI[MainActivity]       com.ashhas.gamewatch                 W  performTraversals: cancelAndRedraw, mLastPerformTraversalsSkipDrawReasonpredraw_y2.e\
2026-01-30 18:26:57.872 22781-22781 VRI[MainActivity]       com.ashhas.gamewatch                 W  performTraversals: cancelAndRedraw, mLastPerformTraversalsSkipDrawReasonpredraw_y2.e\
2026-01-30 18:26:57.880 22781-22781 VRI[MainActivity]       com.ashhas.gamewatch                 W  performTraversals: cancelAndRedraw, mLastPerformTraversalsSkipDrawReasonpredraw_y2.e\
2026-01-30 18:26:57.889 22781-22781 VRI[MainActivity]       com.ashhas.gamewatch                 W  performTraversals: cancelAndRedraw, mLastPerformTraversalsSkipDrawReasonpredraw_y2.e\
2026-01-30 18:26:57.897 22781-22781 VRI[MainActivity]       com.ashhas.gamewatch                 W  performTraversals: cancelAndRedraw, mLastPerformTraversalsSkipDrawReasonpredraw_y2.e\
2026-01-30 18:26:57.905 22781-22781 VRI[MainActivity]       com.ashhas.gamewatch                 W  performTraversals: cancelAndRedraw, mLastPerformTraversalsSkipDrawReasonpredraw_y2.e\
2026-01-30 18:26:57.913 22781-22781 VRI[MainActivity]       com.ashhas.gamewatch                 W  performTraversals: cancelAndRedraw, mLastPerformTraversalsSkipDrawReasonpredraw_y2.e\
2026-01-30 18:26:57.922 22781-22781 VRI[MainActivity]       com.ashhas.gamewatch                 W  performTraversals: cancelAndRedraw, mLastPerformTraversalsSkipDrawReasonpredraw_y2.e\
2026-01-30 18:26:57.930 22781-22781 VRI[MainActivity]       com.ashhas.gamewatch                 W  performTraversals: cancelAndRedraw, mLastPerformTraversalsSkipDrawReasonpredraw_y2.e\
2026-01-30 18:26:57.938 22781-22781 VRI[MainActivity]       com.ashhas.gamewatch                 W  performTraversals: cancelAndRedraw, mLastPerformTraversalsSkipDrawReasonpredraw_y2.e\
2026-01-30 18:26:57.947 22781-22781 VRI[MainActivity]       com.ashhas.gamewatch                 W  performTraversals: cancelAndRedraw, mLastPerformTraversalsSkipDrawReasonpredraw_y2.e\
2026-01-30 18:26:57.955 22781-22781 VRI[MainActivity]       com.ashhas.gamewatch                 W  performTraversals: cancelAndRedraw, mLastPerformTraversalsSkipDrawReasonpredraw_y2.e\
2026-01-30 18:26:57.963 22781-22781 VRI[MainActivity]       com.ashhas.gamewatch                 W  performTraversals: cancelAndRedraw, mLastPerformTraversalsSkipDrawReasonpredraw_y2.e\
2026-01-30 18:26:57.971 22781-22781 VRI[MainActivity]       com.ashhas.gamewatch                 W  performTraversals: cancelAndRedraw, mLastPerformTraversalsSkipDrawReasonpredraw_y2.e\
2026-01-30 18:26:57.980 22781-22781 VRI[MainActivity]       com.ashhas.gamewatch                 W  performTraversals: cancelAndRedraw, mLastPerformTraversalsSkipDrawReasonpredraw_y2.e\
2026-01-30 18:26:57.988 22781-22781 VRI[MainActivity]       com.ashhas.gamewatch                 W  performTraversals: cancelAndRedraw, mLastPerformTraversalsSkipDrawReasonpredraw_y2.e\
2026-01-30 18:26:57.997 22781-22781 VRI[MainActivity]       com.ashhas.gamewatch                 W  performTraversals: cancelAndRedraw, mLastPerformTraversalsSkipDrawReasonpredraw_y2.e\
2026-01-30 18:26:58.004 22781-22781 VRI[MainActivity]       com.ashhas.gamewatch                 W  performTraversals: cancelAndRedraw, mLastPerformTraversalsSkipDrawReasonpredraw_y2.e\
2026-01-30 18:26:58.013 22781-22781 VRI[MainActivity]       com.ashhas.gamewatch                 W  performTraversals: cancelAndRedraw, mLastPerformTraversalsSkipDrawReasonpredraw_y2.e\
2026-01-30 18:26:58.021 22781-22781 VRI[MainActivity]       com.ashhas.gamewatch                 W  performTraversals: cancelAndRedraw, mLastPerformTraversalsSkipDrawReasonpredraw_y2.e\
2026-01-30 18:26:58.029 22781-22781 VRI[MainActivity]       com.ashhas.gamewatch                 W  performTraversals: cancelAndRedraw, mLastPerformTraversalsSkipDrawReasonpredraw_y2.e\
2026-01-30 18:26:58.038 22781-22781 VRI[MainActivity]       com.ashhas.gamewatch                 W  performTraversals: cancelAndRedraw, mLastPerformTraversalsSkipDrawReasonpredraw_y2.e\
2026-01-30 18:26:58.046 22781-22781 VRI[MainActivity]       com.ashhas.gamewatch                 W  performTraversals: cancelAndRedraw, mLastPerformTraversalsSkipDrawReasonpredraw_y2.e\
2026-01-30 18:26:58.054 22781-22781 VRI[MainActivity]       com.ashhas.gamewatch                 W  performTraversals: cancelAndRedraw, mLastPerformTraversalsSkipDrawReasonpredraw_y2.e\
2026-01-30 18:26:58.063 22781-22781 VRI[MainActivity]       com.ashhas.gamewatch                 W  performTraversals: cancelAndRedraw, mLastPerformTraversalsSkipDrawReasonpredraw_y2.e\
2026-01-30 18:26:58.071 22781-22781 VRI[MainActivity]       com.ashhas.gamewatch                 W  performTraversals: cancelAndRedraw, mLastPerformTraversalsSkipDrawReasonpredraw_y2.e\
2026-01-30 18:26:58.079 22781-22781 VRI[MainActivity]       com.ashhas.gamewatch                 W  performTraversals: cancelAndRedraw, mLastPerformTraversalsSkipDrawReasonpredraw_y2.e\
2026-01-30 18:26:58.087 22781-22781 VRI[MainActivity]       com.ashhas.gamewatch                 W  performTraversals: cancelAndRedraw, mLastPerformTraversalsSkipDrawReasonpredraw_y2.e\
2026-01-30 18:26:58.096 22781-22781 VRI[MainActivity]       com.ashhas.gamewatch                 W  performTraversals: cancelAndRedraw, mLastPerformTraversalsSkipDrawReasonpredraw_y2.e\
2026-01-30 18:26:58.104 22781-22781 VRI[MainActivity]       com.ashhas.gamewatch                 W  performTraversals: cancelAndRedraw, mLastPerformTraversalsSkipDrawReasonpredraw_y2.e\
2026-01-30 18:26:58.112 22781-22781 VRI[MainActivity]       com.ashhas.gamewatch                 W  performTraversals: cancelAndRedraw, mLastPerformTraversalsSkipDrawReasonpredraw_y2.e\
2026-01-30 18:26:58.120 22781-22781 VRI[MainActivity]       com.ashhas.gamewatch                 W  performTraversals: cancelAndRedraw, mLastPerformTraversalsSkipDrawReasonpredraw_y2.e\
2026-01-30 18:26:58.129 22781-22781 VRI[MainActivity]       com.ashhas.gamewatch                 W  performTraversals: cancelAndRedraw, mLastPerformTraversalsSkipDrawReasonpredraw_y2.e\
2026-01-30 18:26:58.130  3561-7049  VRR [OPlus...teService] system_server                        D   HandleSetAppFrameRate [ 0 , com.ashhas.gamewatch , false , version-1 ]\
2026-01-30 18:26:58.131 22781-22795 OplusGraphicsEvent      com.ashhas.gamewatch                 D  FRTC type change to 0, rate: 0, info: false\
2026-01-30 18:26:58.131 22781-22795 GuiUtils                com.ashhas.gamewatch                 I  VRR [FRTC] s client update frtcType from 1 to 0\
2026-01-30 18:26:58.131 22781-22795 GuiUtils                com.ashhas.gamewatch                 I  VRR [FRTC] s client update frtcRate from 20 to 0\
2026-01-30 18:26:58.133  3561-7049  ActivityTaskManager     system_server                        D  setAppVisibility(Token\{3d92a31 ActivityRecord\{11978677 u0 com.ashhas.gamewatch/.MainActivity t2243\}\}, visible=false):  visible=true mVisibleRequested=true\
2026-01-30 18:26:58.133  3561-7049  ActivityTaskManager     system_server                        D  setVisibility defer change visibility for:ActivityRecord\{11978677 u0 com.ashhas.gamewatch/.MainActivity t2243\} visible:false\
2026-01-30 18:26:58.133  3561-7049  ActivityTaskManager     system_server                        D  setVisibility(Token\{3d92a31 ActivityRecord\{11978677 u0 com.ashhas.gamewatch/.MainActivity t2243\}\}, visible=false) defer commitVisibility for inFinishingTransition\
2026-01-30 18:26:58.134  3561-7049  Transition              system_server                        D  finishTransition ar ActivityRecord\{11978677 u0 com.ashhas.gamewatch/.MainActivity t2243\}, isVisibleRequested=false, state=RESUMED, visibleAtTransitionEndTokens=\{\}, this=TransitionRecord\{e66e377 id=7794 track=0 type=TO_FRONT flags=0x80 state=2 c=[\
                                                                                                       ChangeInfo\{51d44cf container=WallpaperWindowToken\{3c5ed2d showWhenLocked=true\} flags=0x0\}\
                                                                                                       ChangeInfo\{274be4 container=Display\{#0 state=ON size=1272x2800 ROTATION_0\} flags=0x0\}\
                                                                                                       ChangeInfo\{ac4d12e container=Task\{64946d8 #2243 type=standard A=10449:com.ashhas.gamewatch\} flags=0x4\}\
                                                                                                       ChangeInfo\{32f84d container=DefaultTaskDisplayArea@106044342 flags=0x0\}\
                                                                                                       ChangeInfo\{66167a9 container=Task\{94975a8 #1 type=home\} flags=0x30\}\
                                                                                                       ChangeInfo\{5e95f02 container=ActivityRecord\{186514228 u0 com.android.launcher/.Launcher t1713\} flags=0x0\}\
                                                                                                       ChangeInfo\{cdc4013 container=Task\{f571e1e #1713 type=undefined I=com.android.launcher/.Launcher\} flags=0x30\}\
                                                                                                    ]\
                                                                                                    \}\
2026-01-30 18:26:58.137  3561-7049  ActivityTaskManager     system_server                        D  commitVisibility: ActivityRecord\{11978677 u0 com.ashhas.gamewatch/.MainActivity t2243\}: visible=false visibleRequested=false, isInTransition=false \
2026-01-30 18:26:58.137  3561-7049  WindowManager           system_server                        D  NFW_setClientVisible:ActivityRecord\{11978677 u0 com.ashhas.gamewatch/.MainActivity t2243\} clientVisible:false\
2026-01-30 18:26:58.138  3561-7049  Transition              system_server                        D  finishTransition ar ActivityRecord\{186514228 u0 com.android.launcher/.Launcher t1713\}, isVisibleRequested=true, state=RESUMED, visibleAtTransitionEndTokens=\{\}, this=TransitionRecord\{e66e377 id=7794 track=0 type=TO_FRONT flags=0x80 state=2 c=[\
                                                                                                       ChangeInfo\{51d44cf container=WallpaperWindowToken\{3c5ed2d showWhenLocked=true\} flags=0x0\}\
                                                                                                       ChangeInfo\{274be4 container=Display\{#0 state=ON size=1272x2800 ROTATION_0\} flags=0x0\}\
                                                                                                       ChangeInfo\{ac4d12e container=Task\{64946d8 #2243 type=standard A=10449:com.ashhas.gamewatch\} flags=0x4\}\
                                                                                                       ChangeInfo\{32f84d container=DefaultTaskDisplayArea@106044342 flags=0x0\}\
                                                                                                       ChangeInfo\{66167a9 container=Task\{94975a8 #1 type=home\} flags=0x30\}\
                                                                                                       ChangeInfo\{5e95f02 container=ActivityRecord\{186514228 u0 com.android.launcher/.Launcher t1713\} flags=0x0\}\
                                                                                                       ChangeInfo\{cdc4013 container=Task\{f571e1e #1713 type=undefined I=com.android.launcher/.Launcher\} flags=0x30\}\
                                                                                                    ]\
                                                                                                    \}\
2026-01-30 18:26:58.138 22781-22781 VRI[MainActivity]       com.ashhas.gamewatch                 W  performTraversals: cancelAndRedraw, mLastPerformTraversalsSkipDrawReasonpredraw_y2.e\
2026-01-30 18:26:58.138 22781-22795 VRI[MainActivity]       com.ashhas.gamewatch                 D  dispatchAppVisibility visible:false mUpcomingWindowFocus:false\
2026-01-30 18:26:58.139  3561-7049  OplusTrans...Controller system_server                        D  finishTransition, transition: TransitionRecord\{e66e377 id=7794 track=0 type=TO_FRONT flags=0x80 state=4 c=[\
                                                                                                       ChangeInfo\{51d44cf container=WallpaperWindowToken\{3c5ed2d showWhenLocked=true\} flags=0x0\}\
                                                                                                       ChangeInfo\{274be4 container=Display\{#0 state=ON size=1272x2800 ROTATION_0\} flags=0x0\}\
                                                                                                       ChangeInfo\{ac4d12e container=Task\{64946d8 #2243 type=standard A=10449:com.ashhas.gamewatch\} flags=0x4\}\
                                                                                                       ChangeInfo\{32f84d container=DefaultTaskDisplayArea@106044342 flags=0x0\}\
                                                                                                       ChangeInfo\{66167a9 container=Task\{94975a8 #1 type=home\} flags=0x30\}\
                                                                                                       ChangeInfo\{5e95f02 container=ActivityRecord\{186514228 u0 com.android.launcher/.Launcher t1713\} flags=0x0\}\
                                                                                                       ChangeInfo\{cdc4013 container=Task\{f571e1e #1713 type=undefined I=com.android.launcher/.Launcher\} flags=0x30\}\
                                                                                                    ]\
                                                                                                    \}\
2026-01-30 18:26:58.139  3561-7049  FlexibleTa...Controller system_server                        D   finishTransition pendingRecentToFlexibleTask:null,isRotationTransition:false ,pendingRecentToFlexible:null ,transition:TransitionRecord\{e66e377 id=7794 track=0 type=TO_FRONT flags=0x80 state=4 c=[\
                                                                                                       ChangeInfo\{51d44cf container=WallpaperWindowToken\{3c5ed2d showWhenLocked=true\} flags=0x0\}\
                                                                                                       ChangeInfo\{274be4 container=Display\{#0 state=ON size=1272x2800 ROTATION_0\} flags=0x0\}\
                                                                                                       ChangeInfo\{ac4d12e container=Task\{64946d8 #2243 type=standard A=10449:com.ashhas.gamewatch\} flags=0x4\}\
                                                                                                       ChangeInfo\{32f84d container=DefaultTaskDisplayArea@106044342 flags=0x0\}\
                                                                                                       ChangeInfo\{66167a9 container=Task\{94975a8 #1 type=home\} flags=0x30\}\
                                                                                                       ChangeInfo\{5e95f02 container=ActivityRecord\{186514228 u0 com.android.launcher/.Launcher t1713\} flags=0x0\}\
                                                                                                       ChangeInfo\{cdc4013 container=Task\{f571e1e #1713 type=undefined I=com.android.launcher/.Launcher\} flags=0x30\}\
                                                                                                    ]\
                                                                                                    \}\
2026-01-30 18:26:58.139  3561-7049  OplusShort...tionPolicy system_server                        D  finishTransition transition=TransitionRecord\{e66e377 id=7794 track=0 type=TO_FRONT flags=0x80 state=4 c=[\
                                                                                                       ChangeInfo\{51d44cf container=WallpaperWindowToken\{3c5ed2d showWhenLocked=true\} flags=0x0\}\
                                                                                                       ChangeInfo\{274be4 container=Display\{#0 state=ON size=1272x2800 ROTATION_0\} flags=0x0\}\
                                                                                                       ChangeInfo\{ac4d12e container=Task\{64946d8 #2243 type=standard A=10449:com.ashhas.gamewatch\} flags=0x4\}\
                                                                                                       ChangeInfo\{32f84d container=DefaultTaskDisplayArea@106044342 flags=0x0\}\
                                                                                                       ChangeInfo\{66167a9 container=Task\{94975a8 #1 type=home\} flags=0x30\}\
                                                                                                       ChangeInfo\{5e95f02 container=ActivityRecord\{186514228 u0 com.android.launcher/.Launcher t1713\} flags=0x0\}\
                                                                                                       ChangeInfo\{cdc4013 container=Task\{f571e1e #1713 type=undefined I=com.android.launcher/.Launcher\} flags=0x30\}\
                                                                                                    ]\
                                                                                                    \}\
2026-01-30 18:26:58.140  3561-7049  ActivityTaskManager     system_server                        D  setVisibility after transition for:ActivityRecord\{11978677 u0 com.ashhas.gamewatch/.MainActivity t2243\}\
2026-01-30 18:26:58.140  3561-3779  WindowStateExtImpl      system_server                        I  onSurfaceShowChange show = false mPackageName = com.ashhas.gamewatch parentPkgName = com.ashhas.gamewatch\
2026-01-30 18:26:58.141 22781-22813 SessionLifecycleClient  com.ashhas.gamewatch                 D  Sending lifecycle 2 to service\
2026-01-30 18:26:58.142 22781-22866 SessionLifecycleService com.ashhas.gamewatch                 D  Activity backgrounding at 461464017\
2026-01-30 18:26:58.145 22781-22781 VRI[MainActivity]       com.ashhas.gamewatch                 W  performTraversals: cancelAndRedraw, mLastPerformTraversalsSkipDrawReasonpredraw_y2.e\
2026-01-30 18:26:58.146 22781-22781 VRI[MainActivity]       com.ashhas.gamewatch                 D  visibilityChanged oldVisibility=true newVisibility=false\
2026-01-30 18:26:58.151  3561-3803  UserAwareMgr            system_server                        I  handleAppChangedToBg, pkgName: com.ashhas.gamewatch, pid: 22781\
2026-01-30 18:26:58.155 22781-22781 SurfaceView             com.ashhas.gamewatch                 I  13402136 surfaceDestroyed\
2026-01-30 18:26:58.157 22781-22833 BufferQueueProducer     com.ashhas.gamewatch                 D  [cc8018 SurfaceView[com.ashhas.gamewatch/com.ashhas.gamewatch.MainActivity]#1(BLAST Consumer)1](id:58fd00000001,api:1,p:22781,c:22781) disconnect: api 1\
2026-01-30 18:26:58.157 22781-22781 BufferQueueProducer     com.ashhas.gamewatch                 D  [cc8018 SurfaceView[com.ashhas.gamewatch/com.ashhas.gamewatch.MainActivity]#1(BLAST Consumer)1](id:58fd00000001,api:0,p:-1,c:22781) disconnect: api -1\
2026-01-30 18:26:58.157 22781-22781 BLASTBufferQueue        com.ashhas.gamewatch                 D  [cc8018 SurfaceView[com.ashhas.gamewatch/com.ashhas.gamewatch.MainActivity]#1](f:0,a:0) destructor()\
2026-01-30 18:26:58.158 22781-22781 BufferQueueConsumer     com.ashhas.gamewatch                 D  [cc8018 SurfaceView[com.ashhas.gamewatch/com.ashhas.gamewatch.MainActivity]#1(BLAST Consumer)1](id:58fd00000001,api:0,p:-1,c:22781) disconnect\
2026-01-30 18:26:58.158  3561-7049  OplusStart...dowManager system_server                        D  updateRecordSurfaceViewState windowToken = android.os.BinderProxy@8ea3079, surfaceState = false, attachedToWindow = true, inList = false, win = Window\{d11b1be u0 com.ashhas.gamewatch/com.ashhas.gamewatch.MainActivity\}\
2026-01-30 18:26:58.158 22781-22781 HWUI                    com.ashhas.gamewatch                 D  RenderProxy::destroy: this=0xb400007e955e2000, mContext=0xb400007d15456a40\
2026-01-30 18:26:58.158 22781-22829 HWUI                    com.ashhas.gamewatch                 D  SkiaVulkanPipeline::setSurface: this=0xb400007dcf15efc0, surface=NULL\
2026-01-30 18:26:58.158 22781-22829 BufferQueueProducer     com.ashhas.gamewatch                 D  [VRI[MainActivity]#0(BLAST Consumer)0](id:58fd00000000,api:1,p:22781,c:22781) disconnect: api 1\
2026-01-30 18:26:58.160 22781-22781 ViewRootImplExtImpl     com.ashhas.gamewatch                 D  wrapConfigInfoIntoFlags rotation=0, smallestScreenWidthDp=363, residentWS=false, scenario=0, bounds=Rect(0, 0 - 1272, 2800), relayoutAsync=false, flags=0, newFlags=1468018016, title=com.ashhas.gamewatch/com.ashhas.gamewatch.MainActivity\
2026-01-30 18:26:58.161  3561-6811  WindowManager           system_server                        V  Relayout Window\{d11b1be u0 com.ashhas.gamewatch/com.ashhas.gamewatch.MainActivity\}: viewVisibility=8, oldvis=0, req=1272x2800 , apr = 0, vsysui=LAYOUT_STABLE LAYOUT_FULLSCREEN\
2026-01-30 18:26:58.163 22781-22781 VRI[MainActivity]       com.ashhas.gamewatch                 D  relayoutWindow result, sizeChanged:false, surfaceControlChanged:true, transformHintChanged:false, mSurfaceSize:Point(1272, 2800), mLastSurfaceSize:Point(1272, 2800), mWidth:1272, mHeight:2800, requestedWidth:1272, requestedHeight:2800, transformHint:0, installOrientation:0, displayRotation:0, isSurfaceValid:false, attr.flag:-2122252032, tmpFrames:ClientWindowFrames\{frame=[0,0][1272,2800] display=[0,0][1272,2800] parentFrame=[0,0][0,0]\}, relayoutAsync:false, mSyncSeqId:0\
2026-01-30 18:26:58.163 22781-22781 BLASTBufferQueue        com.ashhas.gamewatch                 D  [VRI[MainActivity]#0](f:0,a:0) destructor()\
2026-01-30 18:26:58.163 22781-22781 BufferQueueConsumer     com.ashhas.gamewatch                 D  [VRI[MainActivity]#0(BLAST Consumer)0](id:58fd00000000,api:0,p:-1,c:22781) disconnect\
2026-01-30 18:26:58.164 22781-22781 VRI[MainActivity]       com.ashhas.gamewatch                 D  setWindowStopped stopped:true\
2026-01-30 18:26:58.171  3561-6394  WindowManager           system_server                        I  Window\{d11b1be u0 com.ashhas.gamewatch/com.ashhas.gamewatch.MainActivity\} state from DRAW_PENDING to NO_SURFACE; reason: destroySurface\
2026-01-30 18:26:58.171  3561-6394  ActivityTaskManager     system_server                        D  removeStartingWindowAnimation starting ActivityRecord\{11978677 u0 com.ashhas.gamewatch/.MainActivity t2243\} startingWindow=null ,startingView=com.android.server.wm.StartingSurfaceController$StartingSurface@8de8c44,Callers=com.android.server.wm.ActivityRecord.removeStartingWindow:3409 com.android.server.wm.ActivityRecord.activityStopped:7986 com.android.server.wm.ActivityClientController.activityStopped:306 android.app.IActivityClientController$Stub.onTransact:710 com.android.server.wm.ActivityClientController.onTransact:184 \
2026-01-30 18:26:58.171  3561-6394  OplusStart...dowManager system_server                        D  interceptRemoveStartingWindow: packageName=com.ashhas.gamewatch,  componentName=com.ashhas.gamewatch/.MainActivity, isSnapshot=false, startingSurfaceRunnable=null, isDrawCompleted=false, hasSurfaceView=false, inTransition=false\
2026-01-30 18:26:58.171  3561-6394  OplusSplitScreenDnDUI   system_server                        D  notifyRemoveStartingWindow isSpitScreenDrag = false mDropTargetSurface = null StartingWindowpkgName = com.ashhas.gamewatch DragPkg = null isLauncherResume = true\
2026-01-30 18:26:58.171  3561-6394  OplusStart...dowManager system_server                        D  interceptRemoveStartingWindow: hasSplashWindowFlag() return false for activity=ActivityRecord\{11978677 u0 com.ashhas.gamewatch/.MainActivity t2243\}\
2026-01-30 18:26:58.171  3561-6394  TaskOrganizerController system_server                        D  TaskOrganizerController.removeStartingWindow: call wmshell to removeStartingWindow Task\{64946d8 #2243 type=standard A=10449:com.ashhas.gamewatch\}\
2026-01-30 18:26:58.172  3561-8299  OStatsManager_Calc      system_server                        I  add screen power pkgName = com.ashhas.gamewatch, uid = 10449, power = 216.6554999947548, is Fg = true, fore size = 2, mScale = 1.0\
2026-01-30 18:26:58.172  3561-8299  OStatsManager_Calc      system_server                        I  noteBeforePkgSwitch change = false, curTime = 948918371, com.ashhas.gamewatch, fg = true\
2026-01-30 18:26:58.172  3561-8299  OStatsMana...atsManager system_server                        I  updateStateTime: PkgName = com.ashhas.gamewatch, uid = 10449, state to bg, mForegroundCnt = 0, isFg = false\
2026-01-30 18:26:58.172  3561-8299  OStatsMana...atsManager system_server                        I  notePkgBackground [com.android.launcher10233], uid = 10449, pid = 22781, pkgName = com.ashhas.gamewatch\
2026-01-30 18:26:58.173  8164-15404 MssPanelHelper          com.oplus.persist.multimedia         D  FOREGROUND_ACTIVITIES_CHANGED package: com.ashhas.gamewatch hasForegroundActivities: 0\
2026-01-30 18:26:58.173  2410-11737 AudioFlingerExtImpl     audioserver                          D  AudioFlingerExtImpl oplusSetParameters: keyvalue onForegroundActivitiesChanged=com.ashhas.gamewatch:foreground:0|10449:22781\
2026-01-30 18:26:58.179 22781-22829 HWUI                    com.ashhas.gamewatch                 D  RenderThread::destroyRenderingContext: this=0xb400007e2e2d4600\
2026-01-30 18:26:58.179 22781-22829 HWUI                    com.ashhas.gamewatch                 D  SkiaVulkanPipeline::onContextDestroyed: this=0xb400007dcf15efc0\
2026-01-30 18:26:58.538  5900-6013  ViewRootImplExtImpl     com.android.systemui                 D  wrapConfigInfoIntoFlags rotation=0, smallestScreenWidthDp=363, residentWS=false, scenario=0, bounds=Rect(0, 0 - 1272, 2800), relayoutAsync=false, flags=0, newFlags=1468018016, title=Splash Screen com.ashhas.gamewatch\
2026-01-30 18:26:58.539  3561-6930  WindowManager           system_server                        V  Relayout Window\{dea0825 u0 Splash Screen com.ashhas.gamewatch\}: viewVisibility=8, oldvis=0, req=1272x2800 , apr = 0, vsysui=\
2026-01-30 18:26:58.540  3561-6930  WindowManager           system_server                        I  Window\{dea0825 u0 Splash Screen com.ashhas.gamewatch\} state from HAS_DRAWN to NO_SURFACE; reason: destroySurface\
2026-01-30 18:26:58.823 22781-22921 ProfileInstaller        com.ashhas.gamewatch                 D  Installing profile for com.ashhas.gamewatch\
2026-01-30 18:26:58.907  3561-3770  SensorServiceExtImpl    system_server                        D  notifyApplicationLaunchStage processName=com.ashhas.gamewatch, uid=10449, pid=22781, stage=0\
2026-01-30 18:27:00.148 22781-22841 FA                      com.ashhas.gamewatch                 I  Application backgrounded at: timestamp_millis: 1769794018146\
2026-01-30 18:27:00.249  3561-6111  OplusHansManager        system_server                        I  uid=10449, pkg=com.ashhas.gamewatch M enter(), R stay=3\
2026-01-30 18:27:00.254  3561-6114  OplusAlarmAdjustment    system_server                        D  proxyAlarmsByUid(), uid=10449, pkgName=com.ashhas.gamewatch, requester=1\
2026-01-30 18:27:00.254  3561-4664  OplusAlarmAdjustMap     system_server                        D  addProxyUid, uid=10449, pkgName=com.ashhas.gamewatch, requester=1\
2026-01-30 18:27:00.254  3561-6114  OplusHansManager        system_server                        I  try idling uid 10449 package com.ashhas.gamewatch from OFreezer.\
2026-01-30 18:27:03.254  3561-6111  OplusHansManager        system_server                        I  uid=10449, pkg=com.ashhas.gamewatch F enter(), M stay=3\
2026-01-30 18:27:03.258  3561-6111  OplusHansManager        system_server                        I  freeze uid: 10449 com.ashhas.gamewatch pids: [22781] scene: LcdOn\
2026-01-30 18:27:03.258  3561-8299  OStatsMana...atsManager system_server                        I  updateStateTime: PkgName = com.ashhas.gamewatch, uid = 10449, state to em, mForegroundCnt = 0, isFg = false\
2026-01-30 18:27:03.259  3561-6114  OplusHansManager        system_server                        I  p_BC uid=10449 pkg=com.ashhas.gamewatch\
2026-01-30 18:27:03.259  3561-6114  OplusBinderProxy        system_server                        I  proxyBinder uid: 10449 pkg: com.ashhas.gamewatch proxy: true calling: OFreezer\
2026-01-30 18:27:03.259  3561-6114  LocationFreezeProc      system_server                        I  will freezeLocationProcess for com.ashhas.gamewatch, 10449, true, false\
2026-01-30 18:27:08.260  3561-4511  osense.compress         system_server                        D  com.ashhas.gamewatch do shrink, target ratio = 10, final ratio = 20, cur ratio = 0\
2026-01-30 18:27:28.261  3561-4511  osense.compress         system_server                        D  com.ashhas.gamewatch do shrink, target ratio = 10, final ratio = 20, cur ratio = 0\
2026-01-30 18:27:31.531 15074-15228 metis_v2_K...dgeManager com.oplus.metis                      I   |    |    |----metis/core-ontology#timeStamp: 1769793451284^^http://www.w3.org/2001/XMLSchema#long@/n@|    |    |    |----metis/core-ontology#hasValue: true^^http://www.w3.org/2001/XMLSchema#boolean@/n@|    |    |----metis/core-ontology#batteryValue: metis/core-ontology#29391996-b8a4-473e-afa2-29afca3ab283@/n@|    |    |    |----metis/core-ontology#timeStamp: 1769793978803^^http://www.w3.org/2001/XMLSchema#long@/n@|    |    |    |----metis/core-ontology#hasValue: 42^^http://www.w3.org/2001/XMLSchema#int@/n@|    |----metis/core-ontology#lastAPILevel: 36^^http://www.w3.org/2001/XMLSchema#int@/n@|    |----metis/core-ontology#SoftwareConfidential: false^^http://www.w3.org/2001/XMLSchema#boolean@/n@|    |----metis/core-ontology#deviceMarketName: OnePlus^^http://www.w3.org/2001/XMLSchema#string@/n@|    |----metis/core-ontology#hasExitedApp: metis/core-ontology#Application[_pkgName=com.coloros.alarmclock_pid=-1]@/n@|    |    |----metis/core-ontology#timeStamp: 1769794017286^^http://www.w3.org/2001/XMLSchema#long@/n@|    |    |----metis/core-ontology#pkgName: com.ashhas.gamewatch^^http://www.w3.org/2001/XMLSchema#string@/n@|    |    |----metis/core-ontology#pid: -1^^http://www.w3.org/2001/XMLSchema#int@/n@|    |----metis/core-ontology#firstAPILevel: 36^^http://www.w3.org/2001/XMLSchema#int@/n@|    |----metis/core-ontology#almanacSubStatus: 0^^http://www.w3.org/2001/XMLSchema#int@/n@|    |----metis/core-ontology#majorOSVersionUpgradeTime: 1766459477663^^http://www.w3.org/2001/XMLSchema#long@/n@|    |----metis/core-ontology#hasTopApp: metis/core-ontology#TopApplication@/n@|    |    |----metis/core-ontology#isNotifiedTVCast: false^^http://www.w3.org/2001/XMLSchema#boolean@/n@|    |    |----metis/core-ontology#timeStamp: 1769794017288^^http://www.w3.org/2001/XMLSchema#long@/n@|    |    |----metis/core-ontology#pkgName: com.android.launcher^^http://www.w3.org/2001/XMLSchema#string@/n@|    |    |----metis/core-ontology#pid: -1^^http://www.w3.org/2001/XMLSchema#int@/n@|    |----metis/core-ontology#hasMobileDataState: metis/core-ontology#a6957f4c-5a2c-430e-b637-8af63c8c5faa@/n@|    |    |----metis/core-ontology#isMobileDataOn: metis/core-ontology#fbad9f04-13c2-411f-87ba-32b55ad3de68@/n@|    |    |    |----metis/core-ontology#timeStamp: 1769780798436^^http://www.w3.org/2001/XMLSchema#long@/n@|    |    |    |----metis/core-ontology#hasValue: false^^http://www.w3.org/2001/XMLSchema#boolean@/n@|    |----metis/core-ontology#ColorOSDisplayVersion: 16.0.3^^http://www.w3.org/2001/XMLSchema#string@/n@|    |----metis/core-ontology#usedClonePhone: false^^http://www.w3.org/2001/XMLSchema#boolean@/n@|    |----metis/core-ontology#metisVersion: 16016311^^http://www.w3.org/2001/XMLSchema#int@/n@|    |----metis/core-ontology#hasWifiState: metis/core-ontology#9ab7b6d1-f12c-4aaa-b4bc-201ecb4147d7@/n@|    |    |----metis/core-ontology#wifiSsid: Ziggo2453295^^http://www.w3.org/2001/XMLSchema#string@/n@|    |    |----metis/core-ontology#isWifiOn: metis/core-ontology#8c2be81f-248b-4533-b8c7-82231113d8c8@/n@|    |    |    |----metis/core-ontology#timeStamp: 1769739648582^^ [7f0000011769739649150436415380|p_15380_2d03f67@4|p_15074_cf0a938@11|com.oplus.metis]\
2026-01-30 18:27:48.263  3561-4511  osense.compress         system_server                        D  com.ashhas.gamewatch do shrink, target ratio = 10, final ratio = 20, cur ratio = 0\
2026-01-30 18:28:08.266  3561-4511  osense.compress         system_server                        D  com.ashhas.gamewatch do shrink, target ratio = 10, final ratio = 20, cur ratio = 0\
2026-01-30 18:28:28.267  3561-4511  osense.compress         system_server                        D  com.ashhas.gamewatch do shrink, target ratio = 10, final ratio = 20, cur ratio = 0\
2026-01-30 18:28:29.548  3561-3779  Transition              system_server                        D  collectOrderChanges onTopTasksEnd: [Task\{94975a8 #1 type=home\}, Task\{f571e1e #1713 type=undefined I=com.android.launcher/.Launcher\}], reportedOnTop:null, mOnTopTasksStart: [Task\{94975a8 #1 type=home\}, Task\{f571e1e #1713 type=undefined I=com.android.launcher/.Launcher\}], TDA child: [Task\{2a5b404 #2210 type=standard A=10352:com.openai.chatgpt\}, Task\{ab04543 #3 type=undefined\}, Task\{120cdfb #2204 type=standard A=10335:com.revolut.revolut nonResizable\}, Task\{17d46c3 #2207 type=standard A=10359:com.greenwheels\}, Task\{a0f6f32 #2219 type=standard A=10393:com.philips.lighting.hue2\}, Task\{718f761 #2224 type=standard A=10318:com.coloros.alarmclock nonResizable\}, Task\{1d55330 #2226 type=standard A=10341:google.android.task.calendar\}, Task\{b19754a #2220 type=standard A=10435:com.alibaba.aliexpresshd\}, Task\{798b3ae #2203 type=standard A=10394:com.ing.mobile\}, Task\{ea52955 #2209 type=standard A=10349:bbl.intl.bambulab.com\}, Task\{6485815 #2229 type=standard A=10434:com.stremio.one\}, Task\{1397e0 #2227 type=standard A=10385:com.ubercab.eats\}, Task\{58c89c9 #1894 type=standard A=10160:com.oplus.camera nonResizable\}, Task\{798cef4 #2218 type=standard A=10415:app.revanced.android.youtube\}, Task\{4bca6c2 #2216 type=standard A=10401:app.mihon\}, Task\{a360799 #2235 type=standard A=1000:com.android.settings.root\}, Task\{ab59b3b #2240 type=standard A=10321:com.brave.browser\}, Task\{cc73c04 #2234 type=standard A=10374:com.reddit.frontpage\}, Task\{9d402de #2211 type=standard A=10097:com.android.vending\}, Task\{64946d8 #2243 type=standard A=10449:com.ashhas.gamewatch\}, Task\{94975a8 #1 type=home\}]\
2026-01-30 18:28:32.110  3561-8299  OStatsManager_Calc      system_server                        I  add wifi power pkgName = com.ashhas.gamewatch, uid = 10449, fg = 0.0, total = 0.0, deltaFg = 0.0, deltaTotal = 0.0, is Fg = false, isBatteryStatsAbnormal = false\
2026-01-30 18:28:32.112  3561-8299  OStatsManager_Calc      system_server                        I  add modem power pkgName = com.ashhas.gamewatch, uid = 10449, fg = 0.0, total = 0.0, deltaFg = 0.0, deltaTotal = 0.0, is Fg = false, isBatteryStatsAbnormal = false\
2026-01-30 18:28:38.922 25838-25838 SystemAlertManager      com.oplus.securitypermission:ui      D  receive pkg install:com.ashhas.gamewatch\
2026-01-30 18:28:48.268  3561-4511  osense.compress         system_server                        D  com.ashhas.gamewatch do shrink, target ratio = 10, final ratio = 20, cur ratio = 0\
}