2026-01-30 18:26:56.069 22781-22781 VRI[MainActivity]       com.ashhas.gamewatch                 W  performTraversals: cancelAndRedraw, mLastPerformTraversalsSkipDrawReasonpredraw_y2.e\
2026-01-30 18:26:56.081 22781-22781 VRI[MainActivity]       com.ashhas.gamewatch                 W  performTraversals: cancelAndRedraw, mLastPerformTraversalsSkipDrawReasonpredraw_y2.e\
2026-01-30 18:26:56.092 22781-22781 VRI[MainActivity]       com.ashhas.gamewatch                 W  performTraversals: cancelAndRedraw, mLastPerformTraversalsSkipDrawReasonpredraw_y2.e\
2026-01-30 18:26:56.103 22781-22781 VRI[MainActivity]       com.ashhas.gamewatch                 W  performTraversals: cancelAndRedraw, mLastPerformTraversalsSkipDrawReasonpredraw_y2.e\
2026-01-30 18:26:56.114 22781-22781 VRI[MainActivity]       com.ashhas.gamewatch                 W  performTraversals: cancelAndRedraw, mLastPerformTraversalsSkipDrawReasonpredraw_y2.e\
2026-01-30 18:26:56.125 22781-22781 VRI[MainActivity]       com.ashhas.gamewatch                 W  performTraversals: cancelAndRedraw, mLastPerformTraversalsSkipDrawReasonpredraw_y2.e\
2026-01-30 18:26:56.136 22781-22781 VRI[MainActivity]       com.ashhas.gamewatch                 W  performTraversals: cancelAndRedraw, mLastPerformTraversalsSkipDrawReasonpredraw_y2.e\
2026-01-30 18:26:56.148 22781-22781 VRI[MainActivity]       com.ashhas.gamewatch                 W  performTraversals: cancelAndRedraw, mLastPerformTraversalsSkipDrawReasonpredraw_y2.e\
2026-01-30 18:26:56.159 22781-22781 VRI[MainActivity]       com.ashhas.gamewatch                 W  performTraversals: cancelAndRedraw, mLastPerformTraversalsSkipDrawReasonpredraw_y2.e\
2026-01-30 18:26:56.170 22781-22781 VRI[MainActivity]       com.ashhas.gamewatch                 W  performTraversals: cancelAndRedraw, mLastPerformTraversalsSkipDrawReasonpredraw_y2.e\
2026-01-30 18:26:56.181 22781-22781 VRI[MainActivity]       com.ashhas.gamewatch                 W  performTraversals: cancelAndRedraw, mLastPerformTraversalsSkipDrawReasonpredraw_y2.e\
2026-01-30 18:26:56.192 22781-22781 VRI[MainActivity]       com.ashhas.gamewatch                 W  performTraversals: cancelAndRedraw, mLastPerformTraversalsSkipDrawReasonpredraw_y2.e\
2026-01-30 18:26:56.203 22781-22781 VRI[MainActivity]       com.ashhas.gamewatch                 W  performTraversals: cancelAndRedraw, mLastPerformTraversalsSkipDrawReasonpredraw_y2.e\
2026-01-30 18:26:56.215 22781-22781 VRI[MainActivity]       com.ashhas.gamewatch                 W  performTraversals: cancelAndRedraw, mLastPerformTraversalsSkipDrawReasonpredraw_y2.e\
2026-01-30 18:26:56.226 22781-22781 VRI[MainActivity]       com.ashhas.gamewatch                 W  performTraversals: cancelAndRedraw, mLastPerformTraversalsSkipDrawReasonpredraw_y2.e\
2026-01-30 18:26:56.237 22781-22781 VRI[MainActivity]       com.ashhas.gamewatch                 W  performTraversals: cancelAndRedraw, mLastPerformTraversalsSkipDrawReasonpredraw_y2.e\
2026-01-30 18:26:56.248 22781-22781 VRI[MainActivity]       com.ashhas.gamewatch                 W  performTraversals: cancelAndRedraw, mLastPerformTraversalsSkipDrawReasonpredraw_y2.e\
2026-01-30 18:26:56.259 22781-22781 VRI[MainActivity]       com.ashhas.gamewatch                 W  performTraversals: cancelAndRedraw, mLastPerformTraversalsSkipDrawReasonpredraw_y2.e\
2026-01-30 18:26:56.270 22781-22781 VRI[MainActivity]       com.ashhas.gamewatch                 W  performTraversals: cancelAndRedraw, mLastPerformTraversalsSkipDrawReasonpredraw_y2.e\
2026-01-30 18:26:56.281 22781-22781 VRI[MainActivity]       com.ashhas.gamewatch                 W  performTraversals: cancelAndRedraw, mLastPerformTraversalsSkipDrawReasonpredraw_y2.e\
2026-01-30 18:26:56.292 22781-22781 VRI[MainActivity]       com.ashhas.gamewatch                 W  performTraversals: cancelAndRedraw, mLastPerformTraversalsSkipDrawReasonpredraw_y2.e\
2026-01-30 18:26:56.304 22781-22781 VRI[MainActivity]       com.ashhas.gamewatch                 W  performTraversals: cancelAndRedraw, mLastPerformTraversalsSkipDrawReasonpredraw_y2.e\
2026-01-30 18:26:56.314 22781-22781 VRI[MainActivity]       com.ashhas.gamewatch                 W  performTraversals: cancelAndRedraw, mLastPerformTraversalsSkipDrawReasonpredraw_y2.e\
2026-01-30 18:26:56.326 22781-22781 VRI[MainActivity]       com.ashhas.gamewatch                 W  performTraversals: cancelAndRedraw, mLastPerformTraversalsSkipDrawReasonpredraw_y2.e\
2026-01-30 18:26:56.337 22781-22781 VRI[MainActivity]       com.ashhas.gamewatch                 W  performTraversals: cancelAndRedraw, mLastPerformTraversalsSkipDrawReasonpredraw_y2.e\
2026-01-30 18:26:56.348 22781-22781 VRI[MainActivity]       com.ashhas.gamewatch                 W  performTraversals: cancelAndRedraw, mLastPerformTraversalsSkipDrawReasonpredraw_y2.e\
2026-01-30 18:26:56.359 22781-22781 VRI[MainActivity]       com.ashhas.gamewatch                 W  performTraversals: cancelAndRedraw, mLastPerformTraversalsSkipDrawReasonpredraw_y2.e\
2026-01-30 18:26:56.370 22781-22781 VRI[MainActivity]       com.ashhas.gamewatch                 W  performTraversals: cancelAndRedraw, mLastPerformTraversalsSkipDrawReasonpredraw_y2.e\
2026-01-30 18:26:56.381 22781-22781 VRI[MainActivity]       com.ashhas.gamewatch                 W  performTraversals: cancelAndRedraw, mLastPerformTraversalsSkipDrawReasonpredraw_y2.e\
2026-01-30 18:26:56.392 22781-22781 VRI[MainActivity]       com.ashhas.gamewatch                 W  performTraversals: cancelAndRedraw, mLastPerformTraversalsSkipDrawReasonpredraw_y2.e\
2026-01-30 18:26:56.403 22781-22781 VRI[MainActivity]       com.ashhas.gamewatch                 W  performTraversals: cancelAndRedraw, mLastPerformTraversalsSkipDrawReasonpredraw_y2.e\
2026-01-30 18:26:56.414 22781-22781 VRI[MainActivity]       com.ashhas.gamewatch                 W  performTraversals: cancelAndRedraw, mLastPerformTraversalsSkipDrawReasonpredraw_y2.e\
2026-01-30 18:26:56.425 22781-22781 VRI[MainActivity]       com.ashhas.gamewatch                 W  performTraversals: cancelAndRedraw, mLastPerformTraversalsSkipDrawReasonpredraw_y2.e\
2026-01-30 18:26:56.437 22781-22781 VRI[MainActivity]       com.ashhas.gamewatch                 W  performTraversals: cancelAndRedraw, mLastPerformTraversalsSkipDrawReasonpredraw_y2.e\
2026-01-30 18:26:56.448 22781-22781 VRI[MainActivity]       com.ashhas.gamewatch                 W  performTraversals: cancelAndRedraw, mLastPerformTraversalsSkipDrawReasonpredraw_y2.e\
2026-01-30 18:26:56.459 22781-22781 VRI[MainActivity]       com.ashhas.gamewatch                 W  performTraversals: cancelAndRedraw, mLastPerformTraversalsSkipDrawReasonpredraw_y2.e\
2026-01-30 18:26:56.470 22781-22781 VRI[MainActivity]       com.ashhas.gamewatch                 W  performTraversals: cancelAndRedraw, mLastPerformTraversalsSkipDrawReasonpredraw_y2.e\
2026-01-30 18:26:56.481 22781-22781 VRI[MainActivity]       com.ashhas.gamewatch                 W  performTraversals: cancelAndRedraw, mLastPerformTraversalsSkipDrawReasonpredraw_y2.e\
2026-01-30 18:26:56.492 22781-22781 VRI[MainActivity]       com.ashhas.gamewatch                 W  performTraversals: cancelAndRedraw, mLastPerformTraversalsSkipDrawReasonpredraw_y2.e\
2026-01-30 18:26:56.503 22781-22781 VRI[MainActivity]       com.ashhas.gamewatch                 W  performTraversals: cancelAndRedraw, mLastPerformTraversalsSkipDrawReasonpredraw_y2.e\
2026-01-30 18:26:56.514 22781-22781 VRI[MainActivity]       com.ashhas.gamewatch                 W  performTraversals: cancelAndRedraw, mLastPerformTraversalsSkipDrawReasonpredraw_y2.e\
2026-01-30 18:26:56.525 22781-22781 VRI[MainActivity]       com.ashhas.gamewatch                 W  performTraversals: cancelAndRedraw, mLastPerformTraversalsSkipDrawReasonpredraw_y2.e\
2026-01-30 18:26:56.537 22781-22781 VRI[MainActivity]       com.ashhas.gamewatch                 W  performTraversals: cancelAndRedraw, mLastPerformTraversalsSkipDrawReasonpredraw_y2.e\
2026-01-30 18:26:56.548 22781-22781 VRI[MainActivity]       com.ashhas.gamewatch                 W  performTraversals: cancelAndRedraw, mLastPerformTraversalsSkipDrawReasonpredraw_y2.e\
2026-01-30 18:26:56.559 22781-22781 VRI[MainActivity]       com.ashhas.gamewatch                 W  performTraversals: cancelAndRedraw, mLastPerformTraversalsSkipDrawReasonpredraw_y2.e\
2026-01-30 18:26:56.570 22781-22781 VRI[MainActivity]       com.ashhas.gamewatch                 W  performTraversals: cancelAndRedraw, mLastPerformTraversalsSkipDrawReasonpredraw_y2.e\
2026-01-30 18:26:56.581 22781-22781 VRI[MainActivity]       com.ashhas.gamewatch                 W  performTraversals: cancelAndRedraw, mLastPerformTraversalsSkipDrawReasonpredraw_y2.e\
2026-01-30 18:26:56.593 22781-22781 VRI[MainActivity]       com.ashhas.gamewatch                 W  performTraversals: cancelAndRedraw, mLastPerformTraversalsSkipDrawReasonpredraw_y2.e\
2026-01-30 18:26:56.603 22781-22781 VRI[MainActivity]       com.ashhas.gamewatch                 W  performTraversals: cancelAndRedraw, mLastPerformTraversalsSkipDrawReasonpredraw_y2.e\
2026-01-30 18:26:56.614 22781-22781 VRI[MainActivity]       com.ashhas.gamewatch                 W  performTraversals: cancelAndRedraw, mLastPerformTraversalsSkipDrawReasonpredraw_y2.e\
2026-01-30 18:26:56.625 22781-22781 VRI[MainActivity]       com.ashhas.gamewatch                 W  performTraversals: cancelAndRedraw, mLastPerformTraversalsSkipDrawReasonpredraw_y2.e\
2026-01-30 18:26:56.636 22781-22781 VRI[MainActivity]       com.ashhas.gamewatch                 W  performTraversals: cancelAndRedraw, mLastPerformTraversalsSkipDrawReasonpredraw_y2.e\
2026-01-30 18:26:56.647 22781-22781 VRI[MainActivity]       com.ashhas.gamewatch                 W  performTraversals: cancelAndRedraw, mLastPerformTraversalsSkipDrawReasonpredraw_y2.e\
2026-01-30 18:26:56.658 22781-22781 VRI[MainActivity]       com.ashhas.gamewatch                 W  performTraversals: cancelAndRedraw, mLastPerformTraversalsSkipDrawReasonpredraw_y2.e\
2026-01-30 18:26:56.669 22781-22781 VRI[MainActivity]       com.ashhas.gamewatch                 W  performTraversals: cancelAndRedraw, mLastPerformTraversalsSkipDrawReasonpredraw_y2.e\
2026-01-30 18:26:56.681 22781-22781 VRI[MainActivity]       com.ashhas.gamewatch                 W  performTraversals: cancelAndRedraw, mLastPerformTraversalsSkipDrawReasonpredraw_y2.e\
2026-01-30 18:26:56.692 22781-22781 VRI[MainActivity]       com.ashhas.gamewatch                 W  performTraversals: cancelAndRedraw, mLastPerformTraversalsSkipDrawReasonpredraw_y2.e\
2026-01-30 18:26:56.703 22781-22781 VRI[MainActivity]       com.ashhas.gamewatch                 W  performTraversals: cancelAndRedraw, mLastPerformTraversalsSkipDrawReasonpredraw_y2.e\
2026-01-30 18:26:56.714 22781-22781 VRI[MainActivity]       com.ashhas.gamewatch                 W  performTraversals: cancelAndRedraw, mLastPerformTraversalsSkipDrawReasonpredraw_y2.e\
2026-01-30 18:26:56.726 22781-22781 VRI[MainActivity]       com.ashhas.gamewatch                 W  performTraversals: cancelAndRedraw, mLastPerformTraversalsSkipDrawReasonpredraw_y2.e\
2026-01-30 18:26:56.737 22781-22781 VRI[MainActivity]       com.ashhas.gamewatch                 W  performTraversals: cancelAndRedraw, mLastPerformTraversalsSkipDrawReasonpredraw_y2.e\
2026-01-30 18:26:56.748 22781-22781 VRI[MainActivity]       com.ashhas.gamewatch                 W  performTraversals: cancelAndRedraw, mLastPerformTraversalsSkipDrawReasonpredraw_y2.e\
2026-01-30 18:26:56.759 22781-22781 VRI[MainActivity]       com.ashhas.gamewatch                 W  performTraversals: cancelAndRedraw, mLastPerformTraversalsSkipDrawReasonpredraw_y2.e\
2026-01-30 18:26:56.770 22781-22781 VRI[MainActivity]       com.ashhas.gamewatch                 W  performTraversals: cancelAndRedraw, mLastPerformTraversalsSkipDrawReasonpredraw_y2.e\
2026-01-30 18:26:56.781 22781-22781 VRI[MainActivity]       com.ashhas.gamewatch                 W  performTraversals: cancelAndRedraw, mLastPerformTraversalsSkipDrawReasonpredraw_y2.e\
2026-01-30 18:26:56.792 22781-22781 VRI[MainActivity]       com.ashhas.gamewatch                 W  performTraversals: cancelAndRedraw, mLastPerformTraversalsSkipDrawReasonpredraw_y2.e\
2026-01-30 18:26:56.803 22781-22781 VRI[MainActivity]       com.ashhas.gamewatch                 W  performTraversals: cancelAndRedraw, mLastPerformTraversalsSkipDrawReasonpredraw_y2.e\
2026-01-30 18:26:56.814 22781-22781 VRI[MainActivity]       com.ashhas.gamewatch                 W  performTraversals: cancelAndRedraw, mLastPerformTraversalsSkipDrawReasonpredraw_y2.e\
2026-01-30 18:26:56.826 22781-22781 VRI[MainActivity]       com.ashhas.gamewatch                 W  performTraversals: cancelAndRedraw, mLastPerformTraversalsSkipDrawReasonpredraw_y2.e\
2026-01-30 18:26:56.836 22781-22781 VRI[MainActivity]       com.ashhas.gamewatch                 W  performTraversals: cancelAndRedraw, mLastPerformTraversalsSkipDrawReasonpredraw_y2.e\
2026-01-30 18:26:56.848 22781-22781 VRI[MainActivity]       com.ashhas.gamewatch                 W  performTraversals: cancelAndRedraw, mLastPerformTraversalsSkipDrawReasonpredraw_y2.e\
2026-01-30 18:26:56.859 22781-22781 VRI[MainActivity]       com.ashhas.gamewatch                 W  performTraversals: cancelAndRedraw, mLastPerformTraversalsSkipDrawReasonpredraw_y2.e\
2026-01-30 18:26:56.870 22781-22781 VRI[MainActivity]       com.ashhas.gamewatch                 W  performTraversals: cancelAndRedraw, mLastPerformTraversalsSkipDrawReasonpredraw_y2.e\
2026-01-30 18:26:56.881 22781-22781 VRI[MainActivity]       com.ashhas.gamewatch                 W  performTraversals: cancelAndRedraw, mLastPerformTraversalsSkipDrawReasonpredraw_y2.e\
2026-01-30 18:26:56.892 22781-22781 VRI[MainActivity]       com.ashhas.gamewatch                 W  performTraversals: cancelAndRedraw, mLastPerformTraversalsSkipDrawReasonpredraw_y2.e\
2026-01-30 18:26:56.903 22781-22781 VRI[MainActivity]       com.ashhas.gamewatch                 W  performTraversals: cancelAndRedraw, mLastPerformTraversalsSkipDrawReasonpredraw_y2.e\
2026-01-30 18:26:56.914 22781-22781 VRI[MainActivity]       com.ashhas.gamewatch                 W  performTraversals: cancelAndRedraw, mLastPerformTraversalsSkipDrawReasonpredraw_y2.e\
2026-01-30 18:26:56.925 22781-22781 VRI[MainActivity]       com.ashhas.gamewatch                 W  performTraversals: cancelAndRedraw, mLastPerformTraversalsSkipDrawReasonpredraw_y2.e\
2026-01-30 18:26:56.936 22781-22781 VRI[MainActivity]       com.ashhas.gamewatch                 W  performTraversals: cancelAndRedraw, mLastPerformTraversalsSkipDrawReasonpredraw_y2.e\
2026-01-30 18:26:56.948 22781-22781 VRI[MainActivity]       com.ashhas.gamewatch                 W  performTraversals: cancelAndRedraw, mLastPerformTraversalsSkipDrawReasonpredraw_y2.e\
2026-01-30 18:26:56.959 22781-22781 VRI[MainActivity]       com.ashhas.gamewatch                 W  performTraversals: cancelAndRedraw, mLastPerformTraversalsSkipDrawReasonpredraw_y2.e\
2026-01-30 18:26:56.970 22781-22781 VRI[MainActivity]       com.ashhas.gamewatch                 W  performTraversals: cancelAndRedraw, mLastPerformTraversalsSkipDrawReasonpredraw_y2.e\
2026-01-30 18:26:56.981 22781-22781 VRI[MainActivity]       com.ashhas.gamewatch                 W  performTraversals: cancelAndRedraw, mLastPerformTraversalsSkipDrawReasonpredraw_y2.e\
2026-01-30 18:26:56.992 22781-22781 VRI[MainActivity]       com.ashhas.gamewatch                 W  performTraversals: cancelAndRedraw, mLastPerformTraversalsSkipDrawReasonpredraw_y2.e\
2026-01-30 18:26:57.003 22781-22781 VRI[MainActivity]       com.ashhas.gamewatch                 W  performTraversals: cancelAndRedraw, mLastPerformTraversalsSkipDrawReasonpredraw_y2.e\
2026-01-30 18:26:57.014 22781-22781 VRI[MainActivity]       com.ashhas.gamewatch                 W  performTraversals: cancelAndRedraw, mLastPerformTraversalsSkipDrawReasonpredraw_y2.e\
2026-01-30 18:26:57.026 22781-22781 VRI[MainActivity]       com.ashhas.gamewatch                 W  performTraversals: cancelAndRedraw, mLastPerformTraversalsSkipDrawReasonpredraw_y2.e\
2026-01-30 18:26:57.037 22781-22781 VRI[MainActivity]       com.ashhas.gamewatch                 W  performTraversals: cancelAndRedraw, mLastPerformTraversalsSkipDrawReasonpredraw_y2.e\
2026-01-30 18:26:57.048 22781-22781 VRI[MainActivity]       com.ashhas.gamewatch                 W  performTraversals: cancelAndRedraw, mLastPerformTraversalsSkipDrawReasonpredraw_y2.e\
2026-01-30 18:26:57.059 22781-22781 VRI[MainActivity]       com.ashhas.gamewatch                 W  performTraversals: cancelAndRedraw, mLastPerformTraversalsSkipDrawReasonpredraw_y2.e\
2026-01-30 18:26:57.070 22781-22781 VRI[MainActivity]       com.ashhas.gamewatch                 W  performTraversals: cancelAndRedraw, mLastPerformTraversalsSkipDrawReasonpredraw_y2.e\
2026-01-30 18:26:57.081 22781-22781 VRI[MainActivity]       com.ashhas.gamewatch                 W  performTraversals: cancelAndRedraw, mLastPerformTraversalsSkipDrawReasonpredraw_y2.e\
2026-01-30 18:26:57.092 22781-22781 VRI[MainActivity]       com.ashhas.gamewatch                 W  performTraversals: cancelAndRedraw, mLastPerformTraversalsSkipDrawReasonpredraw_y2.e\
2026-01-30 18:26:57.103 22781-22781 VRI[MainActivity]       com.ashhas.gamewatch                 W  performTraversals: cancelAndRedraw, mLastPerformTraversalsSkipDrawReasonpredraw_y2.e\
2026-01-30 18:26:57.115 22781-22781 VRI[MainActivity]       com.ashhas.gamewatch                 W  performTraversals: cancelAndRedraw, mLastPerformTraversalsSkipDrawReasonpredraw_y2.e\
2026-01-30 18:26:57.125 22781-22781 VRI[MainActivity]       com.ashhas.gamewatch                 W  performTraversals: cancelAndRedraw, mLastPerformTraversalsSkipDrawReasonpredraw_y2.e\
2026-01-30 18:26:57.136 22781-22781 VRI[MainActivity]       com.ashhas.gamewatch                 W  performTraversals: cancelAndRedraw, mLastPerformTraversalsSkipDrawReasonpredraw_y2.e\
2026-01-30 18:26:57.147 22781-22781 VRI[MainActivity]       com.ashhas.gamewatch                 W  performTraversals: cancelAndRedraw, mLastPerformTraversalsSkipDrawReasonpredraw_y2.e\
2026-01-30 18:26:57.158 22781-22781 VRI[MainActivity]       com.ashhas.gamewatch                 W  performTraversals: cancelAndRedraw, mLastPerformTraversalsSkipDrawReasonpredraw_y2.e\
2026-01-30 18:26:57.170 22781-22781 VRI[MainActivity]       com.ashhas.gamewatch                 W  performTraversals: cancelAndRedraw, mLastPerformTraversalsSkipDrawReasonpredraw_y2.e\
2026-01-30 18:26:57.181 22781-22781 VRI[MainActivity]       com.ashhas.gamewatch                 W  performTraversals: cancelAndRedraw, mLastPerformTraversalsSkipDrawReasonpredraw_y2.e\
2026-01-30 18:26:57.192 22781-22781 VRI[MainActivity]       com.ashhas.gamewatch                 W  performTraversals: cancelAndRedraw, mLastPerformTraversalsSkipDrawReasonpredraw_y2.e\
2026-01-30 18:26:57.204 22781-22781 VRI[MainActivity]       com.ashhas.gamewatch                 W  performTraversals: cancelAndRedraw, mLastPerformTraversalsSkipDrawReasonpredraw_y2.e\
2026-01-30 18:26:57.215 22781-22781 VRI[MainActivity]       com.ashhas.gamewatch                 W  performTraversals: cancelAndRedraw, mLastPerformTraversalsSkipDrawReasonpredraw_y2.e\
2026-01-30 18:26:57.226 22781-22781 VRI[MainActivity]       com.ashhas.gamewatch                 W  performTraversals: cancelAndRedraw, mLastPerformTraversalsSkipDrawReasonpredraw_y2.e\
2026-01-30 18:26:57.235  3561-6394  OplusHansManager        system_server                        I  front pkg: com.android.launcher, uid: 10233, prev pkg: com.ashhas.gamewatch, prev uid: 10449\
2026-01-30 18:26:57.237  3561-6394  FlexibleTaskController  system_server                        D  onTaskFocusChanged prevTask:Task\{64946d8 #2243 type=standard A=10449:com.ashhas.gamewatch\} ,currentTask:Task\{f571e1e #1713 type=undefined I=com.android.launcher/.Launcher\}, reason: resumeTopActivity - onActivityStateChanged\
2026-01-30 18:26:57.240  6416-6773  OplusUXIconLoader       com.android.launcher                 V  loadUxIcon drawable null, packageName = com.ashhas.gamewatch,activityName =:com.ashhas.gamewatch.MainActivity\
2026-01-30 18:26:57.241 22781-22781 VRI[MainActivity]       com.ashhas.gamewatch                 W  performTraversals: cancelAndRedraw, mLastPerformTraversalsSkipDrawReasonpredraw_y2.e\
2026-01-30 18:26:57.243  3561-5777  Osense-Bas...isionMaker system_server                        I  notifySceneToAthenaPolicy: SCENE_LAUNCHER, bundle: Bundle[\{prevPkgName=com.ashhas.gamewatch, curUid=10233, isGame=false, curPkgName=com.android.launcher, prevUid=10449\}]\
2026-01-30 18:26:57.243  3561-6111  OplusHansManager        system_server                        I  uid=10449, pkg=com.ashhas.gamewatch enter SM\
2026-01-30 18:26:57.243  3561-6111  OplusHansManager        system_server                        I  uid=10449, pkg=com.ashhas.gamewatch R enter(), D stay=4\
2026-01-30 18:26:57.243  3561-6394  Transition              system_server                        D  collectOrderChanges onTopTasksEnd: [Task\{94975a8 #1 type=home\}, Task\{f571e1e #1713 type=undefined I=com.android.launcher/.Launcher\}], reportedOnTop:null, mOnTopTasksStart: [Task\{64946d8 #2243 type=standard A=10449:com.ashhas.gamewatch\}], TDA child: [Task\{2a5b404 #2210 type=standard A=10352:com.openai.chatgpt\}, Task\{ab04543 #3 type=undefined\}, Task\{120cdfb #2204 type=standard A=10335:com.revolut.revolut nonResizable\}, Task\{17d46c3 #2207 type=standard A=10359:com.greenwheels\}, Task\{a0f6f32 #2219 type=standard A=10393:com.philips.lighting.hue2\}, Task\{718f761 #2224 type=standard A=10318:com.coloros.alarmclock nonResizable\}, Task\{1d55330 #2226 type=standard A=10341:google.android.task.calendar\}, Task\{b19754a #2220 type=standard A=10435:com.alibaba.aliexpresshd\}, Task\{798b3ae #2203 type=standard A=10394:com.ing.mobile\}, Task\{ea52955 #2209 type=standard A=10349:bbl.intl.bambulab.com\}, Task\{6485815 #2229 type=standard A=10434:com.stremio.one\}, Task\{1397e0 #2227 type=standard A=10385:com.ubercab.eats\}, Task\{58c89c9 #1894 type=standard A=10160:com.oplus.camera nonResizable\}, Task\{798cef4 #2218 type=standard A=10415:app.revanced.android.youtube\}, Task\{4bca6c2 #2216 type=standard A=10401:app.mihon\}, Task\{a360799 #2235 type=standard A=1000:com.android.settings.root\}, Task\{ab59b3b #2240 type=standard A=10321:com.brave.browser\}, Task\{cc73c04 #2234 type=standard A=10374:com.reddit.frontpage\}, Task\{9d402de #2211 type=standard A=10097:com.android.vending\}, Task\{64946d8 #2243 type=standard A=10449:com.ashhas.gamewatch\}, Task\{94975a8 #1 type=home\}]\
2026-01-30 18:26:57.243  3561-6394  OplusFlexi...ionManager system_server                        D  fixTransitType type result:3, targets: [ChangeInfo\{66167a9 container=Task\{94975a8 #1 type=home\} flags=0x30\}, ChangeInfo\{ac4d12e container=Task\{64946d8 #2243 type=standard A=10449:com.ashhas.gamewatch\} flags=0x4\}, ChangeInfo\{51d44cf container=WallpaperWindowToken\{3c5ed2d showWhenLocked=true\} flags=0x0\}]\
2026-01-30 18:26:57.244  3561-6127  OPM-Process             system_server                        I  resume pkg: com.android.launcher, uid:10233, prev pkg: com.ashhas.gamewatch, prev uid: 10449\
2026-01-30 18:26:57.245  3561-6394  OplusTrans...ionManager system_server                        D  dispatchTransitionReadyToClient topWin=Window\{d11b1be u0 com.ashhas.gamewatch/com.ashhas.gamewatch.MainActivity\}, transitionId=7794, hasRemoteOpenFromViewSeamlessTransition=false\
2026-01-30 18:26:57.245  3561-6394  OplusTrans...Controller system_server                        D  onTransactionReady, transition: 7794, info: \{id=7794 t=TO_FRONT f=0x80 trk=0 r=[0@Point(0, 0)] c=[\{WCT\{RemoteToken\{d02ef28 Task\{94975a8 #1 type=home\}\}\} m=TO_FRONT f=SHOW_WALLPAPER|MOVE_TO_TOP leash=Surface(name=Task=1)/@0x48d34c2 sb=Rect(0, 0 - 1272, 2800) eb=Rect(0, 0 - 1272, 2800) epz=Point(1272, 2800) d=0 taskParent=-1\},\{WCT\{RemoteToken\{1aec9aa Task\{64946d8 #2243 type=standard A=10449:com.ashhas.gamewatch\}\}\} m=TO_BACK f=NONE leash=Surface(name=Task=2243)/@0x7c208e4 sb=Rect(0, 0 - 1272, 2800) eb=Rect(0, 0 - 1272, 2800) epz=Point(1272, 2800) d=0 taskParent=-1\},\{m=TO_FRONT f=IS_WALLPAPER leash=Surface(name=WallpaperWindowToken\{3c5ed2d showWhenLocked=false\})/@0x31da663 sb=Rect(0, 0 - 1272, 2800) eb=Rect(0, 0 - 1272, 2800) epz=Point(1272, 2800) d=0\}] \
                                                                                                    extendInfo=[\
                                                                                                     OplusTransitionExtendedInfo\{mTmpFinishT=null, mInOplusCompatMode=false, mIsProcessRunning=true, mHasMismatchBoundsTarget=false, mRecentsController=null, mRemoteTransition=null, mIsTranslucentActivityToHome=false, mAvoidInterceptKeyEventToHome=false, mIsFromHome=false, mParentLeash=null, mBackAnimClosingLeash=null, mIsOplusAnimRes=false, mKeepBgForContinuous=false, mIsBalAllow=false, mTaskNotInRecent=false, mIsPredictiveBackAnim=false, mIsMergedWithPredictive=false, mIsLaunchFromSpruce=false, mIsLaunchFromDrive=false, mGlobalSearchPageSwitch=false, mNeedNoAlphaGlobalSearchScene=false, mAssistScreenShowing=false, mSwipeUpBrowserScreenShowing=false, mUserIdTransition=0\
                                                                                                    , mInRemoteScene=false, mInPreReady=false, mPreStart=false, mToken=null, mAbortByRemoteFromHome=false, mShellApplyToken=null, mRequestTransitionTaskId=-1, mAbortTransitionOnShell=0, mStartFromShortcut=false, mRemovedTaskId=-1, mTransitionInterruptType=0, mMergeSecondTaskId=-1, mTaskIdStartFromRecents=0, mTransitionId=7794, mCanUseSpringSlideAnim=false, mTransitionLaunchFrom=0, mFoldChangeType=-1, mAnimStartingPosition=[0, 0, 0, 0], mIsOpeningStkDialogActivity=false, mSecondaryHomeToFrontWhenUnFolding=false, mIsNeedApplyStartTForEmbedded=false\
                                                                                                    , mNeedCanvasExitAnim=false, mMergeSecondTaskAnimation=false, mIsLaunchUnityStart=false, mIsLaunchFromAssistantByDefault=false, mSkipRemoteTransitionfalse, mIsStartFromKeyguard=false flags=0x0, mWCT=null, mIsOpenMergeToInValidPredictive=false\}]\}, targets : [ChangeInfo\{66167a9 container=Task\{94975a8 #1 type=home\} flags=0x30\}, ChangeInfo\{ac4d12e container=Task\{64946d8 #2243 type=standard A=10449:com.ashhas.gamewatch\} flags=0x4\}, ChangeInfo\{51d44cf container=WallpaperWindowToken\{3c5ed2d showWhenLocked=true\} flags=0x0\}], participants: \{WallpaperWindowToken\{3c5ed2d showWhenLocked=true\}, Task\{64946d8 #2243 type=standard A=10449:com.ashhas.gamewatch\}, Task\{94975a8 #1 type=home\}, ActivityRecord\{186514228 u0 com.android.launcher/.Launcher t1713\}, Task\{f571e1e #1713 type=undefined I=com.android.launcher/.Launcher\}\}\
2026-01-30 18:26:57.248  3561-7085  WindowManager           system_server                        W  captureTaskSnapshot mSnapshotMode= 0 source=Task\{64946d8 #2243 type=standard A=10449:com.ashhas.gamewatch\}\
2026-01-30 18:26:57.251  3561-3770  WindowManager           system_server                        V      info=\{id=7794 t=TO_FRONT f=0x80 trk=0 r=[0@Point(0, 0)] c=[\
                                                                                                            \{WCT\{RemoteToken\{d02ef28 Task\{94975a8 #1 type=home\}\}\} m=TO_FRONT f=SHOW_WALLPAPER|MOVE_TO_TOP leash=Surface(name=Task=1)/@0x48d34c2 sb=Rect(0, 0 - 1272, 2800) eb=Rect(0, 0 - 1272, 2800) epz=Point(1272, 2800) d=0 taskParent=-1\},\
                                                                                                            \{WCT\{RemoteToken\{1aec9aa Task\{64946d8 #2243 type=standard A=10449:com.ashhas.gamewatch\}\}\} m=TO_BACK f=NONE leash=Surface(name=Task=2243)/@0x7c208e4 sb=Rect(0, 0 - 1272, 2800) eb=Rect(0, 0 - 1272, 2800) epz=Point(1272, 2800) d=0 taskParent=-1\},\
                                                                                                            \{m=TO_FRONT f=IS_WALLPAPER leash=Surface(name=WallpaperWindowToken\{3c5ed2d showWhenLocked=false\})/@0x31da663 sb=Rect(0, 0 - 1272, 2800) eb=Rect(0, 0 - 1272, 2800) epz=Point(1272, 2800) d=0\}\
                                                                                                        ] \
                                                                                                    extendInfo=[\
                                                                                                     OplusTransitionExtendedInfo\{mTmpFinishT=null, mInOplusCompatMode=false, mIsProcessRunning=true, mHasMismatchBoundsTarget=false, mRecentsController=null, mRemoteTransition=null, mIsTranslucentActivityToHome=false, mAvoidInterceptKeyEventToHome=false, mIsFromHome=false, mParentLeash=null, mBackAnimClosingLeash=null, mIsOplusAnimRes=false, mKeepBgForContinuous=false, mIsBalAllow=false, mTaskNotInRecent=false, mIsPredictiveBackAnim=false, mIsMergedWithPredictive=false, mIsLaunchFromSpruce=false, mIsLaunchFromDrive=false, mGlobalSearchPageSwitch=false, mNeedNoAlphaGlobalSearchScene=false, mAssistScreenShowing=false, mSwipeUpBrowserScreenShowing=false, mUserIdTransition=0\
                                                                                                    , mInRemoteScene=false, mInPreReady=false, mPreStart=false, mToken=null, mAbortByRemoteFromHome=false, mShellApplyToken=null, mRequestTransitionTaskId=-1, mAbortTransitionOnShell=0, mStartFromShortcut=false, mRemovedTaskId=-1, mTransitionInterruptType=0, mMergeSecondTaskId=-1, mTaskIdStartFromRecents=0, mTransitionId=7794, mCanUseSpringSlideAnim=false, mTransitionLaunchFrom=0, mFoldChangeType=-1, mAnimStartingPosition=[0, 0, 0, 0], mIsOpeningStkDialogActivity=false, mSecondaryHomeToFrontWhenUnFolding=false, mIsNeedApplyStartTForEmbedded=false\
                                                                                                    , mNeedCanvasExitAnim=false, mMergeSecondTaskAnimation=false, mIsLaunchUnityStart=false, mIsLaunchFromAssistantByDefault=false, mSkipRemoteTransitionfalse, mIsStartFromKeyguard=false flags=0x0, mWCT=null, mIsOpenMergeToInValidPredictive=false\}]\}\
2026-01-30 18:26:57.251 22781-22781 VRI[MainActivity]       com.ashhas.gamewatch                 W  performTraversals: cancelAndRedraw, mLastPerformTraversalsSkipDrawReasonpredraw_y2.e\
2026-01-30 18:26:57.255  3561-6386  ActivityTaskManager     system_server                        D  after skip size:21,pre-Filtered:com.ashhas.gamewatch # com.android.vending # com.reddit.frontpage # com.brave.browser # com.android.settings # app.mihon # app.revanced.android.youtube # com.oplus.camera # com.ubercab.eats # com.stremio.one # bbl.intl.bambulab.com # com.ing.mobile # com.alibaba.aliexpresshd # com.google.android.calendar # com.coloros.alarmclock # nl.marktplaats.android # com.philips.lighting.hue2 # com.openai.chatgpt # com.whatsapp # com.greenwheels # com.revolut.revolut # \
2026-01-30 18:26:57.257  3561-7085  TaskSnapshotCache       system_server                        D  putSnapshot mRunningCache top= ActivityRecord\{11978677 u0 com.ashhas.gamewatch/.MainActivity t2243\}, mTaskId=2243, snapshot=TaskSnapshot\{ mId=1769794017248 mCaptureTime=948917453771896 mTopActivityComponent=com.ashhas.gamewatch/.MainActivity mSnapshot=android.hardware.HardwareBuffer@46c4c1d (1272x2800) mColorSpace=sRGB IEC61966-2.1 (id=0, model=RGB) mOrientation=1 mRotation=0 mTaskSize=Point(1272, 2800) mOplusCompatMode=false mTopActivityBounds=[0,0][1272,2800] mHasDimLayer=false mContentInsets=[0,141][0,154] mLetterboxInsets=[0,0][0,0] mIsLowResolution=false mIsRealSnapshot=true mWindowingMode=1 mAppearance=0 mIsTranslucent=true mHasImeSurface=false mInternalReferences=2 mUiMode=21, mAppIdMap size= 11\
2026-01-30 18:26:57.257  3561-6811  GameManage...ServiceExt system_server                        I  on FG change: com.ashhas.gamewatch|com.android.launcher\
2026-01-30 18:26:57.258  3561-3868  OplusAppSwitchListener  system_server                        D  Detect com.ashhas.gamewatch switch to background\
2026-01-30 18:26:57.258  3561-3868  OplusFeatu...Brightness system_server                        D  onAppExit , info = com.ashhas.gamewatch\
2026-01-30 18:26:57.258  3561-6227  OplusEapManager         system_server                        D  mTargetExitName :com.ashhas.gamewatch\
2026-01-30 18:26:57.262 22781-22781 VRI[MainActivity]       com.ashhas.gamewatch                 W  performTraversals: cancelAndRedraw, mLastPerformTraversalsSkipDrawReasonpredraw_y2.e\
2026-01-30 18:26:57.263  6416-6773  OplusUXIconLoader       com.android.launcher                 V  loadUxIcon drawable null, packageName = com.ashhas.gamewatch,activityName =:com.ashhas.gamewatch.MainActivity\
2026-01-30 18:26:57.263 12643-7134  Battery                 com.oplus.battery                    W  AppSwitchDetectorV2: OnAppSwitchObserver: onAppExit , info = OplusAppExitInfo = \{  targetName = com.ashhas.gamewatch hasResumingActivity = true resumingPackageName = com.android.launcher resumingActivityName = com.android.launcher.Launcher resumingWindowMode = 1 isResumingMultiApp = false isResumingFirstStart = false extension = Bundle[mParcelledData.dataSize=596]\} lastReg=1769760422759\
2026-01-30 18:26:57.262  5434-5468  DCSEX-AppSwitchManager  com.oplus.exsystemservice            V  OnAppSwitchObserver: onAppExit, resuming = com.android.launcher, target = com.ashhas.gamewatch, is ResumingFirstStart =  false, is ResumingMultiApp =  false, extensionInfo =  Bundle[mParcelledData.dataSize=596]\
2026-01-30 18:26:57.265  6283-6325  Athena                  com.oplus.athena                     I  AthenaDynamicReceiver: pre_app:com.ashhas.gamewatch, next_app:com.android.launcher(10233|6416)\
2026-01-30 18:26:57.266  3561-6777  ActivityTaskManager     system_server                        D  NFW_setLastResumedActivityUncheckLocked:true r:ActivityRecord\{186514228 u0 com.android.launcher/.Launcher t1713\} currentFocus:Window\{d11b1be u0 com.ashhas.gamewatch/com.ashhas.gamewatch.MainActivity\}\
2026-01-30 18:26:57.266  3561-6777  WindowManager           system_server                        D  NFW_findFocusedWindowIfNeeded:Window\{d51d04d u0 com.android.launcher/com.android.launcher.Launcher\} mCurrentFocus:Window\{d11b1be u0 com.ashhas.gamewatch/com.ashhas.gamewatch.MainActivity\}\
2026-01-30 18:26:57.266  3561-6777  WindowManager           system_server                        V  Changing focus from Window\{d11b1be u0 com.ashhas.gamewatch/com.ashhas.gamewatch.MainActivity\} to Window\{d51d04d u0 com.android.launcher/com.android.launcher.Launcher\},diplayid=0\
2026-01-30 18:26:57.268  5434-1830  DCSEX-AppL...ntRecorder com.oplus.exsystemservice            D  onAppSwitch from = com.ashhas.gamewatch to = com.android.launcher\
2026-01-30 18:26:57.268  5434-1830  DCSEX-AppL...ntRecorder com.oplus.exsystemservice            D  recordExitApp = com.ashhas.gamewatch\
2026-01-30 18:26:57.270 15074-15097 SceneSDK.1...tchAbility com.oplus.metis                      D  onAppSwitchEvent: AppSwitchEvent(timeStamp=1769794017263, eventType=2, targetName=com.ashhas.gamewatch, firstStart=false, multiApp=false, windowMode=0, resumingPackageName=com.android.launcher, resumingActivityName=com.android.launcher.Launcher, isResumingMultiApp=false, isResumingFirstStart=false)\
2026-01-30 18:26:57.270 15074-15097 metis_v2_A...aCollector com.oplus.metis                      I  AppExitEvent =  com.ashhas.gamewatch, NextAppName = com.android.launcher\
2026-01-30 18:26:57.272  3561-6777  VRR [OPlus...teService] system_server                        D   HandleSetAppFrameRate [ 20 , com.ashhas.gamewatch , false , version-1 ]\
2026-01-30 18:26:57.273 22781-22781 VRI[MainActivity]       com.ashhas.gamewatch                 W  performTraversals: cancelAndRedraw, mLastPerformTraversalsSkipDrawReasonpredraw_y2.e\
2026-01-30 18:26:57.274 22781-22795 OplusGraphicsEvent      com.ashhas.gamewatch                 D  FRTC type change to 1, rate: 20, info: false\
2026-01-30 18:26:57.276 22781-22795 GuiUtils                com.ashhas.gamewatch                 I  VRR [FRTC] s client update frtcType from 0 to 1\
2026-01-30 18:26:57.276 22781-22795 GuiUtils                com.ashhas.gamewatch                 I  VRR [FRTC] s client update frtcRate from 0 to 20\
2026-01-30 18:26:57.276 22781-22795 GuiUtils                com.ashhas.gamewatch                 I  VRR [FRTC] s client update frtcInfo from  to false\
2026-01-30 18:26:57.280 15074-15103 SceneSDK.1...tchAbility com.oplus.metis                      D  onAppSwitchEvent: AppSwitchEvent(timeStamp=1769794017263, eventType=2, targetName=com.ashhas.gamewatch, firstStart=false, multiApp=false, windowMode=0, resumingPackageName=com.android.launcher, resumingActivityName=com.android.launcher.Launcher, isResumingMultiApp=false, isResumingFirstStart=false)\
2026-01-30 18:26:57.280 15074-15103 AppRecomme...endAdapter com.oplus.metis                      I  receive app recommend from AppSwitchEvent(eventId=2, switchInfo=AppSwitchInfo(targetName=com.ashhas.gamewatch, firstStart=false, multiApp=false, windowMode=0, resumingPackageName=com.android.launcher, resumingActivityName=com.android.launcher.Launcher, isResumingFirstStart=false, isResumingMultiApp=false))\
2026-01-30 18:26:57.281  3561-8299  OStatsManager_Calc      system_server                        I  add screen power pkgName = com.ashhas.gamewatch, uid = 10449, power = 1099.6526249945164, is Fg = true, fore size = 2, mScale = 1.0\
2026-01-30 18:26:57.281  3561-8299  OStatsMana...atsManager system_server                        I  notePkgForeground [com.ashhas.gamewatch10449, com.android.launcher10233, com.android.vending10097], uid = 10233, pid = 6416, pkgName = com.android.launcher\
2026-01-30 18:26:57.284 22781-22781 VRI[MainActivity]       com.ashhas.gamewatch                 W  performTraversals: cancelAndRedraw, mLastPerformTraversalsSkipDrawReasonpredraw_y2.e\
2026-01-30 18:26:57.288  3561-6386  ActivityTaskManager     system_server                        D  after skip size:21,pre-Filtered:com.ashhas.gamewatch # com.android.vending # com.reddit.frontpage # com.brave.browser # com.android.settings # app.mihon # app.revanced.android.youtube # com.oplus.camera # com.ubercab.eats # com.stremio.one # bbl.intl.bambulab.com # com.ing.mobile # com.alibaba.aliexpresshd # com.google.android.calendar # com.coloros.alarmclock # nl.marktplaats.android # com.philips.lighting.hue2 # com.openai.chatgpt # com.whatsapp # com.greenwheels # com.revolut.revolut # \
2026-01-30 18:26:57.292 22781-22781 VRI[MainActivity]       com.ashhas.gamewatch                 W  performTraversals: cancelAndRedraw, mLastPerformTraversalsSkipDrawReasonpredraw_y2.e\
2026-01-30 18:26:57.301 22781-22781 VRI[MainActivity]       com.ashhas.gamewatch                 W  performTraversals: cancelAndRedraw, mLastPerformTraversalsSkipDrawReasonpredraw_y2.e\
2026-01-30 18:26:57.309 22781-22781 VRI[MainActivity]       com.ashhas.gamewatch                 W  performTraversals: cancelAndRedraw, mLastPerformTraversalsSkipDrawReasonpredraw_y2.e\
2026-01-30 18:26:57.312  3561-8299  OStatsManager_Calc      system_server                        I  add screen power pkgName = com.ashhas.gamewatch, uid = 10449, power = 10.077000007033348, is Fg = true, fore size = 3, mScale = 1.0\
2026-01-30 18:26:57.312  3561-8299  OStatsMana...atsManager system_server                        I  notePkgBackground [com.ashhas.gamewatch10449, com.android.launcher10233], uid = 10097, pid = 26483, pkgName = com.android.vending\
2026-01-30 18:26:57.313  2410-28724 AudioFlingerExtImpl     audioserver                          D  updateForegroundInfo, mapInf mForegroundMap(1)|[com.ashhas.gamewatch]=1, uidPidMapInf mForegroundUidPidMap(1)|[10449]=22781\
2026-01-30 18:26:57.318 22781-22781 VRI[MainActivity]       com.ashhas.gamewatch                 W  performTraversals: cancelAndRedraw, mLastPerformTraversalsSkipDrawReasonpredraw_y2.e\
2026-01-30 18:26:57.325 22781-22781 VRI[MainActivity]       com.ashhas.gamewatch                 W  performTraversals: cancelAndRedraw, mLastPerformTraversalsSkipDrawReasonpredraw_y2.e\
2026-01-30 18:26:57.334 22781-22781 VRI[MainActivity]       com.ashhas.gamewatch                 W  performTraversals: cancelAndRedraw, mLastPerformTraversalsSkipDrawReasonpredraw_y2.e\
2026-01-30 18:26:57.342 22781-22781 VRI[MainActivity]       com.ashhas.gamewatch                 W  performTraversals: cancelAndRedraw, mLastPerformTraversalsSkipDrawReasonpredraw_y2.e\
2026-01-30 18:26:57.350 22781-22781 VRI[MainActivity]       com.ashhas.gamewatch                 W  performTraversals: cancelAndRedraw, mLastPerformTraversalsSkipDrawReasonpredraw_y2.e\
2026-01-30 18:26:57.358 22781-22781 VRI[MainActivity]       com.ashhas.gamewatch                 W  performTraversals: cancelAndRedraw, mLastPerformTraversalsSkipDrawReasonpredraw_y2.e\
2026-01-30 18:26:57.367 22781-22781 VRI[MainActivity]       com.ashhas.gamewatch                 W  performTraversals: cancelAndRedraw, mLastPerformTraversalsSkipDrawReasonpredraw_y2.e\
2026-01-30 18:26:57.375 22781-22781 VRI[MainActivity]       com.ashhas.gamewatch                 W  performTraversals: cancelAndRedraw, mLastPerformTraversalsSkipDrawReasonpredraw_y2.e\
2026-01-30 18:26:57.383 22781-22781 VRI[MainActivity]       com.ashhas.gamewatch                 W  performTraversals: cancelAndRedraw, mLastPerformTraversalsSkipDrawReasonpredraw_y2.e\
2026-01-30 18:26:57.392 22781-22781 VRI[MainActivity]       com.ashhas.gamewatch                 W  performTraversals: cancelAndRedraw, mLastPerformTraversalsSkipDrawReasonpredraw_y2.e\
2026-01-30 18:26:57.400 22781-22781 VRI[MainActivity]       com.ashhas.gamewatch                 W  performTraversals: cancelAndRedraw, mLastPerformTraversalsSkipDrawReasonpredraw_y2.e\
2026-01-30 18:26:57.408 22781-22781 VRI[MainActivity]       com.ashhas.gamewatch                 W  performTraversals: cancelAndRedraw, mLastPerformTraversalsSkipDrawReasonpredraw_y2.e\
2026-01-30 18:26:57.417 22781-22781 VRI[MainActivity]       com.ashhas.gamewatch                 W  performTraversals: cancelAndRedraw, mLastPerformTraversalsSkipDrawReasonpredraw_y2.e\
2026-01-30 18:26:57.425 22781-22781 VRI[MainActivity]       com.ashhas.gamewatch                 W  performTraversals: cancelAndRedraw, mLastPerformTraversalsSkipDrawReasonpredraw_y2.e\
2026-01-30 18:26:57.433 22781-22781 VRI[MainActivity]       com.ashhas.gamewatch                 W  performTraversals: cancelAndRedraw, mLastPerformTraversalsSkipDrawReasonpredraw_y2.e\
2026-01-30 18:26:57.441 22781-22781 VRI[MainActivity]       com.ashhas.gamewatch                 W  performTraversals: cancelAndRedraw, mLastPerformTraversalsSkipDrawReasonpredraw_y2.e\
2026-01-30 18:26:57.450 22781-22781 VRI[MainActivity]       com.ashhas.gamewatch                 W  performTraversals: cancelAndRedraw, mLastPerformTraversalsSkipDrawReasonpredraw_y2.e\
2026-01-30 18:26:57.458 22781-22781 VRI[MainActivity]       com.ashhas.gamewatch                 W  performTraversals: cancelAndRedraw, mLastPerformTraversalsSkipDrawReasonpredraw_y2.e\
2026-01-30 18:26:57.466 22781-22781 VRI[MainActivity]       com.ashhas.gamewatch                 W  performTraversals: cancelAndRedraw, mLastPerformTraversalsSkipDrawReasonpredraw_y2.e\
2026-01-30 18:26:57.474 22781-22781 VRI[MainActivity]       com.ashhas.gamewatch                 W  performTraversals: cancelAndRedraw, mLastPerformTraversalsSkipDrawReasonpredraw_y2.e\
2026-01-30 18:26:57.483 22781-22781 VRI[MainActivity]       com.ashhas.gamewatch                 W  performTraversals: cancelAndRedraw, mLastPerformTraversalsSkipDrawReasonpredraw_y2.e\
2026-01-30 18:26:57.491 22781-22781 VRI[MainActivity]       com.ashhas.gamewatch                 W  performTraversals: cancelAndRedraw, mLastPerformTraversalsSkipDrawReasonpredraw_y2.e\
2026-01-30 18:26:57.499 22781-22781 VRI[MainActivity]       com.ashhas.gamewatch                 W  performTraversals: cancelAndRedraw, mLastPerformTraversalsSkipDrawReasonpredraw_y2.e\
2026-01-30 18:26:57.508 22781-22781 VRI[MainActivity]       com.ashhas.gamewatch                 W  performTraversals: cancelAndRedraw, mLastPerformTraversalsSkipDrawReasonpredraw_y2.e\
2026-01-30 18:26:57.516 22781-22781 VRI[MainActivity]       com.ashhas.gamewatch                 W  performTraversals: cancelAndRedraw, mLastPerformTraversalsSkipDrawReasonpredraw_y2.e\
2026-01-30 18:26:57.524 22781-22781 VRI[MainActivity]       com.ashhas.gamewatch                 W  performTraversals: cancelAndRedraw, mLastPerformTraversalsSkipDrawReasonpredraw_y2.e\
2026-01-30 18:26:57.532 22781-22781 VRI[MainActivity]       com.ashhas.gamewatch                 W  performTraversals: cancelAndRedraw, mLastPerformTraversalsSkipDrawReasonpredraw_y2.e\
2026-01-30 18:26:57.541 22781-22781 VRI[MainActivity]       com.ashhas.gamewatch                 W  performTraversals: cancelAndRedraw, mLastPerformTraversalsSkipDrawReasonpredraw_y2.e\
2026-01-30 18:26:57.549 22781-22781 VRI[MainActivity]       com.ashhas.gamewatch                 W  performTraversals: cancelAndRedraw, mLastPerformTraversalsSkipDrawReasonpredraw_y2.e\
2026-01-30 18:26:57.557 22781-22781 VRI[MainActivity]       com.ashhas.gamewatch                 W  performTraversals: cancelAndRedraw, mLastPerformTraversalsSkipDrawReasonpredraw_y2.e\
2026-01-30 18:26:57.566 22781-22781 VRI[MainActivity]       com.ashhas.gamewatch                 W  performTraversals: cancelAndRedraw, mLastPerformTraversalsSkipDrawReasonpredraw_y2.e\
2026-01-30 18:26:57.574 22781-22781 VRI[MainActivity]       com.ashhas.gamewatch                 W  performTraversals: cancelAndRedraw, mLastPerformTraversalsSkipDrawReasonpredraw_y2.e\
2026-01-30 18:26:57.582 22781-22781 VRI[MainActivity]       com.ashhas.gamewatch                 W  performTraversals: cancelAndRedraw, mLastPerformTraversalsSkipDrawReasonpredraw_y2.e\
2026-01-30 18:26:57.590 22781-22781 VRI[MainActivity]       com.ashhas.gamewatch                 W  performTraversals: cancelAndRedraw, mLastPerformTraversalsSkipDrawReasonpredraw_y2.e\
2026-01-30 18:26:57.599 22781-22781 VRI[MainActivity]       com.ashhas.gamewatch                 W  performTraversals: cancelAndRedraw, mLastPerformTraversalsSkipDrawReasonpredraw_y2.e\
2026-01-30 18:26:57.607 22781-22781 VRI[MainActivity]       com.ashhas.gamewatch                 W  performTraversals: cancelAndRedraw, mLastPerformTraversalsSkipDrawReasonpredraw_y2.e\
2026-01-30 18:26:57.615 22781-22781 VRI[MainActivity]       com.ashhas.gamewatch                 W  performTraversals: cancelAndRedraw, mLastPerformTraversalsSkipDrawReasonpredraw_y2.e\
2026-01-30 18:26:57.623 22781-22781 VRI[MainActivity]       com.ashhas.gamewatch                 W  performTraversals: cancelAndRedraw, mLastPerformTraversalsSkipDrawReasonpredraw_y2.e\
2026-01-30 18:26:57.632 22781-22781 VRI[MainActivity]       com.ashhas.gamewatch                 W  performTraversals: cancelAndRedraw, mLastPerformTraversalsSkipDrawReasonpredraw_y2.e\
2026-01-30 18:26:57.640 22781-22781 VRI[MainActivity]       com.ashhas.gamewatch                 W  performTraversals: cancelAndRedraw, mLastPerformTraversalsSkipDrawReasonpredraw_y2.e\
2026-01-30 18:26:57.648 22781-22781 VRI[MainActivity]       com.ashhas.gamewatch                 W  performTraversals: cancelAndRedraw, mLastPerformTraversalsSkipDrawReasonpredraw_y2.e\
2026-01-30 18:26:57.657 22781-22781 VRI[MainActivity]       com.ashhas.gamewatch                 W  performTraversals: cancelAndRedraw, mLastPerformTraversalsSkipDrawReasonpredraw_y2.e\
2026-01-30 18:26:57.665 22781-22781 VRI[MainActivity]       com.ashhas.gamewatch                 W  performTraversals: cancelAndRedraw, mLastPerformTraversalsSkipDrawReasonpredraw_y2.e\
2026-01-30 18:26:57.673 22781-22781 VRI[MainActivity]       com.ashhas.gamewatch                 W  performTraversals: cancelAndRedraw, mLastPerformTraversalsSkipDrawReasonpredraw_y2.e\
2026-01-30 18:26:57.682 22781-22781 VRI[MainActivity]       com.ashhas.gamewatch                 W  performTraversals: cancelAndRedraw, mLastPerformTraversalsSkipDrawReasonpredraw_y2.e\
2026-01-30 18:26:57.690 22781-22781 VRI[MainActivity]       com.ashhas.gamewatch                 W  performTraversals: cancelAndRedraw, mLastPerformTraversalsSkipDrawReasonpredraw_y2.e\
2026-01-30 18:26:57.698 22781-22781 VRI[MainActivity]       com.ashhas.gamewatch                 W  performTraversals: cancelAndRedraw, mLastPerformTraversalsSkipDrawReasonpredraw_y2.e\
2026-01-30 18:26:57.706 22781-22781 VRI[MainActivity]       com.ashhas.gamewatch                 W  performTraversals: cancelAndRedraw, mLastPerformTraversalsSkipDrawReasonpredraw_y2.e\
2026-01-30 18:26:57.715 22781-22781 VRI[MainActivity]       com.ashhas.gamewatch                 W  performTraversals: cancelAndRedraw, mLastPerformTraversalsSkipDrawReasonpredraw_y2.e\
2026-01-30 18:26:57.723 22781-22781 VRI[MainActivity]       com.ashhas.gamewatch                 W  performTraversals: cancelAndRedraw, mLastPerformTraversalsSkipDrawReasonpredraw_y2.e\
2026-01-30 18:26:57.731 22781-22781 VRI[MainActivity]       com.ashhas.gamewatch                 W  performTraversals: cancelAndRedraw, mLastPerformTraversalsSkipDrawReasonpredraw_y2.e\
2026-01-30 18:26:57.740 22781-22781 VRI[MainActivity]       com.ashhas.gamewatch                 W  performTraversals: cancelAndRedraw, mLastPerformTraversalsSkipDrawReasonpredraw_y2.e\
2026-01-30 18:26:57.748 22781-22781 VRI[MainActivity]       com.ashhas.gamewatch                 W  performTraversals: cancelAndRedraw, mLastPerformTraversalsSkipDrawReasonpredraw_y2.e\
