2026-01-30 18:26:52.930 22781-22812 ashmem                  com.ashhas.gamewatch                 E  Pinning is deprecated since Android Q. Please use trim or other methods.\
2026-01-30 18:26:52.931 22781-22781 SessionsDependencies    com.ashhas.gamewatch                 D  Subscriber CRASHLYTICS registered.\
2026-01-30 18:26:52.933 22781-22815 LifecycleServiceBinder  com.ashhas.gamewatch                 D  Binding service to application.\
2026-01-30 18:26:52.934 22781-22781 FirebaseInitProvider    com.ashhas.gamewatch                 I  FirebaseApp initialization successful\
2026-01-30 18:26:52.936 22781-22781 OplusGraphicsEvent      com.ashhas.gamewatch                 D  OplusGraphicsEventListener create now!\
2026-01-30 18:26:52.936 22781-22781 OplusGraphicsEvent      com.ashhas.gamewatch                 D  addEventListener success!\
2026-01-30 18:26:52.937 22781-22781 [UAH_CLIENT]            com.ashhas.gamewatch                 E  uahInit enter\
2026-01-30 18:26:52.937 22781-22821 FirebaseCrashlytics     com.ashhas.gamewatch                 I  Saved version control info\
2026-01-30 18:26:52.937 22781-22812 shhas.gamewatch         com.ashhas.gamewatch                 W  ClassLoaderContext classpath size mismatch. expected=1, found=0 (DLC[];PCL[base.apk*3083633597]\{PCL[/system/framework/org.apache.http.legacy.jar*2241503858]#PCL[/system/framework/com.android.media.remotedisplay.jar*487574312]#PCL[/system/framework/com.android.location.provider.jar*1570284764]#PCL[/system_ext/framework/androidx.window.extensions.jar*2427015362]#PCL[/system_ext/framework/androidx.window.sidecar.jar*621982722]\} | DLC[];PCL[])\
2026-01-30 18:26:52.937 22781-22781 shhas.gamewatch         com.ashhas.gamewatch                 W  AIBinder_linkToDeath is being called with a non-null cookie and no onUnlink callback set. This might not be intended. AIBinder_DeathRecipient_setOnUnlinked should be called first.\
2026-01-30 18:26:52.937 22781-22781 [UAH_CLIENT]            com.ashhas.gamewatch                 I  UahGetFeatureStatus enter\
2026-01-30 18:26:52.939 22781-22781 HWUI                    com.ashhas.gamewatch                 I  SupportApps size 0\
2026-01-30 18:26:52.939 22781-22781 ExtensionsLoader        com.ashhas.gamewatch                 D  createInstance(64bit) : createExtendedFactory\
2026-01-30 18:26:52.939 22781-22781 ExtensionsLoader        com.ashhas.gamewatch                 D  Opened libSchedAssistExtImpl.so\
2026-01-30 18:26:52.939 22781-22781 SchedAssist             com.ashhas.gamewatch                 E  open sharedFd failed with error=Permission denied\
2026-01-30 18:26:52.939 22781-22781 SchedAssist             com.ashhas.gamewatch                 E  open sharedFd failed with error=Permission denied\
2026-01-30 18:26:52.939 22781-22781 SchedAssist             com.ashhas.gamewatch                 E  open sharedFd failed with error=Permission denied\
2026-01-30 18:26:52.939 22781-22829 ExtensionsLoader        com.ashhas.gamewatch                 D  createInstance(64bit) : createExtendedFactory\
2026-01-30 18:26:52.940 22781-22829 ExtensionsLoader        com.ashhas.gamewatch                 D  Opened libSchedAssistExtImpl.so\
2026-01-30 18:26:52.940 22781-22829 DisplayManager          com.ashhas.gamewatch                 I  Choreographer implicitly registered for the refresh rate.\
2026-01-30 18:26:52.940 22781-22812 DynamiteModule          com.ashhas.gamewatch                 I  Considering local module com.google.android.gms.measurement.dynamite:152 and remote module com.google.android.gms.measurement.dynamite:172\
2026-01-30 18:26:52.940 22781-22812 DynamiteModule          com.ashhas.gamewatch                 I  Selected remote version of com.google.android.gms.measurement.dynamite, version >= 172\
2026-01-30 18:26:52.940 22781-22812 DynamiteModule          com.ashhas.gamewatch                 V  Dynamite loader version >= 2, using loadModule2NoCrashUtils\
2026-01-30 18:26:52.940 22781-22781 shhas.gamewatch         com.ashhas.gamewatch                 I  AssetManager2(0xb400007e954a0a28) locale list changing from [] to [en-US]\
2026-01-30 18:26:52.940 22781-22781 ResourcesManagerExtImpl com.ashhas.gamewatch                 D  applyConfigurationToAppResourcesLocked app.getDisplayId() return callback.displayId:0\
2026-01-30 18:26:52.941 22781-22829 vulkan                  com.ashhas.gamewatch                 D  searching for layers in '/data/app/~~gheH3Vz0-dvaBJSz0Y8acw==/com.ashhas.gamewatch-qvkGRycM3qII3pU-K02LXQ==/lib/arm64'\
2026-01-30 18:26:52.941 22781-22829 vulkan                  com.ashhas.gamewatch                 D  searching for layers in '/data/app/~~gheH3Vz0-dvaBJSz0Y8acw==/com.ashhas.gamewatch-qvkGRycM3qII3pU-K02LXQ==/base.apk!/lib/arm64-v8a'\
2026-01-30 18:26:52.941 22781-22829 vulkan                  com.ashhas.gamewatch                 D  searching for layers in '/data/app/~~gheH3Vz0-dvaBJSz0Y8acw==/com.ashhas.gamewatch-qvkGRycM3qII3pU-K02LXQ==/split_config.arm64_v8a.apk!/lib/arm64-v8a'\
2026-01-30 18:26:52.941 22781-22829 vulkan                  com.ashhas.gamewatch                 D  searching for layers in '/data/app/~~gheH3Vz0-dvaBJSz0Y8acw==/com.ashhas.gamewatch-qvkGRycM3qII3pU-K02LXQ==/split_config.en.apk!/lib/arm64-v8a'\
2026-01-30 18:26:52.941 22781-22829 vulkan                  com.ashhas.gamewatch                 D  searching for layers in '/data/app/~~gheH3Vz0-dvaBJSz0Y8acw==/com.ashhas.gamewatch-qvkGRycM3qII3pU-K02LXQ==/split_config.nl.apk!/lib/arm64-v8a'\
2026-01-30 18:26:52.941 22781-22829 vulkan                  com.ashhas.gamewatch                 D  searching for layers in '/data/app/~~gheH3Vz0-dvaBJSz0Y8acw==/com.ashhas.gamewatch-qvkGRycM3qII3pU-K02LXQ==/split_config.xxxhdpi.apk!/lib/arm64-v8a'\
2026-01-30 18:26:52.942 22781-22781 OplusPredi...Controller com.ashhas.gamewatch                 E   NoSuchMethodException \
2026-01-30 18:26:52.942 22781-22781 OplusPredi...Controller com.ashhas.gamewatch                 D  should not HookOnBackInvokedCallbackEnabled for application com.ashhas.gamewatch.MainActivity@ee4c287 sdk: 36\
2026-01-30 18:26:52.942 22781-22781 OplusPredi...Controller com.ashhas.gamewatch                 D  initPredictiveBackConfig for com.ashhas.gamewatch.MainActivity@ee4c287 initPredictiveBackConfig mShouldInterceptKeyEvent false\
2026-01-30 18:26:52.942 22781-22781 OplusPredi...Controller com.ashhas.gamewatch                 D  should not HookOnBackInvokedCallbackEnabled for application com.ashhas.gamewatch.MainActivity@ee4c287 sdk: 36\
2026-01-30 18:26:52.942 22781-22781 WindowOnBackDispatcher  com.ashhas.gamewatch                 D   predictive settings is disabled for com.ashhas.gamewatch\
2026-01-30 18:26:52.943 22781-22812 System                  com.ashhas.gamewatch                 W  ClassLoader referenced unknown path: \
2026-01-30 18:26:52.944 22781-22812 nativeloader            com.ashhas.gamewatch                 D  Configuring clns-10 for other apk . target_sdk_version=36, uses_libraries=, library_path=/data/app/~~Gzye-V1nwSiorci_RFzXHA==/com.google.android.gms-UqotkSdTXF6V782KLt1nFQ==/lib/arm64:/data/app/~~Gzye-V1nwSiorci_RFzXHA==/com.google.android.gms-UqotkSdTXF6V782KLt1nFQ==/base.apk!/lib/arm64-v8a, permitted_path=/data:/mnt/expand:/data/user/0/com.google.android.gms\
2026-01-30 18:26:52.946 22781-22831 nativeloader            com.ashhas.gamewatch                 D  Load /data/app/~~gheH3Vz0-dvaBJSz0Y8acw==/com.ashhas.gamewatch-qvkGRycM3qII3pU-K02LXQ==/split_config.arm64_v8a.apk!/lib/arm64-v8a/libflutter.so using class loader ns clns-9 (caller=/data/app/~~gheH3Vz0-dvaBJSz0Y8acw==/com.ashhas.gamewatch-qvkGRycM3qII3pU-K02LXQ==/base.apk): ok\
2026-01-30 18:26:52.946 22781-22829 colorx                  com.ashhas.gamewatch                 D  I can't find colorx layer , let's enumerate colorx layers first.\
2026-01-30 18:26:52.947 22781-22812 shhas.gamewatch         com.ashhas.gamewatch                 I  AssetManager2(0xb400007e39787328) locale list changing from [] to [en-US]\
2026-01-30 18:26:52.949  2211-2211  qspmHal                 vendor.qti.qspmhal-service           I  gpuProfName:com.ashhas.gamewatch-gpu - gpu prof_info.path:/data/vendor/gaming/com.ashhas.gamewatch-gpu\
2026-01-30 18:26:52.950 22781-22829 AdrenoVK-0              com.ashhas.gamewatch                 I  ===== BEGIN DUMP OF OVERRIDDEN SETTINGS =====\
2026-01-30 18:26:52.950 22781-22829 AdrenoVK-0              com.ashhas.gamewatch                 I  ===== END DUMP OF OVERRIDDEN SETTINGS =====\
2026-01-30 18:26:52.951 22781-22812 shhas.gamewatch         com.ashhas.gamewatch                 W  ClassLoaderContext classpath element checksum mismatch. expected=3083633597, found=896298312 (DLC[];PCL[base.apk*3083633597]\{PCL[/system/framework/org.apache.http.legacy.jar*2241503858]#PCL[/system/framework/com.android.media.remotedisplay.jar*487574312]#PCL[/system/framework/com.android.location.provider.jar*1570284764]#PCL[/system_ext/framework/androidx.window.extensions.jar*2427015362]#PCL[/system_ext/framework/androidx.window.sidecar.jar*621982722]\} | DLC[];PCL[/data/app/~~gheH3Vz0-dvaBJSz0Y8acw==/com.ashhas.gamewatch-qvkGRycM3qII3pU-K02LXQ==/base.apk*896298312]\{PCL[/system_ext/framework/androidx.window.extensions.jar*2427015362]#PCL[/system_ext/framework/androidx.window.sidecar.jar*621982722]\})\
2026-01-30 18:26:52.957 22781-22781 shhas.gamewatch         com.ashhas.gamewatch                 I  AssetManager2(0xb400007e9556ed28) locale list changing from [] to [en-US]\
2026-01-30 18:26:52.961 22781-22829 qdgralloc               com.ashhas.gamewatch                 D  Fetching IMapper5 from QtiMapper5\
2026-01-30 18:26:52.971 22781-22812 shhas.gamewatch         com.ashhas.gamewatch                 I  AssetManager2(0xb400007e39787928) locale list changing from [] to [en-US]\
2026-01-30 18:26:52.972 22781-22812 shhas.gamewatch         com.ashhas.gamewatch                 I  AssetManager2(0xb400007dc0284328) locale list changing from [] to [en-US]\
2026-01-30 18:26:52.973 22781-22829 SnapAlloc               com.ashhas.gamewatch                 I  Graphics lib is available\
2026-01-30 18:26:52.979 22781-22829 Adreno-UNKNOWN          com.ashhas.gamewatch                 I  Using previously loaded IMapper library.\
2026-01-30 18:26:52.982 22781-22829 AdrenoVK-0              com.ashhas.gamewatch                 I  QUALCOMM build          : 4e0c77737e, Ie77accac30\
                                                                                                    Build Date              : 10/24/25\
                                                                                                    Shader Compiler Version : E031.47.18.44\
                                                                                                    Local Branch            : \
                                                                                                    Remote Branch           : refs/tags/AU_LINUX_ANDROID_LA.VENDOR.15.4.0.11.00.00.1088.811\
                                                                                                    Remote Branch           : NONE\
                                                                                                    Reconstruct Branch      : NOTHING\
2026-01-30 18:26:52.982 22781-22829 AdrenoVK-0              com.ashhas.gamewatch                 I  Build Config            : S P 18.0.0 AArch64\
2026-01-30 18:26:52.982 22781-22829 AdrenoVK-0              com.ashhas.gamewatch                 I  Driver Path             : /vendor/lib64/hw/vulkan.adreno.so\
2026-01-30 18:26:52.982 22781-22829 AdrenoVK-0              com.ashhas.gamewatch                 I  Driver Version          : 0800.60\
2026-01-30 18:26:52.982 22781-22829 AdrenoVK-0              com.ashhas.gamewatch                 I  PFP                     : 0x01500077\
2026-01-30 18:26:52.982 22781-22829 AdrenoVK-0              com.ashhas.gamewatch                 I  ME                      : 0x01500014\
2026-01-30 18:26:52.982 22781-22829 AdrenoVK-0              com.ashhas.gamewatch                 I  Application Name    : android framework\
                                                                                                    Process Name        : com.ashhas.gamewatch\
                                                                                                    Application Version : 0x00000000\
                                                                                                    Engine Name         : android framework\
                                                                                                    Engine Version      : 0x00000000\
                                                                                                    Api Version         : 0x00401000\
2026-01-30 18:26:52.983 14103-4838  PhenotypeResourceReader com.google.android.gms.persistent    I  unable to find any Phenotype resource metadata for com.ashhas.gamewatch\
2026-01-30 18:26:52.984 22781-22829 ExtensionsLoader        com.ashhas.gamewatch                 D  createInstance(64bit) : createExtendedFactory\
2026-01-30 18:26:52.986 22781-22829 ExtensionsLoader        com.ashhas.gamewatch                 D  Opened libeglextimpl.so\
2026-01-30 18:26:52.986 22781-22829 PreCache                com.ashhas.gamewatch                 D  [IPreCacheRus]loadRUSConfigs#102 failed to transact: -22 prc:com.ashhas.gamewatch\
2026-01-30 18:26:52.989 22781-22833 colorx                  com.ashhas.gamewatch                 D  I can't find colorx layer , let's enumerate colorx layers first.\
2026-01-30 18:26:52.989 22781-22833 Adreno-UNKNOWN          com.ashhas.gamewatch                 I  Using previously loaded IMapper library.\
2026-01-30 18:26:52.990 22781-22841 shhas.gamewatch         com.ashhas.gamewatch                 E  No package ID 6a found for resource ID 0x6a0b0013.\
2026-01-30 18:26:52.990 22781-22781 DesktopModeFlags        com.ashhas.gamewatch                 D  Toggle override initialized to: OVERRIDE_UNSET\
2026-01-30 18:26:52.990 22781-22841 FA                      com.ashhas.gamewatch                 I  App measurement initialized, version: 148008\
2026-01-30 18:26:52.990 22781-22841 FA                      com.ashhas.gamewatch                 I  To enable debug logging run: adb shell setprop log.tag.FA VERBOSE\
2026-01-30 18:26:52.990 22781-22841 FA                      com.ashhas.gamewatch                 I  To enable faster debug mode event logging run:\
                                                                                                      adb shell setprop debug.firebase.analytics.app com.ashhas.gamewatch\
2026-01-30 18:26:52.991 22781-22833 Adreno-UNKNOWN          com.ashhas.gamewatch                 I  Using previously loaded IMapper library.\
2026-01-30 18:26:52.992 22781-22833 AdrenoVK-0              com.ashhas.gamewatch                 I  QUALCOMM build          : 4e0c77737e, Ie77accac30\
                                                                                                    Build Date              : 10/24/25\
                                                                                                    Shader Compiler Version : E031.47.18.44\
                                                                                                    Local Branch            : \
                                                                                                    Remote Branch           : refs/tags/AU_LINUX_ANDROID_LA.VENDOR.15.4.0.11.00.00.1088.811\
                                                                                                    Remote Branch           : NONE\
                                                                                                    Reconstruct Branch      : NOTHING\
2026-01-30 18:26:52.992 22781-22833 AdrenoVK-0              com.ashhas.gamewatch                 I  Build Config            : S P 18.0.0 AArch64\
2026-01-30 18:26:52.992 22781-22833 AdrenoVK-0              com.ashhas.gamewatch                 I  Driver Path             : /vendor/lib64/hw/vulkan.adreno.so\
2026-01-30 18:26:52.992 22781-22833 AdrenoVK-0              com.ashhas.gamewatch                 I  Driver Version          : 0800.60\
2026-01-30 18:26:52.992 22781-22833 AdrenoVK-0              com.ashhas.gamewatch                 I  PFP                     : 0x01500077\
2026-01-30 18:26:52.992 22781-22833 AdrenoVK-0              com.ashhas.gamewatch                 I  ME                      : 0x01500014\
2026-01-30 18:26:52.992 22781-22833 AdrenoVK-0              com.ashhas.gamewatch                 I  Application Name    : Impeller\
                                                                                                    Process Name        : com.ashhas.gamewatch\
                                                                                                    Application Version : 0x00800000\
                                                                                                    Engine Name         : Impeller\
                                                                                                    Engine Version      : 0x00400000\
                                                                                                    Api Version         : 0x00401000\
2026-01-30 18:26:52.995 22781-22833 flutter                 com.ashhas.gamewatch                 I  [IMPORTANT:flutter/shell/platform/android/android_context_vk_impeller.cc(62)] Using the Impeller rendering backend (Vulkan).\
2026-01-30 18:26:53.003 22781-22781 oplus.andr...actoryImpl com.ashhas.gamewatch                 I  Unknow feature:IOplusTextViewRTLUtilForUG\
2026-01-30 18:26:53.004 22781-22781 OplusInputMethodUtil    com.ashhas.gamewatch                 D  init sDebug to false, init sDebugIme to false, init sAlwaysOn to false\
2026-01-30 18:26:53.005 22781-22781 OplusInputMethodUtil    com.ashhas.gamewatch                 D  updateDebugToClass InputMethodManager.DEBUG = false\
2026-01-30 18:26:53.005 22781-22781 OplusInputMethodUtil    com.ashhas.gamewatch                 D  updateDebugToClass ImeFocusController.DEBUG = false\
2026-01-30 18:26:53.005 22781-22781 OplusInputMethodUtil    com.ashhas.gamewatch                 D  updateDebugToClass OnBackInvokedDispatcher.DEBUG = false\
2026-01-30 18:26:53.005 22781-22781 OplusInputMethodUtil    com.ashhas.gamewatch                 D  updateDebugToClass InsetsController.DEBUG = false\
2026-01-30 18:26:53.005 22781-22781 OplusInputMethodUtil    com.ashhas.gamewatch                 D  updateDebugToClass BaseInputConnection.DEBUG = false\
2026-01-30 18:26:53.008 22781-22781 CompatChangeReporter    com.ashhas.gamewatch                 D  Compat change id reported: 377864165; UID 10449; state: ENABLED\
2026-01-30 18:26:53.009 22781-22781 ActivityThread          com.ashhas.gamewatch                 D  ComponentInfo\{com.ashhas.gamewatch/com.ashhas.gamewatch.MainActivity\} checkFinished=false 2\
2026-01-30 18:26:53.009 22781-22781 ResourcesManagerExtImpl com.ashhas.gamewatch                 D  applyConfigurationToAppResourcesLocked app.getDisplayId() return callback.displayId:0\
2026-01-30 18:26:53.009 22781-22781 AutofillCl...Controller com.ashhas.gamewatch                 V  onActivityResumed()\
2026-01-30 18:26:53.009 22781-22781 AutofillCl...Controller com.ashhas.gamewatch                 V  onActivityPostResumed()\
2026-01-30 18:26:53.009 22781-22781 AutofillCl...Controller com.ashhas.gamewatch                 V  onActivityPostResumed(): Relayout fix enabled\
2026-01-30 18:26:53.009 22781-22781 AutofillCl...Controller com.ashhas.gamewatch                 V  forResume(): Not attempting refill.\
2026-01-30 18:26:53.009 22781-22821 SessionLifecycleClient  com.ashhas.gamewatch                 D  Queued message 1. Queue size 1\
2026-01-30 18:26:53.009 22781-22841 FA                      com.ashhas.gamewatch                 I  Tag Manager is not found and thus will not be used\
2026-01-30 18:26:53.012 22781-22781 WindowManager           com.ashhas.gamewatch                 D  Add to mViews: com.android.internal.policy.DecorView\{8b49a07 I.E...... R.....ID 0,0-0,0 alpha=1.0 viewInfo = \}[MainActivity],pkg= com.ashhas.gamewatch\
2026-01-30 18:26:53.012 22781-22829 ExtensionsLoader        com.ashhas.gamewatch                 D  createInstance(64bit) : createExtendedFactory\
2026-01-30 18:26:53.013 22781-22829 ExtensionsLoader        com.ashhas.gamewatch                 D  Opened libhwuiextimpl.so\
2026-01-30 18:26:53.013 22781-22829 skia                    com.ashhas.gamewatch                 D  setRusSupported enable 1\
2026-01-30 18:26:53.015  3561-6394  WindowManager           system_server                        I  addWindow: New client android.os.BinderProxy@8ea3079 : window=Window\{d11b1be u0 com.ashhas.gamewatch/com.ashhas.gamewatch.MainActivity\}\
2026-01-30 18:26:53.016 22781-22781 ViewRootImplExtImpl     com.ashhas.gamewatch                 D  onDisplayChanged -1 for VRI android.view.ViewRootImpl@bd37715\
2026-01-30 18:26:53.017 22781-22781 ResourcesManagerExtImpl com.ashhas.gamewatch                 D  applyConfigurationToAppResourcesLocked app.getDisplayId() return callback.displayId:0\
2026-01-30 18:26:53.018 22781-22781 SessionLifecycleService com.ashhas.gamewatch                 D  Service created on process 22781\
2026-01-30 18:26:53.018 22781-22781 SessionLifecycleService com.ashhas.gamewatch                 D  Service bound to new client on process 22781\
2026-01-30 18:26:53.018 22781-22866 SessionLifecycleService com.ashhas.gamewatch                 D  App has not yet foregrounded. Using previously stored session.\
2026-01-30 18:26:53.018 22781-22866 SessionLifecycleService com.ashhas.gamewatch                 D  Client android.os.Messenger@3c0def6 bound at 461458894. Clients: 1\
2026-01-30 18:26:53.019 22781-22781 LicenseClient           com.ashhas.gamewatch                 D  Connecting to the licensing service...\
2026-01-30 18:26:53.020 22781-22781 OplusBracketLog         com.ashhas.gamewatch                 E  [OplusViewMirrorManager] updateHostViewRootIfNeeded, not support android.view.ViewRootImpl@bd37715\
2026-01-30 18:26:53.021 22781-22781 WindowExtensionsImpl    com.ashhas.gamewatch                 I  Initializing Window Extensions, vendor API level=9, activity embedding enabled=true\
2026-01-30 18:26:53.023 22781-22781 SurfaceView             com.ashhas.gamewatch                 I  13402136 onAttachedToWindow\
2026-01-30 18:26:53.023 22781-22781 OplusPredi...Controller com.ashhas.gamewatch                 D  should not HookOnBackInvokedCallbackEnabled for application com.ashhas.gamewatch.MainActivity@ee4c287 sdk: 36\
2026-01-30 18:26:53.023 22781-22781 WindowOnBackDispatcher  com.ashhas.gamewatch                 D   predictive settings is disabled for com.ashhas.gamewatch\
2026-01-30 18:26:53.023 22781-22781 OplusPredi...Controller com.ashhas.gamewatch                 D  should not HookOnBackInvokedCallbackEnabled for application com.ashhas.gamewatch.MainActivity@ee4c287 sdk: 36\
2026-01-30 18:26:53.023 22781-22781 WindowOnBackDispatcher  com.ashhas.gamewatch                 D   predictive settings is disabled for com.ashhas.gamewatch\
2026-01-30 18:26:53.023  3561-6811  CoreBackPreview         system_server                        D  Window\{d11b1be u0 com.ashhas.gamewatch/com.ashhas.gamewatch.MainActivity\}: Setting back callback OnBackInvokedCallbackInfo\{mCallback=android.window.IOnBackInvokedCallback$Stub$Proxy@9403a96, mPriority=0, mIsAnimationCallback=false, mOverrideBehavior=0\}\
2026-01-30 18:26:53.023 22781-22781 ViewRootImplExtImpl     com.ashhas.gamewatch                 D  wrapConfigInfoIntoFlags rotation=0, smallestScreenWidthDp=0, residentWS=false, scenario=0, bounds=Rect(0, 0 - 1272, 2800), relayoutAsync=false, flags=0, newFlags=1468006400, title=com.ashhas.gamewatch/com.ashhas.gamewatch.MainActivity\
2026-01-30 18:26:53.023  3561-6811  WindowManager           system_server                        V  Relayout Window\{d11b1be u0 com.ashhas.gamewatch/com.ashhas.gamewatch.MainActivity\}: viewVisibility=0, oldvis=4, req=1272x2800 , apr = 0, vsysui=LAYOUT_STABLE LAYOUT_FULLSCREEN, x=0, y=0\
2026-01-30 18:26:53.024  3561-6811  WindowManager           system_server                        I  Window\{d11b1be u0 com.ashhas.gamewatch/com.ashhas.gamewatch.MainActivity\} state from NO_SURFACE to DRAW_PENDING; reason: resetDrawState\
2026-01-30 18:26:53.025  3561-6811  WindowManager           system_server                        D  NFW_findFocusedWindowIfNeeded:Window\{d11b1be u0 com.ashhas.gamewatch/com.ashhas.gamewatch.MainActivity\} mCurrentFocus:null\
2026-01-30 18:26:53.025  3561-6811  WindowManager           system_server                        V  Changing focus from null to Window\{d11b1be u0 com.ashhas.gamewatch/com.ashhas.gamewatch.MainActivity\},diplayid=0\
2026-01-30 18:26:53.026 22781-22781 VRI[MainActivity]       com.ashhas.gamewatch                 D  relayoutWindow result, sizeChanged:true, surfaceControlChanged:true, transformHintChanged:false, mSurfaceSize:Point(1272, 2800), mLastSurfaceSize:Point(0, 0), mWidth:-1, mHeight:-1, requestedWidth:1272, requestedHeight:2800, transformHint:0, installOrientation:0, displayRotation:0, isSurfaceValid:true, attr.flag:-2122252032, tmpFrames:ClientWindowFrames\{frame=[0,0][1272,2800] display=[0,0][1272,2800] parentFrame=[0,0][0,0]\}, relayoutAsync:false, mSyncSeqId:0\
2026-01-30 18:26:53.027 22781-22781 VRI[MainActivity]       com.ashhas.gamewatch                 W  updateBlastSurfaceIfNeeded, surfaceSize:Point(1272, 2800), lastSurfaceSize:Point(0, 0), format:-3, blastBufferQueue:null\
2026-01-30 18:26:53.027  3561-3779  SurfaceComposerClient   system_server                        D  Transaction::apply InputWindowCommands.focusRequests timestamp=461458902664901, windowName=d11b1be com.ashhas.gamewatch/com.ashhas.gamewatch.MainActivity\
2026-01-30 18:26:53.027 22781-22781 BufferQueueConsumer     com.ashhas.gamewatch                 D  [](id:58fd00000000,api:0,p:-1,c:22781) connect: controlledByApp=false\
2026-01-30 18:26:53.027 22781-22781 BufferQueueConsumer     com.ashhas.gamewatch                 D  [VRI[MainActivity]#0(BLAST Consumer)0](id:58fd00000000,api:0,p:-1,c:22781) setMaxAcquiredBufferCount: 2\
2026-01-30 18:26:53.027 22781-22829 BufferQueueProducer     com.ashhas.gamewatch                 D  [VRI[MainActivity]#0(BLAST Consumer)0](id:58fd00000000,api:1,p:22781,c:22781) connect: api=1 producerControlledByApp=true\
2026-01-30 18:26:53.028  2437-2606  SurfaceFlinger          surfaceflinger                       I  [SF client] NEW(0xb400006f20a2b9d0) for (22781:com.ashhas.gamewatch)\
2026-01-30 18:26:53.029 22781-22781 SurfaceView             com.ashhas.gamewatch                 D  13402136, SurfaceView[com.ashhas.gamewatch/com.ashhas.gamewatch.MainActivity], layerid: 90753 createBlastSurfaceControls\
2026-01-30 18:26:53.029 22781-22781 BufferQueueConsumer     com.ashhas.gamewatch                 D  [](id:58fd00000001,api:0,p:-1,c:22781) connect: controlledByApp=false\
2026-01-30 18:26:53.029 22781-22781 BufferQueueConsumer     com.ashhas.gamewatch                 D  [cc8018 SurfaceView[com.ashhas.gamewatch/com.ashhas.gamewatch.MainActivity]#1(BLAST Consumer)1](id:58fd00000001,api:0,p:-1,c:22781) setMaxAcquiredBufferCount: 2\
2026-01-30 18:26:53.030 22781-22781 SurfaceView             com.ashhas.gamewatch                 I  13402136 visibleChanged -- surfaceCreated \
2026-01-30 18:26:53.030 22781-22833 BufferQueueProducer     com.ashhas.gamewatch                 D  [cc8018 SurfaceView[com.ashhas.gamewatch/com.ashhas.gamewatch.MainActivity]#1(BLAST Consumer)1](id:58fd00000001,api:1,p:22781,c:22781) connect: api=1 producerControlledByApp=true\
2026-01-30 18:26:53.030 22781-22833 Surface                 com.ashhas.gamewatch                 D  Surface::dispatchSetGameApi\
2026-01-30 18:26:53.030 22781-22833 Surface                 com.ashhas.gamewatch                 D  dispatchSetGameApi pid[22781] tid[22833] GameApi[1]\
2026-01-30 18:26:53.030 22781-22833 Surface                 com.ashhas.gamewatch                 D  dispatchSetGameApi res:0\
2026-01-30 18:26:53.030 22781-22833 vulkan                  com.ashhas.gamewatch                 D  set game api vulkan successfully\
2026-01-30 18:26:53.030 22781-22833 BLASTBufferQueue        com.ashhas.gamewatch                 D  cc8018 SurfaceView[com.ashhas.gamewatch/com.ashhas.gamewatch.MainActivity]#1 getBufferCacheFlag 0\
2026-01-30 18:26:53.030 22781-22833 BLASTBufferQueue        com.ashhas.gamewatch                 D  cc8018 SurfaceView[com.ashhas.gamewatch/com.ashhas.gamewatch.MainActivity]#1 getMaxAcquireBufferCount 2\
2026-01-30 18:26:53.030 22781-22833 BLASTBufferQueue        com.ashhas.gamewatch                 D  cc8018 SurfaceView[com.ashhas.gamewatch/com.ashhas.gamewatch.MainActivity]#1 getOrignalMaxAcquireBufferCount 3\
2026-01-30 18:26:53.030 22781-22833 BLASTBufferQueue        com.ashhas.gamewatch                 D  cc8018 SurfaceView[com.ashhas.gamewatch/com.ashhas.gamewatch.MainActivity]#1 setMaxAcquireBufferCount 3\
2026-01-30 18:26:53.030 22781-22833 BufferQueueConsumer     com.ashhas.gamewatch                 D  [cc8018 SurfaceView[com.ashhas.gamewatch/com.ashhas.gamewatch.MainActivity]#1(BLAST Consumer)1](id:58fd00000001,api:1,p:22781,c:22781) setMaxAcquiredBufferCount: 3\
2026-01-30 18:26:53.030 22781-22833 BLASTBufferQueue        com.ashhas.gamewatch                 D  cc8018 SurfaceView[com.ashhas.gamewatch/com.ashhas.gamewatch.MainActivity]#1 setBufferCacheFlag 1\
2026-01-30 18:26:53.031 22781-22833 BLASTBufferQueue        com.ashhas.gamewatch                 D  cc8018 SurfaceView[com.ashhas.gamewatch/com.ashhas.gamewatch.MainActivity]#1 getBufferCacheFlag 1\
2026-01-30 18:26:53.033 22781-22833 AdrenoUtils             com.ashhas.gamewatch                 I  <ReadGpuID:366>: Reading chip ID through GSL\
2026-01-30 18:26:53.036  2437-2922  SurfaceFlinger          surfaceflinger                       D  updateWinowInfo=1, setFocusedWindow timestamp=461458902664901, windowName=d11b1be com.ashhas.gamewatch/com.ashhas.gamewatch.MainActivity\
2026-01-30 18:26:53.036  3561-6394  InputDispatcher         system_server                        I  NFW_setFocusedWindow, d11b1be com.ashhas.gamewatch/com.ashhas.gamewatch.MainActivity on display 0, same as the previous:0\
2026-01-30 18:26:53.041  3561-6811  OplusStart...dowManager system_server                        D  updateRecordSurfaceViewState windowToken = android.os.BinderProxy@8ea3079, surfaceState = true, attachedToWindow = true, inList = false, win = Window\{d11b1be u0 com.ashhas.gamewatch/com.ashhas.gamewatch.MainActivity\}\
2026-01-30 18:26:53.041 22781-22781 SurfaceView             com.ashhas.gamewatch                 D  13402136 handleSyncNoBuffer\
2026-01-30 18:26:53.041 22781-22781 VRI[MainActivity]       com.ashhas.gamewatch                 W  performTraversals: cancelAndRedraw, mLastPerformTraversalsSkipDrawReasonpredraw_y2.e\
2026-01-30 18:26:53.043 22781-22781 SessionLifecycleClient  com.ashhas.gamewatch                 D  Connected to SessionLifecycleService. Queue size 1\
2026-01-30 18:26:53.043 22781-22781 LicenseClient           com.ashhas.gamewatch                 D  Connected to the licensing service.\
2026-01-30 18:26:53.043 22781-22813 SessionLifecycleClient  com.ashhas.gamewatch                 D  Sending lifecycle 1 to service\
2026-01-30 18:26:53.043 22781-22866 SessionLifecycleService com.ashhas.gamewatch                 D  Activity foregrounding at 461458919.\
2026-01-30 18:26:53.043 22781-22866 SessionLifecycleService com.ashhas.gamewatch                 D  Cold start detected.\
2026-01-30 18:26:53.043 22781-22781 VRI[MainActivity]       com.ashhas.gamewatch                 W  performTraversals: cancelAndRedraw, mLastPerformTraversalsSkipDrawReasonpredraw_y2.e\
2026-01-30 18:26:53.043 22781-22871 LicenseClient           com.ashhas.gamewatch                 D  Sending request to license reporting service...\
2026-01-30 18:26:53.043 22781-22781 VRI[MainActivity]       com.ashhas.gamewatch                 W  handleResized, msg:, frameChanged:false, configChanged:false, displayChanged:false, attachedFrameChanged:false, compatScaleChanged:false, pendingDragResizing=false\
2026-01-30 18:26:53.043 22781-22866 SessionLifecycleService com.ashhas.gamewatch                 D  Generated new session.\
2026-01-30 18:26:53.043 22781-22866 SessionLifecycleService com.ashhas.gamewatch                 D  Broadcasting new session\
2026-01-30 18:26:53.044 22781-22781 DynamicFra...igManager] com.ashhas.gamewatch                 I  initFrameRateConfig: \
                                                                                                    	levelsFor120hz: [120, 60]\
                                                                                                    	thresholdsFor120hz: [200]\
                                                                                                    	levelsFor90hz: [90]\
                                                                                                    	thresholdsFor90hz: []\
2026-01-30 18:26:53.044 22781-22781 DynamicFra...igManager] com.ashhas.gamewatch                 I  FRTCConfigManager: FRTC_CAPABILITY = 120, package name = com.ashhas.gamewatch, WINDOW_ANIMATION_SPEED_RATE = 10, SCROLL_ANIMATION_SPEED_RATE = 20, PACKAGE_ENABLE = true\
2026-01-30 18:26:53.044 22781-22781 DynamicFra...ontroller] com.ashhas.gamewatch                 I  init info: mPackageName = com.ashhas.gamewatch, mIsEnabled = true\
2026-01-30 18:26:53.044 22781-22813 SessionFirelogPublisher com.ashhas.gamewatch                 D  Data Collection is enabled for at least one Subscriber\
2026-01-30 18:26:53.046 22781-22781 WindowLayo...ponentImpl com.ashhas.gamewatch                 D  app addWindowLayoutInfoListener activity:com.ashhas.gamewatch.MainActivity@ee4c287 consumer :j0.f@8b0f465\
2026-01-30 18:26:53.046 22781-22781 WindowLayo...ponentImpl com.ashhas.gamewatch                 D  Register WindowLayoutInfoListener on Context=com.ashhas.gamewatch.MainActivity@ee4c287, of which baseContext=android.app.ContextImpl@95f15eb\
2026-01-30 18:26:53.047 22781-22781 VRI[MainActivity]       com.ashhas.gamewatch                 W  performTraversals: cancelAndRedraw, mLastPerformTraversalsSkipDrawReasonpredraw_y2.e\
2026-01-30 18:26:53.047 22781-22781 SessionLifecycleClient  com.ashhas.gamewatch                 D  Session update received.\
2026-01-30 18:26:53.047 22781-22813 SessionLifecycleClient  com.ashhas.gamewatch                 D  Notified CRASHLYTICS of new session 243ae44c284e425eabf63fa6df5e6f26\
2026-01-30 18:26:53.047 22781-22821 EventGDTLogger          com.ashhas.gamewatch                 D  Session Event Type: SESSION_START\
2026-01-30 18:26:53.047 22781-22821 SessionFirelogPublisher com.ashhas.gamewatch                 D  Successfully logged Session Start event.\
2026-01-30 18:26:53.048 22781-22871 LicenseClient           com.ashhas.gamewatch                 D  Request to licensing reporting service sent.\
2026-01-30 18:26:53.053 22781-22781 VRI[MainActivity]       com.ashhas.gamewatch                 W  performTraversals: cancelAndRedraw, mLastPerformTraversalsSkipDrawReasonpredraw_y2.e\
2026-01-30 18:26:53.054 13680-22874 AdvertisingIdSettings   com.google.android.gms               W  Package com.ashhas.gamewatch failed Ad Id permission check. Apps that target Android SDK 33 or higher should declare com.google.android.gms.permission.AD_ID in the app manifest to access Ad Id.\
2026-01-30 18:26:53.061 22781-22781 VRI[MainActivity]       com.ashhas.gamewatch                 W  performTraversals: cancelAndRedraw, mLastPerformTraversalsSkipDrawReasonpredraw_y2.e\
2026-01-30 18:26:53.071 22781-22781 VRI[MainActivity]       com.ashhas.gamewatch                 W  performTraversals: cancelAndRedraw, mLastPerformTraversalsSkipDrawReasonpredraw_y2.e\
2026-01-30 18:26:53.080 22781-22781 VRI[MainActivity]       com.ashhas.gamewatch                 W  performTraversals: cancelAndRedraw, mLastPerformTraversalsSkipDrawReasonpredraw_y2.e\
2026-01-30 18:26:53.086 22781-22781 VRI[MainActivity]       com.ashhas.gamewatch                 W  performTraversals: cancelAndRedraw, mLastPerformTraversalsSkipDrawReasonpredraw_y2.e\
2026-01-30 18:26:53.094 22781-22781 VRI[MainActivity]       com.ashhas.gamewatch                 W  performTraversals: cancelAndRedraw, mLastPerformTraversalsSkipDrawReasonpredraw_y2.e\
2026-01-30 18:26:53.102 22781-22781 VRI[MainActivity]       com.ashhas.gamewatch                 W  performTraversals: cancelAndRedraw, mLastPerformTraversalsSkipDrawReasonpredraw_y2.e\
2026-01-30 18:26:53.111 22781-22781 VRI[MainActivity]       com.ashhas.gamewatch                 W  performTraversals: cancelAndRedraw, mLastPerformTraversalsSkipDrawReasonpredraw_y2.e\
2026-01-30 18:26:53.119 22781-22781 VRI[MainActivity]       com.ashhas.gamewatch                 W  performTraversals: cancelAndRedraw, mLastPerformTraversalsSkipDrawReasonpredraw_y2.e\
2026-01-30 18:26:53.127 22781-22781 VRI[MainActivity]       com.ashhas.gamewatch                 W  performTraversals: cancelAndRedraw, mLastPerformTraversalsSkipDrawReasonpredraw_y2.e\
2026-01-30 18:26:53.136 22781-22781 VRI[MainActivity]       com.ashhas.gamewatch                 W  performTraversals: cancelAndRedraw, mLastPerformTraversalsSkipDrawReasonpredraw_y2.e\
2026-01-30 18:26:53.144 22781-22781 VRI[MainActivity]       com.ashhas.gamewatch                 W  performTraversals: cancelAndRedraw, mLastPerformTraversalsSkipDrawReasonpredraw_y2.e\
2026-01-30 18:26:53.152 22781-22781 VRI[MainActivity]       com.ashhas.gamewatch                 W  performTraversals: cancelAndRedraw, mLastPerformTraversalsSkipDrawReasonpredraw_y2.e\
2026-01-30 18:26:53.160 22781-22781 VRI[MainActivity]       com.ashhas.gamewatch                 W  performTraversals: cancelAndRedraw, mLastPerformTraversalsSkipDrawReasonpredraw_y2.e\
2026-01-30 18:26:53.169 22781-22781 VRI[MainActivity]       com.ashhas.gamewatch                 W  performTraversals: cancelAndRedraw, mLastPerformTraversalsSkipDrawReasonpredraw_y2.e\
2026-01-30 18:26:53.177 22781-22781 VRI[MainActivity]       com.ashhas.gamewatch                 W  performTraversals: cancelAndRedraw, mLastPerformTraversalsSkipDrawReasonpredraw_y2.e\
2026-01-30 18:26:53.185 22781-22781 VRI[MainActivity]       com.ashhas.gamewatch                 W  performTraversals: cancelAndRedraw, mLastPerformTraversalsSkipDrawReasonpredraw_y2.e\
2026-01-30 18:26:53.194 22781-22781 VRI[MainActivity]       com.ashhas.gamewatch                 W  performTraversals: cancelAndRedraw, mLastPerformTraversalsSkipDrawReasonpredraw_y2.e\
2026-01-30 18:26:53.202 22781-22781 VRI[MainActivity]       com.ashhas.gamewatch                 W  performTraversals: cancelAndRedraw, mLastPerformTraversalsSkipDrawReasonpredraw_y2.e\
2026-01-30 18:26:53.210 22781-22781 VRI[MainActivity]       com.ashhas.gamewatch                 W  performTraversals: cancelAndRedraw, mLastPerformTraversalsSkipDrawReasonpredraw_y2.e\
2026-01-30 18:26:53.219 22781-22781 VRI[MainActivity]       com.ashhas.gamewatch                 W  performTraversals: cancelAndRedraw, mLastPerformTraversalsSkipDrawReasonpredraw_y2.e\
2026-01-30 18:26:53.227 22781-22781 VRI[MainActivity]       com.ashhas.gamewatch                 W  performTraversals: cancelAndRedraw, mLastPerformTraversalsSkipDrawReasonpredraw_y2.e\
2026-01-30 18:26:53.235 22781-22781 VRI[MainActivity]       com.ashhas.gamewatch                 W  performTraversals: cancelAndRedraw, mLastPerformTraversalsSkipDrawReasonpredraw_y2.e\
2026-01-30 18:26:53.243 22781-22781 VRI[MainActivity]       com.ashhas.gamewatch                 W  performTraversals: cancelAndRedraw, mLastPerformTraversalsSkipDrawReasonpredraw_y2.e\
2026-01-30 18:26:53.252 22781-22781 VRI[MainActivity]       com.ashhas.gamewatch                 W  performTraversals: cancelAndRedraw, mLastPerformTraversalsSkipDrawReasonpredraw_y2.e\
2026-01-30 18:26:53.260 22781-22781 VRI[MainActivity]       com.ashhas.gamewatch                 W  performTraversals: cancelAndRedraw, mLastPerformTraversalsSkipDrawReasonpredraw_y2.e\
2026-01-30 18:26:53.268 22781-22781 VRI[MainActivity]       com.ashhas.gamewatch                 W  performTraversals: cancelAndRedraw, mLastPerformTraversalsSkipDrawReasonpredraw_y2.e\
2026-01-30 18:26:53.276 22781-22781 VRI[MainActivity]       com.ashhas.gamewatch                 W  performTraversals: cancelAndRedraw, mLastPerformTraversalsSkipDrawReasonpredraw_y2.e\
2026-01-30 18:26:53.285 22781-22781 VRI[MainActivity]       com.ashhas.gamewatch                 W  performTraversals: cancelAndRedraw, mLastPerformTraversalsSkipDrawReasonpredraw_y2.e\
2026-01-30 18:26:53.293 22781-22781 VRI[MainActivity]       com.ashhas.gamewatch                 W  performTraversals: cancelAndRedraw, mLastPerformTraversalsSkipDrawReasonpredraw_y2.e\
2026-01-30 18:26:53.301 22781-22781 VRI[MainActivity]       com.ashhas.gamewatch                 W  performTraversals: cancelAndRedraw, mLastPerformTraversalsSkipDrawReasonpredraw_y2.e\
2026-01-30 18:26:53.310 22781-22781 VRI[MainActivity]       com.ashhas.gamewatch                 W  performTraversals: cancelAndRedraw, mLastPerformTraversalsSkipDrawReasonpredraw_y2.e\
2026-01-30 18:26:53.318 22781-22781 VRI[MainActivity]       com.ashhas.gamewatch                 W  performTraversals: cancelAndRedraw, mLastPerformTraversalsSkipDrawReasonpredraw_y2.e\
2026-01-30 18:26:53.326 22781-22781 VRI[MainActivity]       com.ashhas.gamewatch                 W  performTraversals: cancelAndRedraw, mLastPerformTraversalsSkipDrawReasonpredraw_y2.e\
2026-01-30 18:26:53.334 22781-22781 VRI[MainActivity]       com.ashhas.gamewatch                 W  performTraversals: cancelAndRedraw, mLastPerformTraversalsSkipDrawReasonpredraw_y2.e\
2026-01-30 18:26:53.343 22781-22781 VRI[MainActivity]       com.ashhas.gamewatch                 W  performTraversals: cancelAndRedraw, mLastPerformTraversalsSkipDrawReasonpredraw_y2.e\
2026-01-30 18:26:53.351 22781-22781 VRI[MainActivity]       com.ashhas.gamewatch                 W  performTraversals: cancelAndRedraw, mLastPerformTraversalsSkipDrawReasonpredraw_y2.e\
2026-01-30 18:26:53.359 22781-22781 VRI[MainActivity]       com.ashhas.gamewatch                 W  performTraversals: cancelAndRedraw, mLastPerformTraversalsSkipDrawReasonpredraw_y2.e\
2026-01-30 18:26:53.367 22781-22781 VRI[MainActivity]       com.ashhas.gamewatch                 W  performTraversals: cancelAndRedraw, mLastPerformTraversalsSkipDrawReasonpredraw_y2.e\
2026-01-30 18:26:53.376 22781-22781 VRI[MainActivity]       com.ashhas.gamewatch                 W  performTraversals: cancelAndRedraw, mLastPerformTraversalsSkipDrawReasonpredraw_y2.e\
2026-01-30 18:26:53.384 22781-22781 VRI[MainActivity]       com.ashhas.gamewatch                 W  performTraversals: cancelAndRedraw, mLastPerformTraversalsSkipDrawReasonpredraw_y2.e\
2026-01-30 18:26:53.392 22781-22781 VRI[MainActivity]       com.ashhas.gamewatch                 W  performTraversals: cancelAndRedraw, mLastPerformTraversalsSkipDrawReasonpredraw_y2.e\
2026-01-30 18:26:53.401 22781-22781 VRI[MainActivity]       com.ashhas.gamewatch                 W  performTraversals: cancelAndRedraw, mLastPerformTraversalsSkipDrawReasonpredraw_y2.e\
2026-01-30 18:26:53.409 22781-22781 VRI[MainActivity]       com.ashhas.gamewatch                 W  performTraversals: cancelAndRedraw, mLastPerformTraversalsSkipDrawReasonpredraw_y2.e\
2026-01-30 18:26:53.417 22781-22781 VRI[MainActivity]       com.ashhas.gamewatch                 W  performTraversals: cancelAndRedraw, mLastPerformTraversalsSkipDrawReasonpredraw_y2.e\
2026-01-30 18:26:53.425 22781-22781 VRI[MainActivity]       com.ashhas.gamewatch                 W  performTraversals: cancelAndRedraw, mLastPerformTraversalsSkipDrawReasonpredraw_y2.e\
2026-01-30 18:26:53.434 22781-22781 VRI[MainActivity]       com.ashhas.gamewatch                 D   debugCancelDraw some OnPreDrawListener onPreDraw return false,cancelDraw=true,count=50,android.view.ViewRootImpl@bd37715\
2026-01-30 18:26:53.434 22781-22781 VRI[MainActivity]       com.ashhas.gamewatch                 W  performTraversals: cancelAndRedraw, mLastPerformTraversalsSkipDrawReasonpredraw_y2.e\
2026-01-30 18:26:53.442 22781-22781 VRI[MainActivity]       com.ashhas.gamewatch                 W  performTraversals: cancelAndRedraw, mLastPerformTraversalsSkipDrawReasonpredraw_y2.e\
2026-01-30 18:26:53.450 22781-22781 VRI[MainActivity]       com.ashhas.gamewatch                 W  performTraversals: cancelAndRedraw, mLastPerformTraversalsSkipDrawReasonpredraw_y2.e\
2026-01-30 18:26:53.459 22781-22781 VRI[MainActivity]       com.ashhas.gamewatch                 W  performTraversals: cancelAndRedraw, mLastPerformTraversalsSkipDrawReasonpredraw_y2.e\
2026-01-30 18:26:53.467 22781-22781 VRI[MainActivity]       com.ashhas.gamewatch                 W  performTraversals: cancelAndRedraw, mLastPerformTraversalsSkipDrawReasonpredraw_y2.e\
2026-01-30 18:26:53.475 22781-22781 VRI[MainActivity]       com.ashhas.gamewatch                 W  performTraversals: cancelAndRedraw, mLastPerformTraversalsSkipDrawReasonpredraw_y2.e\
2026-01-30 18:26:53.483 22781-22781 VRI[MainActivity]       com.ashhas.gamewatch                 W  performTraversals: cancelAndRedraw, mLastPerformTraversalsSkipDrawReasonpredraw_y2.e\
2026-01-30 18:26:53.492 22781-22781 VRI[MainActivity]       com.ashhas.gamewatch                 W  performTraversals: cancelAndRedraw, mLastPerformTraversalsSkipDrawReasonpredraw_y2.e\
2026-01-30 18:26:53.500 22781-22781 VRI[MainActivity]       com.ashhas.gamewatch                 W  performTraversals: cancelAndRedraw, mLastPerformTraversalsSkipDrawReasonpredraw_y2.e\
2026-01-30 18:26:53.504  3561-6386  Transition              system_server                        D  finishTransition ar ActivityRecord\{11978677 u0 com.ashhas.gamewatch/.MainActivity t2243\}, isVisibleRequested=true, state=RESUMED, visibleAtTransitionEndTokens=\{ActivityRecord\{11978677 u0 com.ashhas.gamewatch/.MainActivity t2243\}\}, this=TransitionRecord\{affb4cd id=7793 track=0 type=OPEN flags=0x0 state=2 c=[\
                                                                                                       ChangeInfo\{b84a182 container=ActivityRecord\{11978677 u0 com.ashhas.gamewatch/.MainActivity t2243\} flags=0x0\}\
                                                                                                       ChangeInfo\{d3a9093 container=ActivityRecord\{27361170 u0 com.android.vending/.AssetBrowserActivity t2211\} flags=0x0\}\
                                                                                                       ChangeInfo\{eae88d0 container=Display\{#0 state=ON size=1272x2800 ROTATION_0\} flags=0x0\}\
                                                                                                       ChangeInfo\{bb39511 container=Task\{64946d8 #2243 type=standard A=10449:com.ashhas.gamewatch\} flags=0x10\}\
                                                                                                       ChangeInfo\{edfd0c9 container=DefaultTaskDisplayArea@106044342 flags=0x0\}\
                                                                                                       ChangeInfo\{f07d676 container=Task\{9d402de #2211 type=standard A=10097:com.android.vending\} flags=0x10\}\
                                                                                                    ]\
                                                                                                    \}\
2026-01-30 18:26:53.504  3561-6386  Transition              system_server                        D  finishTransition ar ActivityRecord\{27361170 u0 com.android.vending/.AssetBrowserActivity t2211\}, isVisibleRequested=false, state=PAUSED, visibleAtTransitionEndTokens=\{ActivityRecord\{11978677 u0 com.ashhas.gamewatch/.MainActivity t2243\}\}, this=TransitionRecord\{affb4cd id=7793 track=0 type=OPEN flags=0x0 state=2 c=[\
                                                                                                       ChangeInfo\{b84a182 container=ActivityRecord\{11978677 u0 com.ashhas.gamewatch/.MainActivity t2243\} flags=0x0\}\
                                                                                                       ChangeInfo\{d3a9093 container=ActivityRecord\{27361170 u0 com.android.vending/.AssetBrowserActivity t2211\} flags=0x0\}\
                                                                                                       ChangeInfo\{eae88d0 container=Display\{#0 state=ON size=1272x2800 ROTATION_0\} flags=0x0\}\
                                                                                                       ChangeInfo\{bb39511 container=Task\{64946d8 #2243 type=standard A=10449:com.ashhas.gamewatch\} flags=0x10\}\
                                                                                                       ChangeInfo\{edfd0c9 container=DefaultTaskDisplayArea@106044342 flags=0x0\}\
                                                                                                       ChangeInfo\{f07d676 container=Task\{9d402de #2211 type=standard A=10097:com.android.vending\} flags=0x10\}\
                                                                                                    ]\
                                                                                                    \}\
2026-01-30 18:26:53.505  3561-6386  OplusAppSw...gerService system_server                        I   handleAppVisible , r = ActivityRecord\{11978677 u0 com.ashhas.gamewatch/.MainActivity t2243\}\
